Java HotSpot(TM) 64-Bit Server VM (25.181-b13) for bsd-amd64 JRE (1.8.0_181-b13), built on Jul  7 2018 01:02:31 by "java_re" with gcc 4.2.1 (Based on Apple Inc. build 5658) (LLVM build 2336.11.00)
Memory: 4k page, physical 33554432k(3081664k free)

/proc/meminfo:

CommandLine flags: -XX:InitialHeapSize=209715200 -XX:MaxHeapSize=209715200 -XX:MaxNewSize=104857600 -XX:MaxTenuringThreshold=15 -XX:NewSize=104857600 -XX:OldPLABSize=16 -XX:PretenureSizeThreshold=31457280 -XX:+PrintGC -XX:+PrintGCDetails -XX:+PrintGCTimeStamps -XX:SurvivorRatio=2 -XX:+UseCompressedClassPointers -XX:+UseCompressedOops -XX:+UseConcMarkSweepGC -XX:+UseParNewGC 
0.162: [GC (Allocation Failure) 0.162: [ParNew: 45075K->572K(76800K), 0.0012123 secs] 45075K->572K(179200K), 0.0013295 secs] [Times: user=0.01 sys=0.00, real=0.00 secs] 
1.173: [GC (Allocation Failure) 1.173: [ParNew: 43545K->639K(76800K), 0.0005375 secs] 43545K->639K(179200K), 0.0006081 secs] [Times: user=0.00 sys=0.00, real=0.00 secs] 
1.177: [GC (Allocation Failure) 1.178: [ParNew: 43528K->642K(76800K), 0.0004913 secs] 43528K->642K(179200K), 0.0005554 secs] [Times: user=0.01 sys=0.00, real=0.00 secs] 
2.186: [GC (Allocation Failure) 2.186: [ParNew: 44069K->1047K(76800K), 0.0012020 secs] 44069K->1047K(179200K), 0.0013306 secs] [Times: user=0.01 sys=0.01, real=0.00 secs] 
2.192: [GC (Allocation Failure) 2.192: [ParNew: 42949K->1087K(76800K), 0.0007589 secs] 42949K->1087K(179200K), 0.0008212 secs] [Times: user=0.01 sys=0.00, real=0.00 secs] 
3.202: [GC (Allocation Failure) 3.202: [ParNew: 43010K->1098K(76800K), 0.0013496 secs] 43010K->1098K(179200K), 0.0014908 secs] [Times: user=0.01 sys=0.00, real=0.01 secs] 
3.208: [GC (Allocation Failure) 3.208: [ParNew: 43035K->1127K(76800K), 0.0008486 secs] 43035K->1127K(179200K), 0.0009214 secs] [Times: user=0.00 sys=0.00, real=0.00 secs] 
4.218: [GC (Allocation Failure) 4.218: [ParNew: 43071K->1093K(76800K), 0.0011090 secs] 43071K->1093K(179200K), 0.0012158 secs] [Times: user=0.01 sys=0.00, real=0.00 secs] 
4.224: [GC (Allocation Failure) 4.224: [ParNew: 43043K->1095K(76800K), 0.0006639 secs] 43043K->1095K(179200K), 0.0007192 secs] [Times: user=0.01 sys=0.00, real=0.00 secs] 
5.232: [GC (Allocation Failure) 5.232: [ParNew: 43049K->1185K(76800K), 0.0013317 secs] 43049K->1185K(179200K), 0.0014839 secs] [Times: user=0.01 sys=0.00, real=0.01 secs] 
5.238: [GC (Allocation Failure) 5.238: [ParNew: 43141K->1071K(76800K), 0.0007067 secs] 43141K->1071K(179200K), 0.0007811 secs] [Times: user=0.01 sys=0.00, real=0.00 secs] 
6.245: [GC (Allocation Failure) 6.245: [ParNew: 43028K->1152K(76800K), 0.0016087 secs] 43028K->1152K(179200K), 0.0017053 secs] [Times: user=0.01 sys=0.00, real=0.00 secs] 
6.251: [GC (Allocation Failure) 6.251: [ParNew: 43110K->1168K(76800K), 0.0006763 secs] 43110K->1168K(179200K), 0.0007440 secs] [Times: user=0.00 sys=0.00, real=0.01 secs] 
7.259: [GC (Allocation Failure) 7.259: [ParNew: 43127K->1145K(76800K), 0.0006511 secs] 43127K->1145K(179200K), 0.0007191 secs] [Times: user=0.00 sys=0.00, real=0.00 secs] 
7.265: [GC (Allocation Failure) 7.265: [ParNew: 43104K->1150K(76800K), 0.0006665 secs] 43104K->1150K(179200K), 0.0007715 secs] [Times: user=0.00 sys=0.00, real=0.00 secs] 
8.276: [GC (Allocation Failure) 8.276: [ParNew: 43110K->1005K(76800K), 0.0051616 secs] 43110K->1515K(179200K), 0.0053513 secs] [Times: user=0.02 sys=0.00, real=0.00 secs] 
8.286: [GC (Allocation Failure) 8.286: [ParNew: 42965K->443K(76800K), 0.0005756 secs] 43474K->953K(179200K), 0.0006694 secs] [Times: user=0.00 sys=0.00, real=0.00 secs] 
9.295: [GC (Allocation Failure) 9.295: [ParNew: 42403K->481K(76800K), 0.0007152 secs] 42913K->991K(179200K), 0.0008043 secs] [Times: user=0.00 sys=0.00, real=0.00 secs] 
9.300: [GC (Allocation Failure) 9.300: [ParNew: 42440K->0K(76800K), 0.0018166 secs] 42950K->849K(179200K), 0.0018931 secs] [Times: user=0.00 sys=0.00, real=0.01 secs] 
10.309: [GC (Allocation Failure) 10.309: [ParNew: 41959K->0K(76800K), 0.0011310 secs] 42809K->849K(179200K), 0.0012439 secs] [Times: user=0.01 sys=0.00, real=0.00 secs] 
10.317: [GC (Allocation Failure) 10.317: [ParNew: 41959K->0K(76800K), 0.0004478 secs] 42809K->849K(179200K), 0.0005467 secs] [Times: user=0.01 sys=0.00, real=0.00 secs] 
11.327: [GC (Allocation Failure) 11.327: [ParNew: 41959K->0K(76800K), 0.0005628 secs] 42809K->849K(179200K), 0.0006473 secs] [Times: user=0.00 sys=0.00, real=0.00 secs] 
11.334: [GC (Allocation Failure) 11.334: [ParNew: 41959K->0K(76800K), 0.0005338 secs] 42809K->849K(179200K), 0.0005999 secs] [Times: user=0.00 sys=0.01, real=0.00 secs] 
12.342: [GC (Allocation Failure) 12.342: [ParNew: 41959K->0K(76800K), 0.0006122 secs] 42809K->849K(179200K), 0.0007090 secs] [Times: user=0.00 sys=0.00, real=0.00 secs] 
12.348: [GC (Allocation Failure) 12.348: [ParNew: 41959K->0K(76800K), 0.0004256 secs] 42809K->849K(179200K), 0.0004877 secs] [Times: user=0.00 sys=0.00, real=0.00 secs] 
13.357: [GC (Allocation Failure) 13.357: [ParNew: 41959K->0K(76800K), 0.0009469 secs] 42809K->849K(179200K), 0.0010745 secs] [Times: user=0.01 sys=0.00, real=0.00 secs] 
13.364: [GC (Allocation Failure) 13.364: [ParNew: 41959K->0K(76800K), 0.0004555 secs] 42809K->849K(179200K), 0.0005078 secs] [Times: user=0.00 sys=0.00, real=0.00 secs] 
14.371: [GC (Allocation Failure) 14.371: [ParNew: 41959K->0K(76800K), 0.0006282 secs] 42809K->849K(179200K), 0.0007304 secs] [Times: user=0.00 sys=0.00, real=0.00 secs] 
14.376: [GC (Allocation Failure) 14.376: [ParNew: 41959K->0K(76800K), 0.0004321 secs] 42809K->849K(179200K), 0.0004844 secs] [Times: user=0.00 sys=0.00, real=0.00 secs] 
15.384: [GC (Allocation Failure) 15.384: [ParNew: 41959K->0K(76800K), 0.0009771 secs] 42809K->849K(179200K), 0.0011159 secs] [Times: user=0.01 sys=0.00, real=0.00 secs] 
15.391: [GC (Allocation Failure) 15.391: [ParNew: 41959K->0K(76800K), 0.0004614 secs] 42809K->849K(179200K), 0.0005113 secs] [Times: user=0.00 sys=0.00, real=0.00 secs] 
16.400: [GC (Allocation Failure) 16.400: [ParNew: 41959K->0K(76800K), 0.0009345 secs] 42809K->849K(179200K), 0.0010716 secs] [Times: user=0.00 sys=0.00, real=0.00 secs] 
16.407: [GC (Allocation Failure) 16.407: [ParNew: 41959K->0K(76800K), 0.0004690 secs] 42809K->849K(179200K), 0.0005208 secs] [Times: user=0.00 sys=0.00, real=0.00 secs] 
17.412: [GC (Allocation Failure) 17.412: [ParNew: 41959K->0K(76800K), 0.0004903 secs] 42809K->849K(179200K), 0.0005637 secs] [Times: user=0.01 sys=0.00, real=0.00 secs] 
17.417: [GC (Allocation Failure) 17.417: [ParNew: 41959K->0K(76800K), 0.0004049 secs] 42809K->849K(179200K), 0.0004548 secs] [Times: user=0.00 sys=0.01, real=0.00 secs] 
18.426: [GC (Allocation Failure) 18.426: [ParNew: 41959K->0K(76800K), 0.0006958 secs] 42809K->849K(179200K), 0.0007859 secs] [Times: user=0.00 sys=0.00, real=0.00 secs] 
18.432: [GC (Allocation Failure) 18.432: [ParNew: 41959K->0K(76800K), 0.0005319 secs] 42809K->849K(179200K), 0.0005896 secs] [Times: user=0.00 sys=0.00, real=0.00 secs] 
19.437: [GC (Allocation Failure) 19.437: [ParNew: 41959K->0K(76800K), 0.0006186 secs] 42809K->849K(179200K), 0.0007192 secs] [Times: user=0.01 sys=0.00, real=0.00 secs] 
19.443: [GC (Allocation Failure) 19.443: [ParNew: 41959K->0K(76800K), 0.0004259 secs] 42809K->849K(179200K), 0.0004834 secs] [Times: user=0.00 sys=0.00, real=0.00 secs] 
20.451: [GC (Allocation Failure) 20.451: [ParNew: 41959K->0K(76800K), 0.0005098 secs] 42809K->849K(179200K), 0.0005803 secs] [Times: user=0.00 sys=0.00, real=0.01 secs] 
20.456: [GC (Allocation Failure) 20.456: [ParNew: 41959K->0K(76800K), 0.0010359 secs] 42809K->849K(179200K), 0.0011288 secs] [Times: user=0.01 sys=0.00, real=0.00 secs] 
21.466: [GC (Allocation Failure) 21.466: [ParNew: 41959K->0K(76800K), 0.0010747 secs] 42809K->849K(179200K), 0.0011838 secs] [Times: user=0.01 sys=0.00, real=0.00 secs] 
21.472: [GC (Allocation Failure) 21.472: [ParNew: 41959K->0K(76800K), 0.0005441 secs] 42809K->849K(179200K), 0.0006014 secs] [Times: user=0.00 sys=0.00, real=0.00 secs] 
22.481: [GC (Allocation Failure) 22.481: [ParNew: 41959K->0K(76800K), 0.0008976 secs] 42809K->849K(179200K), 0.0010259 secs] [Times: user=0.00 sys=0.00, real=0.01 secs] 
22.487: [GC (Allocation Failure) 22.487: [ParNew: 41959K->0K(76800K), 0.0004538 secs] 42809K->849K(179200K), 0.0005063 secs] [Times: user=0.00 sys=0.00, real=0.00 secs] 
23.494: [GC (Allocation Failure) 23.494: [ParNew: 41959K->0K(76800K), 0.0006129 secs] 42809K->849K(179200K), 0.0006960 secs] [Times: user=0.01 sys=0.01, real=0.00 secs] 
23.499: [GC (Allocation Failure) 23.499: [ParNew: 41959K->0K(76800K), 0.0003892 secs] 42809K->849K(179200K), 0.0004419 secs] [Times: user=0.00 sys=0.00, real=0.00 secs] 
24.505: [GC (Allocation Failure) 24.505: [ParNew: 41959K->0K(76800K), 0.0008084 secs] 42809K->849K(179200K), 0.0009280 secs] [Times: user=0.00 sys=0.00, real=0.00 secs] 
24.511: [GC (Allocation Failure) 24.511: [ParNew: 41959K->0K(76800K), 0.0004394 secs] 42809K->849K(179200K), 0.0005077 secs] [Times: user=0.00 sys=0.00, real=0.01 secs] 
25.520: [GC (Allocation Failure) 25.520: [ParNew: 41959K->0K(76800K), 0.0006408 secs] 42809K->849K(179200K), 0.0007292 secs] [Times: user=0.01 sys=0.00, real=0.00 secs] 
25.526: [GC (Allocation Failure) 25.526: [ParNew: 41959K->0K(76800K), 0.0003677 secs] 42809K->849K(179200K), 0.0004245 secs] [Times: user=0.00 sys=0.00, real=0.00 secs] 
26.533: [GC (Allocation Failure) 26.533: [ParNew: 41959K->0K(76800K), 0.0007082 secs] 42809K->849K(179200K), 0.0008035 secs] [Times: user=0.00 sys=0.00, real=0.00 secs] 
26.539: [GC (Allocation Failure) 26.539: [ParNew: 41959K->0K(76800K), 0.0008428 secs] 42809K->849K(179200K), 0.0009018 secs] [Times: user=0.00 sys=0.00, real=0.00 secs] 
27.547: [GC (Allocation Failure) 27.548: [ParNew: 41959K->0K(76800K), 0.0004455 secs] 42809K->849K(179200K), 0.0005230 secs] [Times: user=0.01 sys=0.00, real=0.00 secs] 
27.552: [GC (Allocation Failure) 27.552: [ParNew: 41959K->0K(76800K), 0.0004833 secs] 42809K->849K(179200K), 0.0005658 secs] [Times: user=0.00 sys=0.00, real=0.00 secs] 
28.557: [GC (Allocation Failure) 28.557: [ParNew: 41959K->0K(76800K), 0.0003836 secs] 42809K->849K(179200K), 0.0004391 secs] [Times: user=0.00 sys=0.00, real=0.00 secs] 
28.562: [GC (Allocation Failure) 28.562: [ParNew: 41959K->0K(76800K), 0.0003118 secs] 42809K->849K(179200K), 0.0003614 secs] [Times: user=0.00 sys=0.00, real=0.00 secs] 
29.570: [GC (Allocation Failure) 29.570: [ParNew: 41959K->0K(76800K), 0.0006313 secs] 42809K->849K(179200K), 0.0007129 secs] [Times: user=0.00 sys=0.00, real=0.00 secs] 
29.575: [GC (Allocation Failure) 29.575: [ParNew: 41959K->0K(76800K), 0.0003758 secs] 42809K->849K(179200K), 0.0004253 secs] [Times: user=0.01 sys=0.00, real=0.00 secs] 
30.583: [GC (Allocation Failure) 30.583: [ParNew: 41959K->0K(76800K), 0.0006842 secs] 42809K->849K(179200K), 0.0007774 secs] [Times: user=0.00 sys=0.01, real=0.00 secs] 
30.589: [GC (Allocation Failure) 30.589: [ParNew: 41959K->0K(76800K), 0.0003924 secs] 42809K->849K(179200K), 0.0004492 secs] [Times: user=0.00 sys=0.00, real=0.00 secs] 
31.594: [GC (Allocation Failure) 31.594: [ParNew: 41959K->0K(76800K), 0.0006584 secs] 42809K->849K(179200K), 0.0007683 secs] [Times: user=0.01 sys=0.00, real=0.00 secs] 
31.599: [GC (Allocation Failure) 31.600: [ParNew: 41959K->0K(76800K), 0.0004403 secs] 42809K->849K(179200K), 0.0005056 secs] [Times: user=0.00 sys=0.00, real=0.00 secs] 
32.606: [GC (Allocation Failure) 32.606: [ParNew: 41959K->0K(76800K), 0.0008787 secs] 42809K->849K(179200K), 0.0010222 secs] [Times: user=0.00 sys=0.00, real=0.00 secs] 
32.612: [GC (Allocation Failure) 32.612: [ParNew: 41959K->0K(76800K), 0.0005851 secs] 42809K->849K(179200K), 0.0006421 secs] [Times: user=0.00 sys=0.00, real=0.00 secs] 
33.621: [GC (Allocation Failure) 33.621: [ParNew: 41959K->0K(76800K), 0.0004084 secs] 42809K->849K(179200K), 0.0004750 secs] [Times: user=0.01 sys=0.00, real=0.01 secs] 
33.625: [GC (Allocation Failure) 33.625: [ParNew: 41959K->0K(76800K), 0.0003874 secs] 42809K->849K(179200K), 0.0004519 secs] [Times: user=0.00 sys=0.00, real=0.00 secs] 
34.633: [GC (Allocation Failure) 34.633: [ParNew: 41959K->0K(76800K), 0.0008648 secs] 42809K->849K(179200K), 0.0009815 secs] [Times: user=0.00 sys=0.00, real=0.00 secs] 
34.639: [GC (Allocation Failure) 34.639: [ParNew: 41959K->0K(76800K), 0.0004090 secs] 42809K->849K(179200K), 0.0004920 secs] [Times: user=0.00 sys=0.00, real=0.00 secs] 
35.647: [GC (Allocation Failure) 35.647: [ParNew: 41959K->0K(76800K), 0.0005522 secs] 42809K->849K(179200K), 0.0006439 secs] [Times: user=0.00 sys=0.00, real=0.00 secs] 
35.652: [GC (Allocation Failure) 35.652: [ParNew: 41959K->0K(76800K), 0.0004458 secs] 42809K->849K(179200K), 0.0005108 secs] [Times: user=0.00 sys=0.00, real=0.00 secs] 
36.657: [GC (Allocation Failure) 36.658: [ParNew: 41959K->0K(76800K), 0.0009819 secs] 42809K->849K(179200K), 0.0011244 secs] [Times: user=0.00 sys=0.01, real=0.00 secs] 
36.664: [GC (Allocation Failure) 36.664: [ParNew: 41959K->0K(76800K), 0.0005042 secs] 42809K->849K(179200K), 0.0005626 secs] [Times: user=0.01 sys=0.00, real=0.00 secs] 
37.671: [GC (Allocation Failure) 37.671: [ParNew: 41959K->0K(76800K), 0.0004341 secs] 42809K->849K(179200K), 0.0004988 secs] [Times: user=0.00 sys=0.00, real=0.01 secs] 
37.676: [GC (Allocation Failure) 37.676: [ParNew: 41959K->0K(76800K), 0.0004427 secs] 42809K->849K(179200K), 0.0005018 secs] [Times: user=0.00 sys=0.00, real=0.00 secs] 
38.683: [GC (Allocation Failure) 38.683: [ParNew: 41959K->0K(76800K), 0.0004729 secs] 42809K->849K(179200K), 0.0005705 secs] [Times: user=0.01 sys=0.00, real=0.00 secs] 
38.687: [GC (Allocation Failure) 38.687: [ParNew: 41959K->0K(76800K), 0.0003929 secs] 42809K->849K(179200K), 0.0004471 secs] [Times: user=0.00 sys=0.00, real=0.00 secs] 
39.692: [GC (Allocation Failure) 39.692: [ParNew: 41959K->0K(76800K), 0.0004010 secs] 42809K->849K(179200K), 0.0004683 secs] [Times: user=0.00 sys=0.00, real=0.00 secs] 
39.697: [GC (Allocation Failure) 39.697: [ParNew: 41959K->0K(76800K), 0.0004092 secs] 42809K->849K(179200K), 0.0004795 secs] [Times: user=0.00 sys=0.00, real=0.00 secs] 
40.702: [GC (Allocation Failure) 40.702: [ParNew: 41959K->0K(76800K), 0.0004388 secs] 42809K->849K(179200K), 0.0005273 secs] [Times: user=0.00 sys=0.00, real=0.00 secs] 
40.706: [GC (Allocation Failure) 40.706: [ParNew: 41959K->0K(76800K), 0.0003864 secs] 42809K->849K(179200K), 0.0004385 secs] [Times: user=0.00 sys=0.00, real=0.00 secs] 
41.711: [GC (Allocation Failure) 41.711: [ParNew: 41959K->0K(76800K), 0.0005268 secs] 42809K->849K(179200K), 0.0006150 secs] [Times: user=0.00 sys=0.00, real=0.00 secs] 
41.716: [GC (Allocation Failure) 41.716: [ParNew: 41959K->0K(76800K), 0.0004210 secs] 42809K->849K(179200K), 0.0004859 secs] [Times: user=0.00 sys=0.00, real=0.00 secs] 
42.722: [GC (Allocation Failure) 42.722: [ParNew: 41959K->0K(76800K), 0.0006702 secs] 42809K->849K(179200K), 0.0007660 secs] [Times: user=0.01 sys=0.00, real=0.00 secs] 
42.728: [GC (Allocation Failure) 42.728: [ParNew: 41959K->0K(76800K), 0.0004080 secs] 42809K->849K(179200K), 0.0004590 secs] [Times: user=0.00 sys=0.00, real=0.00 secs] 
43.737: [GC (Allocation Failure) 43.737: [ParNew: 41959K->0K(76800K), 0.0004230 secs] 42809K->849K(179200K), 0.0004940 secs] [Times: user=0.00 sys=0.00, real=0.00 secs] 
43.741: [GC (Allocation Failure) 43.741: [ParNew: 41959K->0K(76800K), 0.0003863 secs] 42809K->849K(179200K), 0.0004658 secs] [Times: user=0.00 sys=0.01, real=0.00 secs] 
44.748: [GC (Allocation Failure) 44.748: [ParNew: 41959K->0K(76800K), 0.0004280 secs] 42809K->849K(179200K), 0.0004996 secs] [Times: user=0.00 sys=0.00, real=0.00 secs] 
44.753: [GC (Allocation Failure) 44.753: [ParNew: 41959K->0K(76800K), 0.0003741 secs] 42809K->849K(179200K), 0.0004229 secs] [Times: user=0.01 sys=0.00, real=0.00 secs] 
45.760: [GC (Allocation Failure) 45.760: [ParNew: 41959K->0K(76800K), 0.0005156 secs] 42809K->849K(179200K), 0.0006001 secs] [Times: user=0.00 sys=0.00, real=0.00 secs] 
45.765: [GC (Allocation Failure) 45.765: [ParNew: 41959K->0K(76800K), 0.0003993 secs] 42809K->849K(179200K), 0.0004483 secs] [Times: user=0.00 sys=0.00, real=0.00 secs] 
46.771: [GC (Allocation Failure) 46.771: [ParNew: 41959K->0K(76800K), 0.0005230 secs] 42809K->849K(179200K), 0.0006073 secs] [Times: user=0.01 sys=0.00, real=0.00 secs] 
46.776: [GC (Allocation Failure) 46.776: [ParNew: 41959K->0K(76800K), 0.0003410 secs] 42809K->849K(179200K), 0.0004117 secs] [Times: user=0.00 sys=0.00, real=0.00 secs] 
47.784: [GC (Allocation Failure) 47.784: [ParNew: 41959K->0K(76800K), 0.0005111 secs] 42809K->849K(179200K), 0.0005995 secs] [Times: user=0.00 sys=0.00, real=0.00 secs] 
47.789: [GC (Allocation Failure) 47.789: [ParNew: 41959K->0K(76800K), 0.0004201 secs] 42809K->849K(179200K), 0.0004743 secs] [Times: user=0.00 sys=0.00, real=0.00 secs] 
48.798: [GC (Allocation Failure) 48.798: [ParNew: 41959K->0K(76800K), 0.0005406 secs] 42809K->849K(179200K), 0.0006305 secs] [Times: user=0.00 sys=0.00, real=0.00 secs] 
48.803: [GC (Allocation Failure) 48.803: [ParNew: 41959K->0K(76800K), 0.0003864 secs] 42809K->849K(179200K), 0.0004378 secs] [Times: user=0.00 sys=0.00, real=0.00 secs] 
49.811: [GC (Allocation Failure) 49.811: [ParNew: 41959K->0K(76800K), 0.0004226 secs] 42809K->849K(179200K), 0.0004789 secs] [Times: user=0.00 sys=0.00, real=0.00 secs] 
49.815: [GC (Allocation Failure) 49.815: [ParNew: 41959K->0K(76800K), 0.0003231 secs] 42809K->849K(179200K), 0.0003638 secs] [Times: user=0.00 sys=0.00, real=0.00 secs] 
50.820: [GC (Allocation Failure) 50.820: [ParNew: 41959K->0K(76800K), 0.0009506 secs] 42809K->849K(179200K), 0.0010874 secs] [Times: user=0.01 sys=0.00, real=0.01 secs] 
50.827: [GC (Allocation Failure) 50.827: [ParNew: 41959K->0K(76800K), 0.0004915 secs] 42809K->849K(179200K), 0.0005662 secs] [Times: user=0.00 sys=0.00, real=0.00 secs] 
51.835: [GC (Allocation Failure) 51.835: [ParNew: 41959K->0K(76800K), 0.0003308 secs] 42809K->849K(179200K), 0.0003843 secs] [Times: user=0.00 sys=0.00, real=0.00 secs] 
51.839: [GC (Allocation Failure) 51.839: [ParNew: 41959K->0K(76800K), 0.0003270 secs] 42809K->849K(179200K), 0.0003657 secs] [Times: user=0.00 sys=0.00, real=0.00 secs] 
52.845: [GC (Allocation Failure) 52.845: [ParNew: 41959K->0K(76800K), 0.0003249 secs] 42809K->849K(179200K), 0.0003836 secs] [Times: user=0.00 sys=0.00, real=0.00 secs] 
52.849: [GC (Allocation Failure) 52.849: [ParNew: 41959K->0K(76800K), 0.0003580 secs] 42809K->849K(179200K), 0.0004028 secs] [Times: user=0.00 sys=0.00, real=0.00 secs] 
53.857: [GC (Allocation Failure) 53.857: [ParNew: 41959K->0K(76800K), 0.0003793 secs] 42809K->849K(179200K), 0.0004343 secs] [Times: user=0.00 sys=0.00, real=0.00 secs] 
53.861: [GC (Allocation Failure) 53.861: [ParNew: 41959K->0K(76800K), 0.0003764 secs] 42809K->849K(179200K), 0.0004306 secs] [Times: user=0.01 sys=0.00, real=0.00 secs] 
54.870: [GC (Allocation Failure) 54.870: [ParNew: 41959K->0K(76800K), 0.0004290 secs] 42809K->849K(179200K), 0.0005159 secs] [Times: user=0.00 sys=0.00, real=0.00 secs] 
54.874: [GC (Allocation Failure) 54.874: [ParNew: 41959K->0K(76800K), 0.0003936 secs] 42809K->849K(179200K), 0.0004465 secs] [Times: user=0.01 sys=0.00, real=0.00 secs] 
55.883: [GC (Allocation Failure) 55.883: [ParNew: 41959K->0K(76800K), 0.0004156 secs] 42809K->849K(179200K), 0.0004839 secs] [Times: user=0.00 sys=0.00, real=0.00 secs] 
55.888: [GC (Allocation Failure) 55.888: [ParNew: 41959K->0K(76800K), 0.0003944 secs] 42809K->849K(179200K), 0.0004593 secs] [Times: user=0.00 sys=0.00, real=0.00 secs] 
56.894: [GC (Allocation Failure) 56.894: [ParNew: 41959K->0K(76800K), 0.0008923 secs] 42809K->849K(179200K), 0.0009558 secs] [Times: user=0.01 sys=0.00, real=0.00 secs] 
56.899: [GC (Allocation Failure) 56.899: [ParNew: 41959K->0K(76800K), 0.0005413 secs] 42809K->849K(179200K), 0.0005970 secs] [Times: user=0.00 sys=0.00, real=0.00 secs] 
57.908: [GC (Allocation Failure) 57.908: [ParNew: 41959K->0K(76800K), 0.0009300 secs] 42809K->849K(179200K), 0.0010092 secs] [Times: user=0.01 sys=0.00, real=0.00 secs] 
57.913: [GC (Allocation Failure) 57.913: [ParNew: 41959K->0K(76800K), 0.0004459 secs] 42809K->849K(179200K), 0.0005052 secs] [Times: user=0.00 sys=0.00, real=0.00 secs] 
58.920: [GC (Allocation Failure) 58.921: [ParNew: 41959K->0K(76800K), 0.0009194 secs] 42809K->849K(179200K), 0.0010457 secs] [Times: user=0.00 sys=0.01, real=0.01 secs] 
58.926: [GC (Allocation Failure) 58.927: [ParNew: 41959K->0K(76800K), 0.0012433 secs] 42809K->849K(179200K), 0.0013095 secs] [Times: user=0.01 sys=0.00, real=0.00 secs] 
59.936: [GC (Allocation Failure) 59.936: [ParNew: 41959K->0K(76800K), 0.0003391 secs] 42809K->849K(179200K), 0.0004017 secs] [Times: user=0.00 sys=0.00, real=0.00 secs] 
59.940: [GC (Allocation Failure) 59.940: [ParNew: 41959K->0K(76800K), 0.0003477 secs] 42809K->849K(179200K), 0.0003856 secs] [Times: user=0.00 sys=0.00, real=0.00 secs] 
60.947: [GC (Allocation Failure) 60.947: [ParNew: 41959K->0K(76800K), 0.0004555 secs] 42809K->849K(179200K), 0.0005117 secs] [Times: user=0.00 sys=0.00, real=0.00 secs] 
60.951: [GC (Allocation Failure) 60.951: [ParNew: 41959K->0K(76800K), 0.0008572 secs] 42809K->849K(179200K), 0.0008961 secs] [Times: user=0.01 sys=0.00, real=0.00 secs] 
61.960: [GC (Allocation Failure) 61.960: [ParNew: 41959K->0K(76800K), 0.0004881 secs] 42809K->849K(179200K), 0.0005524 secs] [Times: user=0.00 sys=0.00, real=0.01 secs] 
61.964: [GC (Allocation Failure) 61.964: [ParNew: 41959K->0K(76800K), 0.0003020 secs] 42809K->849K(179200K), 0.0003400 secs] [Times: user=0.00 sys=0.00, real=0.00 secs] 
62.970: [GC (Allocation Failure) 62.970: [ParNew: 41959K->0K(76800K), 0.0003419 secs] 42809K->849K(179200K), 0.0003969 secs] [Times: user=0.00 sys=0.00, real=0.00 secs] 
62.974: [GC (Allocation Failure) 62.974: [ParNew: 41959K->0K(76800K), 0.0003028 secs] 42809K->849K(179200K), 0.0003404 secs] [Times: user=0.00 sys=0.00, real=0.00 secs] 
63.983: [GC (Allocation Failure) 63.983: [ParNew: 41959K->0K(76800K), 0.0004010 secs] 42809K->849K(179200K), 0.0004833 secs] [Times: user=0.00 sys=0.00, real=0.00 secs] 
63.987: [GC (Allocation Failure) 63.987: [ParNew: 41959K->0K(76800K), 0.0004443 secs] 42809K->849K(179200K), 0.0004964 secs] [Times: user=0.00 sys=0.00, real=0.00 secs] 
64.994: [GC (Allocation Failure) 64.994: [ParNew: 41959K->0K(76800K), 0.0003280 secs] 42809K->849K(179200K), 0.0003878 secs] [Times: user=0.00 sys=0.00, real=0.00 secs] 
64.998: [GC (Allocation Failure) 64.998: [ParNew: 41959K->0K(76800K), 0.0004283 secs] 42809K->849K(179200K), 0.0004667 secs] [Times: user=0.00 sys=0.00, real=0.00 secs] 
66.004: [GC (Allocation Failure) 66.005: [ParNew: 41959K->0K(76800K), 0.0003619 secs] 42809K->849K(179200K), 0.0004314 secs] [Times: user=0.01 sys=0.00, real=0.00 secs] 
66.010: [GC (Allocation Failure) 66.010: [ParNew: 41959K->0K(76800K), 0.0003157 secs] 42809K->849K(179200K), 0.0003806 secs] [Times: user=0.00 sys=0.00, real=0.00 secs] 
67.016: [GC (Allocation Failure) 67.016: [ParNew: 41959K->0K(76800K), 0.0004074 secs] 42809K->849K(179200K), 0.0004833 secs] [Times: user=0.00 sys=0.00, real=0.00 secs] 
67.020: [GC (Allocation Failure) 67.020: [ParNew: 41959K->0K(76800K), 0.0004043 secs] 42809K->849K(179200K), 0.0004682 secs] [Times: user=0.00 sys=0.01, real=0.01 secs] 
68.029: [GC (Allocation Failure) 68.029: [ParNew: 41959K->0K(76800K), 0.0004920 secs] 42809K->849K(179200K), 0.0005672 secs] [Times: user=0.00 sys=0.00, real=0.00 secs] 
68.035: [GC (Allocation Failure) 68.035: [ParNew: 41959K->0K(76800K), 0.0003238 secs] 42809K->849K(179200K), 0.0003931 secs] [Times: user=0.01 sys=0.00, real=0.00 secs] 
69.043: [GC (Allocation Failure) 69.043: [ParNew: 41959K->0K(76800K), 0.0003775 secs] 42809K->849K(179200K), 0.0004433 secs] [Times: user=0.00 sys=0.00, real=0.00 secs] 
69.048: [GC (Allocation Failure) 69.048: [ParNew: 41959K->0K(76800K), 0.0003465 secs] 42809K->849K(179200K), 0.0004057 secs] [Times: user=0.00 sys=0.00, real=0.00 secs] 
70.056: [GC (Allocation Failure) 70.056: [ParNew: 41959K->0K(76800K), 0.0003943 secs] 42809K->849K(179200K), 0.0004780 secs] [Times: user=0.00 sys=0.00, real=0.00 secs] 
70.060: [GC (Allocation Failure) 70.060: [ParNew: 41959K->0K(76800K), 0.0003302 secs] 42809K->849K(179200K), 0.0003866 secs] [Times: user=0.01 sys=0.00, real=0.00 secs] 
71.067: [GC (Allocation Failure) 71.067: [ParNew: 41959K->0K(76800K), 0.0006254 secs] 42809K->849K(179200K), 0.0007256 secs] [Times: user=0.00 sys=0.00, real=0.00 secs] 
71.072: [GC (Allocation Failure) 71.072: [ParNew: 41959K->0K(76800K), 0.0003832 secs] 42809K->849K(179200K), 0.0004470 secs] [Times: user=0.00 sys=0.00, real=0.00 secs] 
72.076: [GC (Allocation Failure) 72.077: [ParNew: 41959K->0K(76800K), 0.0005019 secs] 42809K->849K(179200K), 0.0005846 secs] [Times: user=0.01 sys=0.00, real=0.00 secs] 
72.082: [GC (Allocation Failure) 72.082: [ParNew: 41959K->0K(76800K), 0.0004077 secs] 42809K->849K(179200K), 0.0004654 secs] [Times: user=0.00 sys=0.00, real=0.00 secs] 
73.088: [GC (Allocation Failure) 73.088: [ParNew: 41959K->0K(76800K), 0.0009344 secs] 42809K->849K(179200K), 0.0010564 secs] [Times: user=0.00 sys=0.00, real=0.00 secs] 
73.095: [GC (Allocation Failure) 73.095: [ParNew: 41959K->0K(76800K), 0.0007445 secs] 42809K->849K(179200K), 0.0008191 secs] [Times: user=0.00 sys=0.00, real=0.00 secs] 
74.104: [GC (Allocation Failure) 74.104: [ParNew: 41959K->0K(76800K), 0.0009210 secs] 42809K->849K(179200K), 0.0010389 secs] [Times: user=0.01 sys=0.01, real=0.00 secs] 
74.111: [GC (Allocation Failure) 74.111: [ParNew: 41959K->0K(76800K), 0.0005032 secs] 42809K->849K(179200K), 0.0005710 secs] [Times: user=0.01 sys=0.00, real=0.00 secs] 
75.120: [GC (Allocation Failure) 75.120: [ParNew: 41959K->0K(76800K), 0.0008673 secs] 42809K->849K(179200K), 0.0010306 secs] [Times: user=0.00 sys=0.00, real=0.01 secs] 
75.126: [GC (Allocation Failure) 75.126: [ParNew: 41959K->0K(76800K), 0.0003997 secs] 42809K->849K(179200K), 0.0004500 secs] [Times: user=0.00 sys=0.00, real=0.00 secs] 
76.133: [GC (Allocation Failure) 76.133: [ParNew: 41959K->0K(76800K), 0.0007406 secs] 42809K->849K(179200K), 0.0008400 secs] [Times: user=0.01 sys=0.00, real=0.00 secs] 
76.139: [GC (Allocation Failure) 76.139: [ParNew: 41959K->0K(76800K), 0.0004053 secs] 42809K->849K(179200K), 0.0004666 secs] [Times: user=0.00 sys=0.00, real=0.00 secs] 
77.143: [GC (Allocation Failure) 77.143: [ParNew: 41959K->0K(76800K), 0.0008043 secs] 42809K->849K(179200K), 0.0009229 secs] [Times: user=0.00 sys=0.00, real=0.00 secs] 
77.150: [GC (Allocation Failure) 77.150: [ParNew: 41959K->0K(76800K), 0.0004609 secs] 42809K->849K(179200K), 0.0005188 secs] [Times: user=0.00 sys=0.00, real=0.00 secs] 
78.158: [GC (Allocation Failure) 78.158: [ParNew: 41959K->0K(76800K), 0.0007114 secs] 42809K->849K(179200K), 0.0008247 secs] [Times: user=0.01 sys=0.00, real=0.00 secs] 
78.164: [GC (Allocation Failure) 78.164: [ParNew: 41959K->0K(76800K), 0.0003706 secs] 42809K->849K(179200K), 0.0004360 secs] [Times: user=0.00 sys=0.00, real=0.00 secs] 
79.171: [GC (Allocation Failure) 79.171: [ParNew: 41959K->0K(76800K), 0.0006255 secs] 42809K->849K(179200K), 0.0007285 secs] [Times: user=0.00 sys=0.00, real=0.00 secs] 
79.176: [GC (Allocation Failure) 79.176: [ParNew: 41959K->0K(76800K), 0.0004324 secs] 42809K->849K(179200K), 0.0004877 secs] [Times: user=0.00 sys=0.00, real=0.00 secs] 
80.183: [GC (Allocation Failure) 80.183: [ParNew: 41959K->0K(76800K), 0.0008219 secs] 42809K->849K(179200K), 0.0009670 secs] [Times: user=0.01 sys=0.00, real=0.00 secs] 
80.189: [GC (Allocation Failure) 80.189: [ParNew: 41959K->0K(76800K), 0.0005796 secs] 42809K->849K(179200K), 0.0006308 secs] [Times: user=0.00 sys=0.00, real=0.00 secs] 
81.198: [GC (Allocation Failure) 81.198: [ParNew: 41959K->0K(76800K), 0.0006215 secs] 42809K->849K(179200K), 0.0007029 secs] [Times: user=0.00 sys=0.00, real=0.00 secs] 
81.203: [GC (Allocation Failure) 81.203: [ParNew: 41959K->0K(76800K), 0.0003641 secs] 42809K->849K(179200K), 0.0004134 secs] [Times: user=0.00 sys=0.00, real=0.00 secs] 
82.211: [GC (Allocation Failure) 82.211: [ParNew: 41959K->0K(76800K), 0.0003702 secs] 42809K->849K(179200K), 0.0004246 secs] [Times: user=0.00 sys=0.00, real=0.00 secs] 
82.214: [GC (Allocation Failure) 82.214: [ParNew: 41959K->0K(76800K), 0.0003247 secs] 42809K->849K(179200K), 0.0003584 secs] [Times: user=0.00 sys=0.00, real=0.00 secs] 
83.220: [GC (Allocation Failure) 83.220: [ParNew: 41959K->0K(76800K), 0.0011981 secs] 42809K->849K(179200K), 0.0013236 secs] [Times: user=0.01 sys=0.00, real=0.00 secs] 
83.227: [GC (Allocation Failure) 83.227: [ParNew: 41959K->0K(76800K), 0.0004919 secs] 42809K->849K(179200K), 0.0005555 secs] [Times: user=0.01 sys=0.00, real=0.00 secs] 
84.237: [GC (Allocation Failure) 84.237: [ParNew: 41959K->0K(76800K), 0.0003875 secs] 42809K->849K(179200K), 0.0004540 secs] [Times: user=0.00 sys=0.00, real=0.00 secs] 
84.241: [GC (Allocation Failure) 84.241: [ParNew: 41959K->0K(76800K), 0.0003559 secs] 42809K->849K(179200K), 0.0003949 secs] [Times: user=0.00 sys=0.00, real=0.00 secs] 
85.249: [GC (Allocation Failure) 85.249: [ParNew: 41959K->0K(76800K), 0.0003820 secs] 42809K->849K(179200K), 0.0004548 secs] [Times: user=0.00 sys=0.00, real=0.00 secs] 
85.254: [GC (Allocation Failure) 85.254: [ParNew: 41959K->0K(76800K), 0.0003855 secs] 42809K->849K(179200K), 0.0004453 secs] [Times: user=0.00 sys=0.00, real=0.00 secs] 
86.261: [GC (Allocation Failure) 86.261: [ParNew: 41959K->0K(76800K), 0.0004985 secs] 42809K->849K(179200K), 0.0005726 secs] [Times: user=0.01 sys=0.01, real=0.00 secs] 
86.266: [GC (Allocation Failure) 86.266: [ParNew: 41959K->0K(76800K), 0.0004247 secs] 42809K->849K(179200K), 0.0004690 secs] [Times: user=0.00 sys=0.00, real=0.00 secs] 
87.273: [GC (Allocation Failure) 87.273: [ParNew: 41959K->0K(76800K), 0.0006885 secs] 42809K->849K(179200K), 0.0008183 secs] [Times: user=0.00 sys=0.00, real=0.00 secs] 
87.279: [GC (Allocation Failure) 87.279: [ParNew: 41959K->0K(76800K), 0.0004527 secs] 42809K->849K(179200K), 0.0005214 secs] [Times: user=0.00 sys=0.00, real=0.00 secs] 
88.286: [GC (Allocation Failure) 88.286: [ParNew: 41959K->0K(76800K), 0.0005947 secs] 42809K->849K(179200K), 0.0006860 secs] [Times: user=0.00 sys=0.00, real=0.00 secs] 
88.292: [GC (Allocation Failure) 88.292: [ParNew: 41959K->0K(76800K), 0.0004206 secs] 42809K->849K(179200K), 0.0004751 secs] [Times: user=0.00 sys=0.00, real=0.00 secs] 
89.298: [GC (Allocation Failure) 89.298: [ParNew: 41959K->0K(76800K), 0.0007538 secs] 42809K->849K(179200K), 0.0008736 secs] [Times: user=0.00 sys=0.00, real=0.00 secs] 
89.304: [GC (Allocation Failure) 89.304: [ParNew: 41959K->0K(76800K), 0.0004458 secs] 42809K->849K(179200K), 0.0005152 secs] [Times: user=0.01 sys=0.00, real=0.00 secs] 
90.313: [GC (Allocation Failure) 90.313: [ParNew: 41959K->0K(76800K), 0.0004704 secs] 42809K->849K(179200K), 0.0005418 secs] [Times: user=0.00 sys=0.00, real=0.00 secs] 
90.318: [GC (Allocation Failure) 90.318: [ParNew: 41959K->0K(76800K), 0.0003961 secs] 42809K->849K(179200K), 0.0004513 secs] [Times: user=0.00 sys=0.00, real=0.00 secs] 
91.325: [GC (Allocation Failure) 91.325: [ParNew: 41959K->0K(76800K), 0.0005737 secs] 42809K->849K(179200K), 0.0006736 secs] [Times: user=0.01 sys=0.00, real=0.00 secs] 
91.331: [GC (Allocation Failure) 91.331: [ParNew: 41959K->0K(76800K), 0.0004436 secs] 42809K->849K(179200K), 0.0004997 secs] [Times: user=0.00 sys=0.00, real=0.00 secs] 
92.338: [GC (Allocation Failure) 92.339: [ParNew: 41959K->0K(76800K), 0.0007435 secs] 42809K->849K(179200K), 0.0008458 secs] [Times: user=0.00 sys=0.00, real=0.00 secs] 
92.345: [GC (Allocation Failure) 92.345: [ParNew: 41959K->0K(76800K), 0.0005232 secs] 42809K->849K(179200K), 0.0005747 secs] [Times: user=0.00 sys=0.01, real=0.00 secs] 
93.354: [GC (Allocation Failure) 93.354: [ParNew: 41959K->0K(76800K), 0.0004417 secs] 42809K->849K(179200K), 0.0005108 secs] [Times: user=0.00 sys=0.00, real=0.00 secs] 
93.358: [GC (Allocation Failure) 93.358: [ParNew: 41959K->0K(76800K), 0.0003625 secs] 42809K->849K(179200K), 0.0004190 secs] [Times: user=0.00 sys=0.00, real=0.00 secs] 
94.366: [GC (Allocation Failure) 94.366: [ParNew: 41959K->0K(76800K), 0.0005146 secs] 42809K->849K(179200K), 0.0006136 secs] [Times: user=0.01 sys=0.00, real=0.00 secs] 
94.371: [GC (Allocation Failure) 94.371: [ParNew: 41959K->0K(76800K), 0.0004248 secs] 42809K->849K(179200K), 0.0004853 secs] [Times: user=0.00 sys=0.00, real=0.00 secs] 
95.378: [GC (Allocation Failure) 95.379: [ParNew: 41959K->0K(76800K), 0.0004753 secs] 42809K->849K(179200K), 0.0005560 secs] [Times: user=0.00 sys=0.00, real=0.00 secs] 
95.384: [GC (Allocation Failure) 95.384: [ParNew: 41959K->0K(76800K), 0.0004271 secs] 42809K->849K(179200K), 0.0004954 secs] [Times: user=0.00 sys=0.00, real=0.00 secs] 
96.392: [GC (Allocation Failure) 96.392: [ParNew: 41959K->0K(76800K), 0.0004336 secs] 42809K->849K(179200K), 0.0005045 secs] [Times: user=0.00 sys=0.00, real=0.00 secs] 
96.397: [GC (Allocation Failure) 96.397: [ParNew: 41959K->0K(76800K), 0.0003782 secs] 42809K->849K(179200K), 0.0004284 secs] [Times: user=0.00 sys=0.00, real=0.00 secs] 
97.405: [GC (Allocation Failure) 97.405: [ParNew: 41959K->0K(76800K), 0.0009723 secs] 42809K->849K(179200K), 0.0011387 secs] [Times: user=0.01 sys=0.00, real=0.00 secs] 
97.411: [GC (Allocation Failure) 97.411: [ParNew: 41959K->0K(76800K), 0.0004584 secs] 42809K->849K(179200K), 0.0005191 secs] [Times: user=0.00 sys=0.00, real=0.00 secs] 
98.421: [GC (Allocation Failure) 98.421: [ParNew: 41959K->0K(76800K), 0.0005644 secs] 42809K->849K(179200K), 0.0006554 secs] [Times: user=0.00 sys=0.00, real=0.00 secs] 
98.426: [GC (Allocation Failure) 98.426: [ParNew: 41959K->0K(76800K), 0.0004225 secs] 42809K->849K(179200K), 0.0004839 secs] [Times: user=0.01 sys=0.00, real=0.00 secs] 
99.435: [GC (Allocation Failure) 99.435: [ParNew: 41959K->0K(76800K), 0.0006247 secs] 42809K->849K(179200K), 0.0007322 secs] [Times: user=0.00 sys=0.01, real=0.00 secs] 
99.440: [GC (Allocation Failure) 99.440: [ParNew: 41959K->0K(76800K), 0.0004501 secs] 42809K->849K(179200K), 0.0005047 secs] [Times: user=0.00 sys=0.00, real=0.00 secs] 
100.448: [GC (Allocation Failure) 100.448: [ParNew: 41959K->0K(76800K), 0.0003960 secs] 42809K->849K(179200K), 0.0004614 secs] [Times: user=0.01 sys=0.00, real=0.00 secs] 
100.453: [GC (Allocation Failure) 100.453: [ParNew: 41959K->0K(76800K), 0.0004572 secs] 42809K->849K(179200K), 0.0005032 secs] [Times: user=0.00 sys=0.00, real=0.00 secs] 
101.458: [GC (Allocation Failure) 101.458: [ParNew: 41959K->0K(76800K), 0.0007205 secs] 42809K->849K(179200K), 0.0008031 secs] [Times: user=0.00 sys=0.00, real=0.00 secs] 
101.463: [GC (Allocation Failure) 101.463: [ParNew: 41959K->0K(76800K), 0.0003882 secs] 42809K->849K(179200K), 0.0004417 secs] [Times: user=0.00 sys=0.00, real=0.00 secs] 
102.472: [GC (Allocation Failure) 102.472: [ParNew: 41959K->0K(76800K), 0.0004473 secs] 42809K->849K(179200K), 0.0005331 secs] [Times: user=0.00 sys=0.00, real=0.00 secs] 
102.476: [GC (Allocation Failure) 102.476: [ParNew: 41959K->0K(76800K), 0.0004092 secs] 42809K->849K(179200K), 0.0004616 secs] [Times: user=0.00 sys=0.00, real=0.00 secs] 
103.485: [GC (Allocation Failure) 103.485: [ParNew: 41959K->0K(76800K), 0.0005295 secs] 42809K->849K(179200K), 0.0005948 secs] [Times: user=0.01 sys=0.00, real=0.00 secs] 
103.489: [GC (Allocation Failure) 103.489: [ParNew: 41959K->0K(76800K), 0.0003046 secs] 42809K->849K(179200K), 0.0003429 secs] [Times: user=0.00 sys=0.00, real=0.00 secs] 
104.494: [GC (Allocation Failure) 104.494: [ParNew: 41959K->0K(76800K), 0.0005128 secs] 42809K->849K(179200K), 0.0006219 secs] [Times: user=0.00 sys=0.00, real=0.00 secs] 
104.499: [GC (Allocation Failure) 104.499: [ParNew: 41959K->0K(76800K), 0.0003980 secs] 42809K->849K(179200K), 0.0004724 secs] [Times: user=0.00 sys=0.00, real=0.01 secs] 
105.509: [GC (Allocation Failure) 105.509: [ParNew: 41959K->0K(76800K), 0.0006735 secs] 42809K->849K(179200K), 0.0007381 secs] [Times: user=0.00 sys=0.00, real=0.00 secs] 
105.514: [GC (Allocation Failure) 105.514: [ParNew: 41959K->0K(76800K), 0.0003497 secs] 42809K->849K(179200K), 0.0004174 secs] [Times: user=0.00 sys=0.00, real=0.00 secs] 
106.520: [GC (Allocation Failure) 106.520: [ParNew: 41959K->0K(76800K), 0.0008506 secs] 42809K->849K(179200K), 0.0009880 secs] [Times: user=0.01 sys=0.00, real=0.00 secs] 
106.527: [GC (Allocation Failure) 106.527: [ParNew: 41959K->0K(76800K), 0.0004934 secs] 42809K->849K(179200K), 0.0005655 secs] [Times: user=0.00 sys=0.01, real=0.00 secs] 
107.533: [GC (Allocation Failure) 107.533: [ParNew: 41959K->0K(76800K), 0.0009075 secs] 42809K->849K(179200K), 0.0010093 secs] [Times: user=0.00 sys=0.00, real=0.00 secs] 
107.538: [GC (Allocation Failure) 107.538: [ParNew: 41959K->0K(76800K), 0.0006515 secs] 42809K->849K(179200K), 0.0007269 secs] [Times: user=0.00 sys=0.00, real=0.00 secs] 
108.547: [GC (Allocation Failure) 108.547: [ParNew: 41959K->0K(76800K), 0.0005142 secs] 42809K->849K(179200K), 0.0006044 secs] [Times: user=0.01 sys=0.00, real=0.00 secs] 
108.552: [GC (Allocation Failure) 108.552: [ParNew: 41959K->0K(76800K), 0.0003526 secs] 42809K->849K(179200K), 0.0004199 secs] [Times: user=0.00 sys=0.00, real=0.00 secs] 
109.561: [GC (Allocation Failure) 109.561: [ParNew: 41959K->0K(76800K), 0.0005268 secs] 42809K->849K(179200K), 0.0005925 secs] [Times: user=0.00 sys=0.00, real=0.00 secs] 
109.566: [GC (Allocation Failure) 109.566: [ParNew: 41959K->0K(76800K), 0.0004302 secs] 42809K->849K(179200K), 0.0004912 secs] [Times: user=0.00 sys=0.00, real=0.00 secs] 
110.572: [GC (Allocation Failure) 110.572: [ParNew: 41959K->0K(76800K), 0.0004825 secs] 42809K->849K(179200K), 0.0005560 secs] [Times: user=0.00 sys=0.00, real=0.00 secs] 
110.577: [GC (Allocation Failure) 110.577: [ParNew: 41959K->0K(76800K), 0.0004320 secs] 42809K->849K(179200K), 0.0005119 secs] [Times: user=0.00 sys=0.00, real=0.00 secs] 
111.590: [GC (Allocation Failure) 111.590: [ParNew: 41959K->0K(76800K), 0.0004166 secs] 42809K->849K(179200K), 0.0004901 secs] [Times: user=0.00 sys=0.00, real=0.00 secs] 
111.595: [GC (Allocation Failure) 111.595: [ParNew: 41959K->0K(76800K), 0.0004107 secs] 42809K->849K(179200K), 0.0004749 secs] [Times: user=0.00 sys=0.00, real=0.00 secs] 
112.603: [GC (Allocation Failure) 112.603: [ParNew: 41959K->0K(76800K), 0.0003824 secs] 42809K->849K(179200K), 0.0004469 secs] [Times: user=0.00 sys=0.00, real=0.00 secs] 
112.608: [GC (Allocation Failure) 112.608: [ParNew: 41959K->0K(76800K), 0.0004883 secs] 42809K->849K(179200K), 0.0005611 secs] [Times: user=0.00 sys=0.00, real=0.00 secs] 
113.619: [GC (Allocation Failure) 113.619: [ParNew: 41959K->0K(76800K), 0.0008526 secs] 42809K->849K(179200K), 0.0009695 secs] [Times: user=0.00 sys=0.01, real=0.01 secs] 
113.625: [GC (Allocation Failure) 113.625: [ParNew: 41959K->0K(76800K), 0.0004137 secs] 42809K->849K(179200K), 0.0004791 secs] [Times: user=0.00 sys=0.00, real=0.00 secs] 
114.634: [GC (Allocation Failure) 114.634: [ParNew: 41959K->0K(76800K), 0.0003805 secs] 42809K->849K(179200K), 0.0004332 secs] [Times: user=0.00 sys=0.00, real=0.00 secs] 
114.638: [GC (Allocation Failure) 114.638: [ParNew: 41959K->0K(76800K), 0.0003299 secs] 42809K->849K(179200K), 0.0004358 secs] [Times: user=0.00 sys=0.00, real=0.00 secs] 
115.645: [GC (Allocation Failure) 115.645: [ParNew: 41959K->0K(76800K), 0.0005623 secs] 42809K->849K(179200K), 0.0006523 secs] [Times: user=0.00 sys=0.00, real=0.00 secs] 
115.650: [GC (Allocation Failure) 115.650: [ParNew: 41959K->0K(76800K), 0.0004055 secs] 42809K->849K(179200K), 0.0004669 secs] [Times: user=0.00 sys=0.00, real=0.00 secs] 
116.659: [GC (Allocation Failure) 116.659: [ParNew: 41959K->0K(76800K), 0.0004563 secs] 42809K->849K(179200K), 0.0005188 secs] [Times: user=0.01 sys=0.00, real=0.01 secs] 
116.663: [GC (Allocation Failure) 116.664: [ParNew: 41959K->0K(76800K), 0.0003485 secs] 42809K->849K(179200K), 0.0003835 secs] [Times: user=0.00 sys=0.00, real=0.00 secs] 
117.672: [GC (Allocation Failure) 117.672: [ParNew: 41959K->0K(76800K), 0.0017515 secs] 42809K->849K(179200K), 0.0019970 secs] [Times: user=0.00 sys=0.00, real=0.00 secs] 
117.681: [GC (Allocation Failure) 117.681: [ParNew: 41959K->0K(76800K), 0.0003707 secs] 42809K->849K(179200K), 0.0004269 secs] [Times: user=0.00 sys=0.00, real=0.00 secs] 
118.689: [GC (Allocation Failure) 118.689: [ParNew: 41959K->0K(76800K), 0.0004557 secs] 42809K->849K(179200K), 0.0005406 secs] [Times: user=0.00 sys=0.00, real=0.01 secs] 
118.693: [GC (Allocation Failure) 118.694: [ParNew: 41959K->0K(76800K), 0.0003737 secs] 42809K->849K(179200K), 0.0004136 secs] [Times: user=0.00 sys=0.00, real=0.00 secs] 
119.702: [GC (Allocation Failure) 119.702: [ParNew: 41959K->0K(76800K), 0.0006981 secs] 42809K->849K(179200K), 0.0008053 secs] [Times: user=0.00 sys=0.00, real=0.00 secs] 
119.707: [GC (Allocation Failure) 119.707: [ParNew: 41959K->0K(76800K), 0.0004935 secs] 42809K->849K(179200K), 0.0005444 secs] [Times: user=0.00 sys=0.00, real=0.00 secs] 
120.714: [GC (Allocation Failure) 120.714: [ParNew: 41959K->0K(76800K), 0.0007060 secs] 42809K->849K(179200K), 0.0008484 secs] [Times: user=0.01 sys=0.00, real=0.00 secs] 
120.724: [GC (Allocation Failure) 120.725: [ParNew: 41959K->0K(76800K), 0.0006171 secs] 42809K->849K(179200K), 0.0007563 secs] [Times: user=0.00 sys=0.00, real=0.00 secs] 
121.733: [GC (Allocation Failure) 121.733: [ParNew: 41959K->0K(76800K), 0.0003679 secs] 42809K->849K(179200K), 0.0004457 secs] [Times: user=0.00 sys=0.00, real=0.00 secs] 
121.738: [GC (Allocation Failure) 121.738: [ParNew: 41959K->0K(76800K), 0.0005036 secs] 42809K->849K(179200K), 0.0006194 secs] [Times: user=0.00 sys=0.00, real=0.00 secs] 
122.752: [GC (Allocation Failure) 122.752: [ParNew: 41959K->0K(76800K), 0.0006266 secs] 42809K->849K(179200K), 0.0007390 secs] [Times: user=0.01 sys=0.00, real=0.00 secs] 
122.758: [GC (Allocation Failure) 122.758: [ParNew: 41959K->0K(76800K), 0.0004381 secs] 42809K->849K(179200K), 0.0004907 secs] [Times: user=0.00 sys=0.00, real=0.00 secs] 
123.765: [GC (Allocation Failure) 123.765: [ParNew: 41959K->0K(76800K), 0.0009311 secs] 42809K->849K(179200K), 0.0027077 secs] [Times: user=0.00 sys=0.00, real=0.00 secs] 
123.774: [GC (Allocation Failure) 123.774: [ParNew: 41959K->0K(76800K), 0.0004785 secs] 42809K->849K(179200K), 0.0005637 secs] [Times: user=0.00 sys=0.00, real=0.00 secs] 
124.783: [GC (Allocation Failure) 124.783: [ParNew: 41959K->0K(76800K), 0.0003952 secs] 42809K->849K(179200K), 0.0004639 secs] [Times: user=0.00 sys=0.00, real=0.00 secs] 
124.792: [GC (Allocation Failure) 124.792: [ParNew: 41959K->0K(76800K), 0.0004780 secs] 42809K->849K(179200K), 0.0005949 secs] [Times: user=0.00 sys=0.00, real=0.00 secs] 
125.806: [GC (Allocation Failure) 125.806: [ParNew: 41959K->0K(76800K), 0.0005115 secs] 42809K->849K(179200K), 0.0006528 secs] [Times: user=0.00 sys=0.01, real=0.00 secs] 
125.815: [GC (Allocation Failure) 125.815: [ParNew: 41959K->0K(76800K), 0.0005045 secs] 42809K->849K(179200K), 0.0006029 secs] [Times: user=0.00 sys=0.00, real=0.00 secs] 
126.823: [GC (Allocation Failure) 126.824: [ParNew: 41959K->0K(76800K), 0.0008238 secs] 42809K->849K(179200K), 0.0010187 secs] [Times: user=0.00 sys=0.00, real=0.00 secs] 
126.833: [GC (Allocation Failure) 126.833: [ParNew: 41959K->0K(76800K), 0.0004195 secs] 42809K->849K(179200K), 0.0005223 secs] [Times: user=0.00 sys=0.00, real=0.00 secs] 
127.847: [GC (Allocation Failure) 127.847: [ParNew: 41959K->0K(76800K), 0.0005240 secs] 42809K->849K(179200K), 0.0006282 secs] [Times: user=0.00 sys=0.00, real=0.00 secs] 
127.852: [GC (Allocation Failure) 127.852: [ParNew: 41959K->0K(76800K), 0.0004103 secs] 42809K->849K(179200K), 0.0004722 secs] [Times: user=0.01 sys=0.00, real=0.00 secs] 
128.857: [GC (Allocation Failure) 128.857: [ParNew: 41959K->0K(76800K), 0.0004070 secs] 42809K->849K(179200K), 0.0004867 secs] [Times: user=0.00 sys=0.00, real=0.00 secs] 
128.862: [GC (Allocation Failure) 128.862: [ParNew: 41959K->0K(76800K), 0.0003659 secs] 42809K->849K(179200K), 0.0004228 secs] [Times: user=0.00 sys=0.00, real=0.00 secs] 
129.870: [GC (Allocation Failure) 129.870: [ParNew: 41959K->0K(76800K), 0.0005836 secs] 42809K->849K(179200K), 0.0006880 secs] [Times: user=0.01 sys=0.00, real=0.00 secs] 
129.876: [GC (Allocation Failure) 129.876: [ParNew: 41959K->0K(76800K), 0.0004087 secs] 42809K->849K(179200K), 0.0004784 secs] [Times: user=0.00 sys=0.00, real=0.00 secs] 
130.883: [GC (Allocation Failure) 130.883: [ParNew: 41959K->0K(76800K), 0.0005302 secs] 42809K->849K(179200K), 0.0006339 secs] [Times: user=0.00 sys=0.00, real=0.00 secs] 
130.888: [GC (Allocation Failure) 130.888: [ParNew: 41959K->0K(76800K), 0.0005479 secs] 42809K->849K(179200K), 0.0006208 secs] [Times: user=0.01 sys=0.00, real=0.00 secs] 
131.894: [GC (Allocation Failure) 131.894: [ParNew: 41959K->0K(76800K), 0.0009225 secs] 42809K->849K(179200K), 0.0010687 secs] [Times: user=0.00 sys=0.01, real=0.00 secs] 
131.901: [GC (Allocation Failure) 131.901: [ParNew: 41959K->0K(76800K), 0.0004767 secs] 42809K->849K(179200K), 0.0005909 secs] [Times: user=0.00 sys=0.00, real=0.00 secs] 
