Java HotSpot(TM) 64-Bit Server VM (25.181-b13) for bsd-amd64 JRE (1.8.0_181-b13), built on Jul  7 2018 01:02:31 by "java_re" with gcc 4.2.1 (Based on Apple Inc. build 5658) (LLVM build 2336.11.00)
Memory: 4k page, physical 33554432k(3011768k free)

/proc/meminfo:

CommandLine flags: -XX:InitialHeapSize=419430400 -XX:MaxHeapSize=419430400 -XX:MaxNewSize=314572800 -XX:MaxTenuringThreshold=15 -XX:NewSize=314572800 -XX:OldPLABSize=16 -XX:PretenureSizeThreshold=31457280 -XX:+PrintGC -XX:+PrintGCDetails -XX:+PrintGCTimeStamps -XX:SurvivorRatio=8 -XX:+UseCompressedClassPointers -XX:+UseCompressedOops -XX:+UseConcMarkSweepGC -XX:+UseParNewGC 
2.244: [GC (Allocation Failure) 2.245: [ParNew: 239616K->11149K(276480K), 0.0062129 secs] 239616K->11149K(378880K), 0.0063121 secs] [Times: user=0.05 sys=0.01, real=0.01 secs] 
5.302: [GC (Allocation Failure) 5.302: [ParNew: 251332K->1127K(276480K), 0.0008339 secs] 251332K->1127K(378880K), 0.0009109 secs] [Times: user=0.01 sys=0.01, real=0.00 secs] 
8.346: [GC (Allocation Failure) 8.346: [ParNew: 246219K->11423K(276480K), 0.0022043 secs] 246219K->11423K(378880K), 0.0022956 secs] [Times: user=0.02 sys=0.00, real=0.00 secs] 
11.389: [GC (Allocation Failure) 11.390: [ParNew: 251623K->11413K(276480K), 0.0072956 secs] 251623K->11413K(378880K), 0.0073967 secs] [Times: user=0.06 sys=0.01, real=0.01 secs] 
14.431: [GC (Allocation Failure) 14.431: [ParNew: 251662K->11360K(276480K), 0.0020054 secs] 251662K->11360K(378880K), 0.0021034 secs] [Times: user=0.02 sys=0.00, real=0.00 secs] 
17.466: [GC (Allocation Failure) 17.466: [ParNew: 251641K->1150K(276480K), 0.0008964 secs] 251641K->1150K(378880K), 0.0010015 secs] [Times: user=0.00 sys=0.00, real=0.00 secs] 
19.495: [GC (Allocation Failure) 19.495: [ParNew: 241451K->21607K(276480K), 0.0132069 secs] 241451K->31849K(378880K), 0.0132922 secs] [Times: user=0.12 sys=0.01, real=0.01 secs] 
22.546: [GC (Allocation Failure) 22.546: [ParNew: 261921K->20480K(276480K), 0.0079293 secs] 272163K->31594K(378880K), 0.0080191 secs] [Times: user=0.03 sys=0.01, real=0.01 secs] 
25.590: [GC (Allocation Failure) 25.590: [ParNew: 260802K->10240K(276480K), 0.0013408 secs] 271916K->21354K(378880K), 0.0014349 secs] [Times: user=0.01 sys=0.00, real=0.00 secs] 
28.627: [GC (Allocation Failure) 28.627: [ParNew: 250567K->0K(276480K), 0.0005003 secs] 261681K->11114K(378880K), 0.0005870 secs] [Times: user=0.00 sys=0.00, real=0.00 secs] 
31.662: [GC (Allocation Failure) 31.662: [ParNew: 240330K->10240K(276480K), 0.0015356 secs] 251444K->21354K(378880K), 0.0016410 secs] [Times: user=0.01 sys=0.00, real=0.00 secs] 
34.702: [GC (Allocation Failure) 34.703: [ParNew: 250573K->10240K(276480K), 0.0015752 secs] 261687K->21354K(378880K), 0.0016838 secs] [Times: user=0.01 sys=0.00, real=0.00 secs] 
37.740: [GC (Allocation Failure) 37.740: [ParNew: 250574K->10240K(276480K), 0.0019929 secs] 261688K->21354K(378880K), 0.0021002 secs] [Times: user=0.02 sys=0.00, real=0.00 secs] 
40.775: [GC (Allocation Failure) 40.775: [ParNew: 250575K->0K(276480K), 0.0009058 secs] 261689K->11114K(378880K), 0.0010579 secs] [Times: user=0.01 sys=0.00, real=0.00 secs] 
42.810: [GC (Allocation Failure) 42.810: [ParNew: 240335K->20480K(276480K), 0.0080198 secs] 251450K->41834K(378880K), 0.0081095 secs] [Times: user=0.08 sys=0.00, real=0.00 secs] 
45.855: [GC (Allocation Failure) 45.855: [ParNew: 260816K->20480K(276480K), 0.0039874 secs] 282170K->41834K(378880K), 0.0040808 secs] [Times: user=0.03 sys=0.00, real=0.01 secs] 
48.896: [GC (Allocation Failure) 48.896: [ParNew: 260816K->10240K(276480K), 0.0016152 secs] 282170K->31594K(378880K), 0.0017107 secs] [Times: user=0.01 sys=0.00, real=0.00 secs] 
51.930: [GC (Allocation Failure) 51.930: [ParNew: 250576K->0K(276480K), 0.0004741 secs] 271930K->21354K(378880K), 0.0005478 secs] [Times: user=0.00 sys=0.00, real=0.00 secs] 
54.969: [GC (Allocation Failure) 54.969: [ParNew: 240336K->10240K(276480K), 0.0016333 secs] 261690K->31594K(378880K), 0.0017422 secs] [Times: user=0.01 sys=0.00, real=0.00 secs] 
58.008: [GC (Allocation Failure) 58.008: [ParNew: 250576K->10240K(276480K), 0.0016506 secs] 271931K->31594K(378880K), 0.0018316 secs] [Times: user=0.02 sys=0.00, real=0.01 secs] 
61.043: [GC (Allocation Failure) 61.043: [ParNew: 250576K->10240K(276480K), 0.0019516 secs] 271931K->31594K(378880K), 0.0020444 secs] [Times: user=0.01 sys=0.01, real=0.00 secs] 
64.084: [GC (Allocation Failure) 64.084: [ParNew: 250577K->0K(276480K), 0.0003828 secs] 271931K->21354K(378880K), 0.0004603 secs] [Times: user=0.00 sys=0.00, real=0.00 secs] 
66.116: [GC (Allocation Failure) 66.116: [ParNew: 240337K->20480K(276480K), 0.0089765 secs] 261691K->52074K(378880K), 0.0090678 secs] [Times: user=0.08 sys=0.00, real=0.01 secs] 
69.163: [GC (Allocation Failure) 69.163: [ParNew: 260817K->20480K(276480K), 0.0031041 secs] 292411K->52074K(378880K), 0.0032049 secs] [Times: user=0.03 sys=0.00, real=0.00 secs] 
72.203: [GC (Allocation Failure) 72.203: [ParNew: 260817K->10240K(276480K), 0.0015903 secs] 292411K->41834K(378880K), 0.0016775 secs] [Times: user=0.01 sys=0.00, real=0.00 secs] 
75.236: [GC (Allocation Failure) 75.236: [ParNew: 250577K->0K(276480K), 0.0004332 secs] 282171K->31594K(378880K), 0.0005091 secs] [Times: user=0.00 sys=0.00, real=0.00 secs] 
78.266: [GC (Allocation Failure) 78.267: [ParNew: 240337K->10240K(276480K), 0.0014320 secs] 271931K->41834K(378880K), 0.0015317 secs] [Times: user=0.01 sys=0.00, real=0.00 secs] 
81.309: [GC (Allocation Failure) 81.309: [ParNew: 250577K->10240K(276480K), 0.0016458 secs] 282171K->41834K(378880K), 0.0017407 secs] [Times: user=0.01 sys=0.00, real=0.00 secs] 
84.341: [GC (Allocation Failure) 84.341: [ParNew: 250577K->10240K(276480K), 0.0013320 secs] 282171K->41834K(378880K), 0.0014163 secs] [Times: user=0.01 sys=0.00, real=0.00 secs] 
87.374: [GC (Allocation Failure) 87.374: [ParNew: 250577K->0K(276480K), 0.0005738 secs] 282171K->31594K(378880K), 0.0006620 secs] [Times: user=0.01 sys=0.00, real=0.00 secs] 
89.411: [GC (Allocation Failure) 89.411: [ParNew: 240337K->20480K(276480K), 0.0092369 secs] 271931K->62314K(378880K), 0.0093501 secs] [Times: user=0.09 sys=0.00, real=0.01 secs] 
92.452: [GC (Allocation Failure) 92.452: [ParNew: 260817K->20480K(276480K), 0.0025096 secs] 302651K->62314K(378880K), 0.0025963 secs] [Times: user=0.02 sys=0.00, real=0.00 secs] 
95.481: [GC (Allocation Failure) 95.481: [ParNew: 260817K->10240K(276480K), 0.0014056 secs] 302651K->52074K(378880K), 0.0014977 secs] [Times: user=0.01 sys=0.00, real=0.00 secs] 
98.511: [GC (Allocation Failure) 98.511: [ParNew: 250577K->0K(276480K), 0.0005392 secs] 292411K->41834K(378880K), 0.0006273 secs] [Times: user=0.00 sys=0.00, real=0.00 secs] 
101.540: [GC (Allocation Failure) 101.540: [ParNew: 240337K->10240K(276480K), 0.0014261 secs] 282171K->52074K(378880K), 0.0015061 secs] [Times: user=0.01 sys=0.00, real=0.00 secs] 
104.574: [GC (Allocation Failure) 104.574: [ParNew: 250577K->10240K(276480K), 0.0016746 secs] 292411K->52074K(378880K), 0.0018413 secs] [Times: user=0.02 sys=0.00, real=0.00 secs] 
107.608: [GC (Allocation Failure) 107.608: [ParNew: 250577K->10240K(276480K), 0.0016465 secs] 292411K->52074K(378880K), 0.0017419 secs] [Times: user=0.02 sys=0.00, real=0.01 secs] 
110.644: [GC (Allocation Failure) 110.644: [ParNew: 250577K->0K(276480K), 0.0008534 secs] 292411K->41834K(378880K), 0.0009872 secs] [Times: user=0.00 sys=0.00, real=0.00 secs] 
112.676: [GC (Allocation Failure) 112.676: [ParNew: 240337K->20480K(276480K), 0.0099058 secs] 282171K->72554K(378880K), 0.0100035 secs] [Times: user=0.09 sys=0.00, real=0.01 secs] 
112.687: [GC (CMS Initial Mark) [1 CMS-initial-mark: 52074K(102400K)] 82794K(378880K), 0.0001913 secs] [Times: user=0.00 sys=0.00, real=0.00 secs] 
112.687: [CMS-concurrent-mark-start]
112.688: [CMS-concurrent-mark: 0.001/0.001 secs] [Times: user=0.00 sys=0.00, real=0.01 secs] 
112.688: [CMS-concurrent-preclean-start]
112.688: [CMS-concurrent-preclean: 0.000/0.000 secs] [Times: user=0.00 sys=0.00, real=0.00 secs] 
112.688: [CMS-concurrent-abortable-preclean-start]
114.838: [CMS-concurrent-abortable-preclean: 0.005/2.150 secs] [Times: user=0.02 sys=0.00, real=2.15 secs] 
114.839: [GC (CMS Final Remark) [YG occupancy: 199376 K (276480 K)]114.839: [Rescan (parallel) , 0.0002783 secs]114.839: [weak refs processing, 0.0000182 secs]114.839: [class unloading, 0.0004357 secs]114.839: [scrub symbol table, 0.0005678 secs]114.840: [scrub string table, 0.0002595 secs][1 CMS-remark: 52074K(102400K)] 251451K(378880K), 0.0017929 secs] [Times: user=0.00 sys=0.00, real=0.00 secs] 
114.840: [CMS-concurrent-sweep-start]
114.841: [CMS-concurrent-sweep: 0.001/0.001 secs] [Times: user=0.00 sys=0.00, real=0.00 secs] 
114.841: [CMS-concurrent-reset-start]
114.842: [CMS-concurrent-reset: 0.001/0.001 secs] [Times: user=0.00 sys=0.00, real=0.00 secs] 
115.712: [GC (Allocation Failure) 115.712: [ParNew: 260817K->20480K(276480K), 0.0029828 secs] 271930K->31593K(378880K), 0.0030686 secs] [Times: user=0.03 sys=0.00, real=0.00 secs] 
118.753: [GC (Allocation Failure) 118.753: [ParNew: 260817K->10240K(276480K), 0.0013845 secs] 271930K->21353K(378880K), 0.0014537 secs] [Times: user=0.01 sys=0.00, real=0.00 secs] 
121.788: [GC (Allocation Failure) 121.788: [ParNew: 250577K->0K(276480K), 0.0003949 secs] 261690K->11113K(378880K), 0.0004606 secs] [Times: user=0.01 sys=0.00, real=0.01 secs] 
124.818: [GC (Allocation Failure) 124.818: [ParNew: 240337K->10240K(276480K), 0.0014334 secs] 251450K->21353K(378880K), 0.0015174 secs] [Times: user=0.01 sys=0.00, real=0.00 secs] 
127.851: [GC (Allocation Failure) 127.851: [ParNew: 250577K->10240K(276480K), 0.0016130 secs] 261690K->21353K(378880K), 0.0017052 secs] [Times: user=0.01 sys=0.00, real=0.00 secs] 
130.885: [GC (Allocation Failure) 130.885: [ParNew: 250577K->10240K(276480K), 0.0019763 secs] 261690K->21353K(378880K), 0.0020873 secs] [Times: user=0.02 sys=0.00, real=0.01 secs] 
133.918: [GC (Allocation Failure) 133.918: [ParNew: 250577K->0K(276480K), 0.0009454 secs] 261690K->11113K(378880K), 0.0010898 secs] [Times: user=0.00 sys=0.01, real=0.00 secs] 
135.955: [GC (Allocation Failure) 135.955: [ParNew: 240337K->20480K(276480K), 0.0038360 secs] 251450K->41833K(378880K), 0.0039289 secs] [Times: user=0.03 sys=0.00, real=0.01 secs] 
138.996: [GC (Allocation Failure) 138.996: [ParNew: 260817K->20480K(276480K), 0.0026446 secs] 282170K->41833K(378880K), 0.0027356 secs] [Times: user=0.03 sys=0.00, real=0.01 secs] 
142.034: [GC (Allocation Failure) 142.035: [ParNew: 260817K->10240K(276480K), 0.0017469 secs] 282170K->31593K(378880K), 0.0018404 secs] [Times: user=0.02 sys=0.00, real=0.00 secs] 
145.073: [GC (Allocation Failure) 145.073: [ParNew: 250577K->0K(276480K), 0.0005472 secs] 271930K->21353K(378880K), 0.0006548 secs] [Times: user=0.00 sys=0.00, real=0.00 secs] 
148.111: [GC (Allocation Failure) 148.111: [ParNew: 240337K->10240K(276480K), 0.0015610 secs] 261690K->31593K(378880K), 0.0016518 secs] [Times: user=0.01 sys=0.00, real=0.00 secs] 
151.148: [GC (Allocation Failure) 151.148: [ParNew: 250577K->10240K(276480K), 0.0015199 secs] 271930K->31593K(378880K), 0.0016092 secs] [Times: user=0.01 sys=0.00, real=0.00 secs] 
154.186: [GC (Allocation Failure) 154.186: [ParNew: 250577K->10240K(276480K), 0.0021382 secs] 271930K->31593K(378880K), 0.0022706 secs] [Times: user=0.01 sys=0.00, real=0.01 secs] 
157.225: [GC (Allocation Failure) 157.225: [ParNew: 250577K->0K(276480K), 0.0008655 secs] 271930K->21353K(378880K), 0.0010153 secs] [Times: user=0.00 sys=0.00, real=0.00 secs] 
159.256: [GC (Allocation Failure) 159.256: [ParNew: 240337K->20480K(276480K), 0.0036889 secs] 261690K->52073K(378880K), 0.0037738 secs] [Times: user=0.04 sys=0.00, real=0.01 secs] 
162.298: [GC (Allocation Failure) 162.298: [ParNew: 260817K->20480K(276480K), 0.0026654 secs] 292410K->52073K(378880K), 0.0027611 secs] [Times: user=0.03 sys=0.00, real=0.00 secs] 
165.338: [GC (Allocation Failure) 165.338: [ParNew: 260817K->10240K(276480K), 0.0015609 secs] 292410K->41833K(378880K), 0.0016507 secs] [Times: user=0.02 sys=0.00, real=0.00 secs] 
168.375: [GC (Allocation Failure) 168.375: [ParNew: 250577K->0K(276480K), 0.0005222 secs] 282170K->31593K(378880K), 0.0006135 secs] [Times: user=0.01 sys=0.00, real=0.00 secs] 
171.412: [GC (Allocation Failure) 171.412: [ParNew: 240337K->10240K(276480K), 0.0020178 secs] 271930K->41833K(378880K), 0.0021478 secs] [Times: user=0.02 sys=0.00, real=0.00 secs] 
174.454: [GC (Allocation Failure) 174.454: [ParNew: 250577K->10240K(276480K), 0.0029960 secs] 282170K->41833K(378880K), 0.0031036 secs] [Times: user=0.02 sys=0.00, real=0.01 secs] 
177.498: [GC (Allocation Failure) 177.498: [ParNew: 250577K->10240K(276480K), 0.0019524 secs] 282170K->41833K(378880K), 0.0020499 secs] [Times: user=0.02 sys=0.00, real=0.00 secs] 
180.534: [GC (Allocation Failure) 180.534: [ParNew: 250577K->0K(276480K), 0.0004645 secs] 282170K->31593K(378880K), 0.0005574 secs] [Times: user=0.00 sys=0.00, real=0.00 secs] 
182.566: [GC (Allocation Failure) 182.566: [ParNew: 240337K->20480K(276480K), 0.0047897 secs] 271930K->62313K(378880K), 0.0048697 secs] [Times: user=0.05 sys=0.00, real=0.01 secs] 
185.605: [GC (Allocation Failure) 185.605: [ParNew: 260817K->20480K(276480K), 0.0027165 secs] 302650K->62313K(378880K), 0.0028298 secs] [Times: user=0.03 sys=0.00, real=0.01 secs] 
188.644: [GC (Allocation Failure) 188.644: [ParNew: 260817K->10240K(276480K), 0.0013760 secs] 302650K->52073K(378880K), 0.0014655 secs] [Times: user=0.02 sys=0.01, real=0.00 secs] 
191.686: [GC (Allocation Failure) 191.686: [ParNew: 250577K->0K(276480K), 0.0005844 secs] 292410K->41833K(378880K), 0.0006769 secs] [Times: user=0.01 sys=0.00, real=0.01 secs] 
194.721: [GC (Allocation Failure) 194.721: [ParNew: 240337K->10240K(276480K), 0.0018701 secs] 282170K->52073K(378880K), 0.0019749 secs] [Times: user=0.02 sys=0.00, real=0.00 secs] 
197.760: [GC (Allocation Failure) 197.760: [ParNew: 250577K->10240K(276480K), 0.0017491 secs] 292410K->52073K(378880K), 0.0018638 secs] [Times: user=0.01 sys=0.00, real=0.00 secs] 
200.799: [GC (Allocation Failure) 200.799: [ParNew: 250577K->10240K(276480K), 0.0015955 secs] 292410K->52073K(378880K), 0.0016944 secs] [Times: user=0.02 sys=0.00, real=0.00 secs] 
203.837: [GC (Allocation Failure) 203.837: [ParNew: 250577K->0K(276480K), 0.0006990 secs] 292410K->41833K(378880K), 0.0008010 secs] [Times: user=0.00 sys=0.00, real=0.00 secs] 
205.869: [GC (Allocation Failure) 205.869: [ParNew: 240337K->20480K(276480K), 0.0044595 secs] 282170K->72553K(378880K), 0.0045521 secs] [Times: user=0.05 sys=0.00, real=0.00 secs] 
208.902: [GC (Allocation Failure) 208.902: [ParNew: 260817K->20480K(276480K), 0.0028262 secs] 312890K->72553K(378880K), 0.0029181 secs] [Times: user=0.02 sys=0.00, real=0.00 secs] 
211.939: [GC (Allocation Failure) 211.939: [ParNew: 260817K->10240K(276480K), 0.0016517 secs] 312890K->62313K(378880K), 0.0017467 secs] [Times: user=0.01 sys=0.00, real=0.00 secs] 
214.977: [GC (Allocation Failure) 214.977: [ParNew: 250577K->0K(276480K), 0.0005236 secs] 302650K->52073K(378880K), 0.0006329 secs] [Times: user=0.00 sys=0.00, real=0.00 secs] 
218.016: [GC (Allocation Failure) 218.016: [ParNew: 240337K->10240K(276480K), 0.0017086 secs] 292410K->62313K(378880K), 0.0017897 secs] [Times: user=0.01 sys=0.00, real=0.00 secs] 
221.048: [GC (Allocation Failure) 221.048: [ParNew: 250577K->10240K(276480K), 0.0016498 secs] 302650K->62313K(378880K), 0.0017725 secs] [Times: user=0.01 sys=0.00, real=0.00 secs] 
224.080: [GC (Allocation Failure) 224.080: [ParNew: 250577K->10240K(276480K), 0.0017007 secs] 302650K->62313K(378880K), 0.0018078 secs] [Times: user=0.01 sys=0.00, real=0.00 secs] 
227.114: [GC (Allocation Failure) 227.114: [ParNew: 250577K->0K(276480K), 0.0010227 secs] 302650K->52073K(378880K), 0.0011626 secs] [Times: user=0.00 sys=0.00, real=0.00 secs] 
229.148: [GC (Allocation Failure) 229.148: [ParNew: 240337K->20480K(276480K), 0.0097199 secs] 292410K->82793K(378880K), 0.0098174 secs] [Times: user=0.09 sys=0.00, real=0.01 secs] 
232.193: [GC (Allocation Failure) 232.193: [ParNew: 260817K->20480K(276480K), 0.0030221 secs] 323130K->82793K(378880K), 0.0031174 secs] [Times: user=0.03 sys=0.00, real=0.01 secs] 
235.236: [GC (Allocation Failure) 235.236: [ParNew: 260817K->10240K(276480K), 0.0015809 secs] 323130K->72553K(378880K), 0.0016758 secs] [Times: user=0.01 sys=0.00, real=0.00 secs] 
238.266: [GC (Allocation Failure) 238.266: [ParNew: 250577K->0K(276480K), 0.0004471 secs] 312890K->62313K(378880K), 0.0005101 secs] [Times: user=0.00 sys=0.00, real=0.00 secs] 
241.300: [GC (Allocation Failure) 241.300: [ParNew: 240337K->10240K(276480K), 0.0013624 secs] 302650K->72553K(378880K), 0.0014276 secs] [Times: user=0.01 sys=0.00, real=0.00 secs] 
244.338: [GC (Allocation Failure) 244.338: [ParNew: 250577K->10240K(276480K), 0.0020920 secs] 312890K->72553K(378880K), 0.0022224 secs] [Times: user=0.02 sys=0.00, real=0.00 secs] 
247.377: [GC (Allocation Failure) 247.377: [ParNew: 250577K->10240K(276480K), 0.0026714 secs] 312890K->72553K(378880K), 0.0027910 secs] [Times: user=0.02 sys=0.00, real=0.00 secs] 
250.413: [GC (Allocation Failure) 250.413: [ParNew: 250577K->0K(276480K), 0.0004473 secs] 312890K->62313K(378880K), 0.0005333 secs] [Times: user=0.00 sys=0.00, real=0.00 secs] 
252.441: [GC (Allocation Failure) 252.441: [ParNew: 240337K->20480K(276480K), 0.0076663 secs] 302650K->93033K(378880K), 0.0077379 secs] [Times: user=0.07 sys=0.01, real=0.01 secs] 
252.450: [GC (CMS Initial Mark) [1 CMS-initial-mark: 72553K(102400K)] 103273K(378880K), 0.0001604 secs] [Times: user=0.00 sys=0.00, real=0.00 secs] 
252.450: [CMS-concurrent-mark-start]
252.451: [CMS-concurrent-mark: 0.001/0.001 secs] [Times: user=0.00 sys=0.00, real=0.00 secs] 
252.451: [CMS-concurrent-preclean-start]
252.451: [CMS-concurrent-preclean: 0.000/0.000 secs] [Times: user=0.00 sys=0.00, real=0.00 secs] 
252.451: [CMS-concurrent-abortable-preclean-start]
254.627: [CMS-concurrent-abortable-preclean: 0.006/2.176 secs] [Times: user=0.02 sys=0.00, real=2.18 secs] 
254.627: [GC (CMS Final Remark) [YG occupancy: 199376 K (276480 K)]254.627: [Rescan (parallel) , 0.0005165 secs]254.628: [weak refs processing, 0.0000341 secs]254.628: [class unloading, 0.0004231 secs]254.629: [scrub symbol table, 0.0007190 secs]254.629: [scrub string table, 0.0003980 secs][1 CMS-remark: 72553K(102400K)] 271930K(378880K), 0.0023534 secs] [Times: user=0.00 sys=0.00, real=0.00 secs] 
254.630: [CMS-concurrent-sweep-start]
254.631: [CMS-concurrent-sweep: 0.001/0.001 secs] [Times: user=0.00 sys=0.00, real=0.00 secs] 
254.631: [CMS-concurrent-reset-start]
254.631: [CMS-concurrent-reset: 0.000/0.000 secs] [Times: user=0.00 sys=0.00, real=0.00 secs] 
255.480: [GC (Allocation Failure) 255.480: [ParNew: 260817K->20480K(276480K), 0.0026890 secs] 271878K->31541K(378880K), 0.0027828 secs] [Times: user=0.03 sys=0.00, real=0.00 secs] 
258.516: [GC (Allocation Failure) 258.516: [ParNew: 260817K->10240K(276480K), 0.0015935 secs] 271878K->21301K(378880K), 0.0016911 secs] [Times: user=0.01 sys=0.00, real=0.00 secs] 
261.550: [GC (Allocation Failure) 261.550: [ParNew: 250577K->0K(276480K), 0.0005382 secs] 261638K->11060K(378880K), 0.0006363 secs] [Times: user=0.00 sys=0.00, real=0.00 secs] 
264.580: [GC (Allocation Failure) 264.580: [ParNew: 240337K->0K(276480K), 0.0005182 secs] 251398K->11060K(378880K), 0.0006069 secs] [Times: user=0.00 sys=0.00, real=0.00 secs] 
267.611: [GC (Allocation Failure) 267.611: [ParNew: 240371K->0K(276480K), 0.0004113 secs] 251432K->11060K(378880K), 0.0004856 secs] [Times: user=0.00 sys=0.00, real=0.00 secs] 
270.644: [GC (Allocation Failure) 270.644: [ParNew: 240359K->0K(276480K), 0.0004917 secs] 251420K->11060K(378880K), 0.0005704 secs] [Times: user=0.00 sys=0.00, real=0.00 secs] 
273.675: [GC (Allocation Failure) 273.675: [ParNew: 240351K->0K(276480K), 0.0003659 secs] 251412K->11060K(378880K), 0.0004346 secs] [Times: user=0.01 sys=0.00, real=0.00 secs] 
275.704: [GC (Allocation Failure) 275.704: [ParNew: 240346K->0K(276480K), 0.0004243 secs] 251407K->11060K(378880K), 0.0005021 secs] [Times: user=0.00 sys=0.01, real=0.00 secs] 
278.746: [GC (Allocation Failure) 278.746: [ParNew: 240342K->0K(276480K), 0.0014462 secs] 251403K->11060K(378880K), 0.0016714 secs] [Times: user=0.01 sys=0.00, real=0.00 secs] 
281.781: [GC (Allocation Failure) 281.781: [ParNew: 240340K->0K(276480K), 0.0005720 secs] 251401K->11060K(378880K), 0.0006644 secs] [Times: user=0.00 sys=0.00, real=0.00 secs] 
284.815: [GC (Allocation Failure) 284.815: [ParNew: 240339K->0K(276480K), 0.0003988 secs] 251400K->11060K(378880K), 0.0004599 secs] [Times: user=0.00 sys=0.00, real=0.00 secs] 
287.850: [GC (Allocation Failure) 287.850: [ParNew: 240338K->0K(276480K), 0.0005376 secs] 251399K->11060K(378880K), 0.0006202 secs] [Times: user=0.00 sys=0.00, real=0.00 secs] 
290.881: [GC (Allocation Failure) 290.881: [ParNew: 240338K->0K(276480K), 0.0004619 secs] 251399K->11060K(378880K), 0.0005513 secs] [Times: user=0.01 sys=0.01, real=0.00 secs] 
293.913: [GC (Allocation Failure) 293.913: [ParNew: 240337K->0K(276480K), 0.0005051 secs] 251398K->11060K(378880K), 0.0005819 secs] [Times: user=0.00 sys=0.00, real=0.00 secs] 
296.947: [GC (Allocation Failure) 296.947: [ParNew: 240337K->0K(276480K), 0.0010323 secs] 251398K->11060K(378880K), 0.0011457 secs] [Times: user=0.00 sys=0.00, real=0.00 secs] 
298.974: [GC (Allocation Failure) 298.974: [ParNew: 240337K->0K(276480K), 0.0004251 secs] 251398K->11060K(378880K), 0.0004918 secs] [Times: user=0.01 sys=0.00, real=0.00 secs] 
302.008: [GC (Allocation Failure) 302.008: [ParNew: 240337K->0K(276480K), 0.0004095 secs] 251398K->11060K(378880K), 0.0004755 secs] [Times: user=0.00 sys=0.00, real=0.00 secs] 
305.040: [GC (Allocation Failure) 305.040: [ParNew: 240337K->0K(276480K), 0.0004247 secs] 251398K->11060K(378880K), 0.0005166 secs] [Times: user=0.01 sys=0.00, real=0.00 secs] 
308.071: [GC (Allocation Failure) 308.071: [ParNew: 240337K->0K(276480K), 0.0005195 secs] 251398K->11060K(378880K), 0.0006087 secs] [Times: user=0.00 sys=0.00, real=0.00 secs] 
311.105: [GC (Allocation Failure) 311.105: [ParNew: 240337K->0K(276480K), 0.0004957 secs] 251398K->11060K(378880K), 0.0005881 secs] [Times: user=0.00 sys=0.00, real=0.00 secs] 
314.137: [GC (Allocation Failure) 314.137: [ParNew: 240337K->0K(276480K), 0.0004884 secs] 251398K->11060K(378880K), 0.0005631 secs] [Times: user=0.00 sys=0.00, real=0.00 secs] 
317.172: [GC (Allocation Failure) 317.172: [ParNew: 240337K->0K(276480K), 0.0004091 secs] 251398K->11060K(378880K), 0.0004744 secs] [Times: user=0.00 sys=0.00, real=0.00 secs] 
320.207: [GC (Allocation Failure) 320.207: [ParNew: 240337K->0K(276480K), 0.0005242 secs] 251398K->11060K(378880K), 0.0006188 secs] [Times: user=0.00 sys=0.00, real=0.00 secs] 
322.238: [GC (Allocation Failure) 322.238: [ParNew: 240337K->0K(276480K), 0.0003605 secs] 251398K->11060K(378880K), 0.0004207 secs] [Times: user=0.01 sys=0.00, real=0.00 secs] 
325.267: [GC (Allocation Failure) 325.267: [ParNew: 240337K->0K(276480K), 0.0003962 secs] 251398K->11060K(378880K), 0.0004584 secs] [Times: user=0.00 sys=0.00, real=0.00 secs] 
328.295: [GC (Allocation Failure) 328.295: [ParNew: 240337K->0K(276480K), 0.0004396 secs] 251398K->11060K(378880K), 0.0005370 secs] [Times: user=0.00 sys=0.00, real=0.00 secs] 
331.320: [GC (Allocation Failure) 331.320: [ParNew: 240337K->0K(276480K), 0.0005159 secs] 251398K->11060K(378880K), 0.0006058 secs] [Times: user=0.01 sys=0.00, real=0.00 secs] 
334.352: [GC (Allocation Failure) 334.352: [ParNew: 240337K->0K(276480K), 0.0004438 secs] 251398K->11060K(378880K), 0.0005573 secs] [Times: user=0.00 sys=0.00, real=0.00 secs] 
337.385: [GC (Allocation Failure) 337.385: [ParNew: 240337K->0K(276480K), 0.0005657 secs] 251398K->11060K(378880K), 0.0006732 secs] [Times: user=0.01 sys=0.01, real=0.00 secs] 
340.415: [GC (Allocation Failure) 340.415: [ParNew: 240337K->0K(276480K), 0.0006586 secs] 251398K->11060K(378880K), 0.0007663 secs] [Times: user=0.00 sys=0.00, real=0.00 secs] 
343.446: [GC (Allocation Failure) 343.447: [ParNew: 240337K->0K(276480K), 0.0012533 secs] 251398K->11060K(378880K), 0.0013558 secs] [Times: user=0.01 sys=0.00, real=0.00 secs] 
345.474: [GC (Allocation Failure) 345.474: [ParNew: 240337K->0K(276480K), 0.0003974 secs] 251398K->11060K(378880K), 0.0004712 secs] [Times: user=0.00 sys=0.00, real=0.00 secs] 
348.508: [GC (Allocation Failure) 348.508: [ParNew: 240337K->0K(276480K), 0.0007042 secs] 251398K->11060K(378880K), 0.0007840 secs] [Times: user=0.00 sys=0.00, real=0.00 secs] 
351.539: [GC (Allocation Failure) 351.539: [ParNew: 240337K->0K(276480K), 0.0008920 secs] 251398K->11060K(378880K), 0.0010135 secs] [Times: user=0.01 sys=0.01, real=0.00 secs] 
354.565: [GC (Allocation Failure) 354.565: [ParNew: 240337K->0K(276480K), 0.0005177 secs] 251398K->11060K(378880K), 0.0006508 secs] [Times: user=0.00 sys=0.00, real=0.00 secs] 
357.597: [GC (Allocation Failure) 357.597: [ParNew: 240337K->0K(276480K), 0.0006135 secs] 251398K->11060K(378880K), 0.0006975 secs] [Times: user=0.01 sys=0.00, real=0.00 secs] 
360.624: [GC (Allocation Failure) 360.624: [ParNew: 240337K->0K(276480K), 0.0008013 secs] 251398K->11060K(378880K), 0.0008918 secs] [Times: user=0.00 sys=0.00, real=0.00 secs] 
363.658: [GC (Allocation Failure) 363.659: [ParNew: 240337K->0K(276480K), 0.0005306 secs] 251398K->11060K(378880K), 0.0010073 secs] [Times: user=0.01 sys=0.00, real=0.00 secs] 
366.691: [GC (Allocation Failure) 366.691: [ParNew: 240337K->0K(276480K), 0.0008569 secs] 251398K->11060K(378880K), 0.0010063 secs] [Times: user=0.00 sys=0.00, real=0.00 secs] 
368.716: [GC (Allocation Failure) 368.716: [ParNew: 240337K->0K(276480K), 0.0003769 secs] 251398K->11060K(378880K), 0.0004531 secs] [Times: user=0.00 sys=0.00, real=0.00 secs] 
371.748: [GC (Allocation Failure) 371.748: [ParNew: 240337K->0K(276480K), 0.0004148 secs] 251398K->11060K(378880K), 0.0004866 secs] [Times: user=0.00 sys=0.00, real=0.00 secs] 
374.779: [GC (Allocation Failure) 374.779: [ParNew: 240337K->0K(276480K), 0.0005305 secs] 251398K->11060K(378880K), 0.0006200 secs] [Times: user=0.01 sys=0.00, real=0.00 secs] 
377.807: [GC (Allocation Failure) 377.807: [ParNew: 240337K->0K(276480K), 0.0004042 secs] 251398K->11060K(378880K), 0.0004773 secs] [Times: user=0.00 sys=0.00, real=0.00 secs] 
380.835: [GC (Allocation Failure) 380.835: [ParNew: 240337K->0K(276480K), 0.0005433 secs] 251398K->11060K(378880K), 0.0006470 secs] [Times: user=0.00 sys=0.01, real=0.00 secs] 
383.862: [GC (Allocation Failure) 383.862: [ParNew: 240337K->0K(276480K), 0.0005030 secs] 251398K->11060K(378880K), 0.0005929 secs] [Times: user=0.00 sys=0.00, real=0.01 secs] 
386.892: [GC (Allocation Failure) 386.892: [ParNew: 240337K->0K(276480K), 0.0003610 secs] 251398K->11060K(378880K), 0.0004242 secs] [Times: user=0.00 sys=0.00, real=0.00 secs] 
389.924: [GC (Allocation Failure) 389.924: [ParNew: 240337K->0K(276480K), 0.0003297 secs] 251398K->11060K(378880K), 0.0003774 secs] [Times: user=0.01 sys=0.00, real=0.00 secs] 
391.952: [GC (Allocation Failure) 391.952: [ParNew: 240337K->0K(276480K), 0.0003810 secs] 251398K->11060K(378880K), 0.0004512 secs] [Times: user=0.00 sys=0.00, real=0.00 secs] 
394.988: [GC (Allocation Failure) 394.988: [ParNew: 240337K->0K(276480K), 0.0004198 secs] 251398K->11060K(378880K), 0.0005116 secs] [Times: user=0.00 sys=0.00, real=0.00 secs] 
398.017: [GC (Allocation Failure) 398.017: [ParNew: 240337K->0K(276480K), 0.0004164 secs] 251398K->11060K(378880K), 0.0005196 secs] [Times: user=0.00 sys=0.00, real=0.01 secs] 
401.050: [GC (Allocation Failure) 401.050: [ParNew: 240337K->0K(276480K), 0.0003438 secs] 251398K->11060K(378880K), 0.0004071 secs] [Times: user=0.00 sys=0.00, real=0.00 secs] 
404.083: [GC (Allocation Failure) 404.083: [ParNew: 240337K->0K(276480K), 0.0004729 secs] 251398K->11060K(378880K), 0.0005722 secs] [Times: user=0.00 sys=0.00, real=0.00 secs] 
407.113: [GC (Allocation Failure) 407.113: [ParNew: 240337K->0K(276480K), 0.0004238 secs] 251398K->11060K(378880K), 0.0005118 secs] [Times: user=0.00 sys=0.00, real=0.00 secs] 
410.154: [GC (Allocation Failure) 410.154: [ParNew: 240337K->0K(276480K), 0.0005600 secs] 251398K->11060K(378880K), 0.0006723 secs] [Times: user=0.01 sys=0.00, real=0.00 secs] 
413.185: [GC (Allocation Failure) 413.185: [ParNew: 240337K->0K(276480K), 0.0005577 secs] 251398K->11060K(378880K), 0.0006410 secs] [Times: user=0.00 sys=0.00, real=0.00 secs] 
415.214: [GC (Allocation Failure) 415.214: [ParNew: 240337K->0K(276480K), 0.0003884 secs] 251398K->11060K(378880K), 0.0004906 secs] [Times: user=0.00 sys=0.00, real=0.00 secs] 
418.246: [GC (Allocation Failure) 418.246: [ParNew: 240337K->0K(276480K), 0.0005448 secs] 251398K->11060K(378880K), 0.0006609 secs] [Times: user=0.00 sys=0.00, real=0.00 secs] 
421.280: [GC (Allocation Failure) 421.280: [ParNew: 240337K->0K(276480K), 0.0005406 secs] 251398K->11060K(378880K), 0.0006127 secs] [Times: user=0.00 sys=0.00, real=0.00 secs] 
424.311: [GC (Allocation Failure) 424.311: [ParNew: 240337K->0K(276480K), 0.0004547 secs] 251398K->11060K(378880K), 0.0005418 secs] [Times: user=0.00 sys=0.00, real=0.00 secs] 
427.343: [GC (Allocation Failure) 427.343: [ParNew: 240337K->0K(276480K), 0.0005172 secs] 251398K->11060K(378880K), 0.0006104 secs] [Times: user=0.00 sys=0.01, real=0.00 secs] 
430.366: [GC (Allocation Failure) 430.366: [ParNew: 240337K->0K(276480K), 0.0003647 secs] 251398K->11060K(378880K), 0.0004352 secs] [Times: user=0.01 sys=0.00, real=0.01 secs] 
433.393: [GC (Allocation Failure) 433.393: [ParNew: 240337K->0K(276480K), 0.0005363 secs] 251398K->11060K(378880K), 0.0006434 secs] [Times: user=0.00 sys=0.00, real=0.00 secs] 
436.425: [GC (Allocation Failure) 436.425: [ParNew: 240337K->0K(276480K), 0.0009925 secs] 251398K->11060K(378880K), 0.0011476 secs] [Times: user=0.00 sys=0.00, real=0.00 secs] 
438.454: [GC (Allocation Failure) 438.454: [ParNew: 240337K->0K(276480K), 0.0004336 secs] 251398K->11060K(378880K), 0.0005103 secs] [Times: user=0.00 sys=0.00, real=0.00 secs] 
441.489: [GC (Allocation Failure) 441.489: [ParNew: 240337K->0K(276480K), 0.0003967 secs] 251398K->11060K(378880K), 0.0004593 secs] [Times: user=0.01 sys=0.00, real=0.00 secs] 
444.518: [GC (Allocation Failure) 444.518: [ParNew: 240337K->0K(276480K), 0.0003374 secs] 251398K->11060K(378880K), 0.0004046 secs] [Times: user=0.00 sys=0.00, real=0.00 secs] 
447.545: [GC (Allocation Failure) 447.545: [ParNew: 240337K->0K(276480K), 0.0004477 secs] 251398K->11060K(378880K), 0.0005257 secs] [Times: user=0.00 sys=0.00, real=0.00 secs] 
450.568: [GC (Allocation Failure) 450.568: [ParNew: 240337K->0K(276480K), 0.0004968 secs] 251398K->11060K(378880K), 0.0005802 secs] [Times: user=0.00 sys=0.00, real=0.00 secs] 
453.602: [GC (Allocation Failure) 453.602: [ParNew: 240337K->0K(276480K), 0.0004968 secs] 251398K->11060K(378880K), 0.0010603 secs] [Times: user=0.00 sys=0.00, real=0.00 secs] 
456.635: [GC (Allocation Failure) 456.635: [ParNew: 240337K->0K(276480K), 0.0006846 secs] 251398K->11060K(378880K), 0.0008014 secs] [Times: user=0.01 sys=0.00, real=0.00 secs] 
459.664: [GC (Allocation Failure) 459.664: [ParNew: 240337K->0K(276480K), 0.0004044 secs] 251398K->11060K(378880K), 0.0005066 secs] [Times: user=0.00 sys=0.00, real=0.00 secs] 
461.693: [GC (Allocation Failure) 461.693: [ParNew: 240337K->0K(276480K), 0.0004354 secs] 251398K->11060K(378880K), 0.0005185 secs] [Times: user=0.00 sys=0.00, real=0.00 secs] 
464.725: [GC (Allocation Failure) 464.725: [ParNew: 240337K->0K(276480K), 0.0004293 secs] 251398K->11060K(378880K), 0.0005072 secs] [Times: user=0.00 sys=0.00, real=0.00 secs] 
467.757: [GC (Allocation Failure) 467.757: [ParNew: 240337K->0K(276480K), 0.0004297 secs] 251398K->11060K(378880K), 0.0005039 secs] [Times: user=0.00 sys=0.00, real=0.00 secs] 
470.788: [GC (Allocation Failure) 470.788: [ParNew: 240337K->0K(276480K), 0.0004595 secs] 251398K->11060K(378880K), 0.0005521 secs] [Times: user=0.00 sys=0.00, real=0.00 secs] 
473.819: [GC (Allocation Failure) 473.819: [ParNew: 240337K->0K(276480K), 0.0005248 secs] 251398K->11060K(378880K), 0.0006131 secs] [Times: user=0.01 sys=0.01, real=0.00 secs] 
476.849: [GC (Allocation Failure) 476.849: [ParNew: 240337K->0K(276480K), 0.0003908 secs] 251398K->11060K(378880K), 0.0004689 secs] [Times: user=0.00 sys=0.00, real=0.00 secs] 
479.879: [GC (Allocation Failure) 479.880: [ParNew: 240337K->0K(276480K), 0.0006381 secs] 251398K->11060K(378880K), 0.0007462 secs] [Times: user=0.01 sys=0.00, real=0.00 secs] 
482.914: [GC (Allocation Failure) 482.914: [ParNew: 240337K->0K(276480K), 0.0009229 secs] 251398K->11060K(378880K), 0.0010843 secs] [Times: user=0.00 sys=0.00, real=0.00 secs] 
484.947: [GC (Allocation Failure) 484.947: [ParNew: 240337K->0K(276480K), 0.0004213 secs] 251398K->11060K(378880K), 0.0005257 secs] [Times: user=0.00 sys=0.00, real=0.00 secs] 
487.978: [GC (Allocation Failure) 487.978: [ParNew: 240337K->0K(276480K), 0.0003468 secs] 251398K->11060K(378880K), 0.0003963 secs] [Times: user=0.00 sys=0.00, real=0.00 secs] 
491.014: [GC (Allocation Failure) 491.014: [ParNew: 240337K->0K(276480K), 0.0004236 secs] 251398K->11060K(378880K), 0.0004857 secs] [Times: user=0.00 sys=0.00, real=0.00 secs] 
494.049: [GC (Allocation Failure) 494.049: [ParNew: 240337K->0K(276480K), 0.0005551 secs] 251398K->11060K(378880K), 0.0006308 secs] [Times: user=0.00 sys=0.00, real=0.00 secs] 
497.079: [GC (Allocation Failure) 497.079: [ParNew: 240337K->0K(276480K), 0.0004583 secs] 251398K->11060K(378880K), 0.0005376 secs] [Times: user=0.01 sys=0.00, real=0.00 secs] 
500.109: [GC (Allocation Failure) 500.109: [ParNew: 240337K->0K(276480K), 0.0003544 secs] 251398K->11060K(378880K), 0.0004085 secs] [Times: user=0.00 sys=0.00, real=0.00 secs] 
503.133: [GC (Allocation Failure) 503.133: [ParNew: 240337K->0K(276480K), 0.0006045 secs] 251398K->11060K(378880K), 0.0006870 secs] [Times: user=0.00 sys=0.00, real=0.00 secs] 
506.164: [GC (Allocation Failure) 506.164: [ParNew: 240337K->0K(276480K), 0.0006702 secs] 251398K->11060K(378880K), 0.0007696 secs] [Times: user=0.00 sys=0.00, real=0.00 secs] 
508.196: [GC (Allocation Failure) 508.196: [ParNew: 240337K->0K(276480K), 0.0009843 secs] 251398K->11060K(378880K), 0.0010546 secs] [Times: user=0.01 sys=0.00, real=0.01 secs] 
511.228: [GC (Allocation Failure) 511.228: [ParNew: 240337K->0K(276480K), 0.0004912 secs] 251398K->11060K(378880K), 0.0005710 secs] [Times: user=0.00 sys=0.00, real=0.00 secs] 
514.258: [GC (Allocation Failure) 514.258: [ParNew: 240337K->0K(276480K), 0.0004327 secs] 251398K->11060K(378880K), 0.0005391 secs] [Times: user=0.00 sys=0.00, real=0.00 secs] 
517.284: [GC (Allocation Failure) 517.284: [ParNew: 240337K->0K(276480K), 0.0003205 secs] 251398K->11060K(378880K), 0.0003872 secs] [Times: user=0.00 sys=0.00, real=0.00 secs] 
520.307: [GC (Allocation Failure) 520.307: [ParNew: 240337K->0K(276480K), 0.0003733 secs] 251398K->11060K(378880K), 0.0004413 secs] [Times: user=0.00 sys=0.00, real=0.00 secs] 
523.337: [GC (Allocation Failure) 523.337: [ParNew: 240337K->0K(276480K), 0.0004931 secs] 251398K->11060K(378880K), 0.0005838 secs] [Times: user=0.01 sys=0.00, real=0.00 secs] 
526.369: [GC (Allocation Failure) 526.369: [ParNew: 240337K->0K(276480K), 0.0006189 secs] 251398K->11060K(378880K), 0.0007266 secs] [Times: user=0.00 sys=0.00, real=0.00 secs] 
529.396: [GC (Allocation Failure) 529.396: [ParNew: 240337K->0K(276480K), 0.0003446 secs] 251398K->11060K(378880K), 0.0004126 secs] [Times: user=0.00 sys=0.00, real=0.00 secs] 
531.418: [GC (Allocation Failure) 531.418: [ParNew: 240337K->0K(276480K), 0.0003012 secs] 251398K->11060K(378880K), 0.0003619 secs] [Times: user=0.00 sys=0.00, real=0.00 secs] 
534.449: [GC (Allocation Failure) 534.449: [ParNew: 240337K->0K(276480K), 0.0004843 secs] 251398K->11060K(378880K), 0.0005502 secs] [Times: user=0.00 sys=0.00, real=0.00 secs] 
537.480: [GC (Allocation Failure) 537.480: [ParNew: 240337K->0K(276480K), 0.0004255 secs] 251398K->11060K(378880K), 0.0004992 secs] [Times: user=0.00 sys=0.00, real=0.00 secs] 
540.525: [GC (Allocation Failure) 540.525: [ParNew: 240337K->0K(276480K), 0.0003817 secs] 251398K->11060K(378880K), 0.0004470 secs] [Times: user=0.01 sys=0.00, real=0.00 secs] 
543.559: [GC (Allocation Failure) 543.559: [ParNew: 240337K->0K(276480K), 0.0004956 secs] 251398K->11060K(378880K), 0.0006040 secs] [Times: user=0.00 sys=0.00, real=0.00 secs] 
546.590: [GC (Allocation Failure) 546.590: [ParNew: 240337K->0K(276480K), 0.0005748 secs] 251398K->11060K(378880K), 0.0006703 secs] [Times: user=0.01 sys=0.00, real=0.00 secs] 
549.616: [GC (Allocation Failure) 549.616: [ParNew: 240337K->0K(276480K), 0.0004252 secs] 251398K->11060K(378880K), 0.0005031 secs] [Times: user=0.00 sys=0.00, real=0.00 secs] 
552.645: [GC (Allocation Failure) 552.645: [ParNew: 240337K->0K(276480K), 0.0009170 secs] 251398K->11060K(378880K), 0.0011009 secs] [Times: user=0.00 sys=0.00, real=0.01 secs] 
554.674: [GC (Allocation Failure) 554.674: [ParNew: 240337K->0K(276480K), 0.0004288 secs] 251398K->11060K(378880K), 0.0004945 secs] [Times: user=0.01 sys=0.00, real=0.00 secs] 
557.701: [GC (Allocation Failure) 557.701: [ParNew: 240337K->0K(276480K), 0.0004211 secs] 251398K->11060K(378880K), 0.0005010 secs] [Times: user=0.00 sys=0.00, real=0.00 secs] 
560.727: [GC (Allocation Failure) 560.727: [ParNew: 240337K->0K(276480K), 0.0004572 secs] 251398K->11060K(378880K), 0.0005341 secs] [Times: user=0.00 sys=0.00, real=0.00 secs] 
563.755: [GC (Allocation Failure) 563.755: [ParNew: 240337K->0K(276480K), 0.0003496 secs] 251398K->11060K(378880K), 0.0004062 secs] [Times: user=0.01 sys=0.00, real=0.00 secs] 
566.784: [GC (Allocation Failure) 566.784: [ParNew: 240337K->0K(276480K), 0.0003424 secs] 251398K->11060K(378880K), 0.0003960 secs] [Times: user=0.00 sys=0.00, real=0.00 secs] 
569.817: [GC (Allocation Failure) 569.817: [ParNew: 240337K->0K(276480K), 0.0005138 secs] 251398K->11060K(378880K), 0.0005942 secs] [Times: user=0.00 sys=0.00, real=0.00 secs] 
572.856: [GC (Allocation Failure) 572.856: [ParNew: 240337K->0K(276480K), 0.0006828 secs] 251398K->11060K(378880K), 0.0007653 secs] [Times: user=0.00 sys=0.00, real=0.00 secs] 
575.886: [GC (Allocation Failure) 575.886: [ParNew: 240337K->0K(276480K), 0.0010762 secs] 251398K->11060K(378880K), 0.0012221 secs] [Times: user=0.01 sys=0.00, real=0.00 secs] 
577.918: [GC (Allocation Failure) 577.918: [ParNew: 240337K->0K(276480K), 0.0004092 secs] 251398K->11060K(378880K), 0.0004766 secs] [Times: user=0.00 sys=0.00, real=0.00 secs] 
580.948: [GC (Allocation Failure) 580.948: [ParNew: 240337K->0K(276480K), 0.0007774 secs] 251398K->11060K(378880K), 0.0008725 secs] [Times: user=0.00 sys=0.00, real=0.00 secs] 
583.978: [GC (Allocation Failure) 583.978: [ParNew: 240337K->0K(276480K), 0.0004045 secs] 251398K->11060K(378880K), 0.0004707 secs] [Times: user=0.00 sys=0.00, real=0.00 secs] 
587.011: [GC (Allocation Failure) 587.011: [ParNew: 240337K->0K(276480K), 0.0010354 secs] 251398K->11060K(378880K), 0.0011306 secs] [Times: user=0.01 sys=0.00, real=0.00 secs] 
590.046: [GC (Allocation Failure) 590.047: [ParNew: 240337K->0K(276480K), 0.0006240 secs] 251398K->11060K(378880K), 0.0007187 secs] [Times: user=0.00 sys=0.00, real=0.00 secs] 
593.081: [GC (Allocation Failure) 593.081: [ParNew: 240337K->0K(276480K), 0.0006282 secs] 251398K->11060K(378880K), 0.0007329 secs] [Times: user=0.00 sys=0.00, real=0.00 secs] 
596.113: [GC (Allocation Failure) 596.113: [ParNew: 240337K->0K(276480K), 0.0006730 secs] 251398K->11060K(378880K), 0.0007723 secs] [Times: user=0.01 sys=0.01, real=0.00 secs] 
599.147: [GC (Allocation Failure) 599.147: [ParNew: 240337K->0K(276480K), 0.0005976 secs] 251398K->11060K(378880K), 0.0007063 secs] [Times: user=0.00 sys=0.00, real=0.00 secs] 
601.180: [GC (Allocation Failure) 601.180: [ParNew: 240337K->0K(276480K), 0.0004538 secs] 251398K->11060K(378880K), 0.0005277 secs] [Times: user=0.01 sys=0.00, real=0.00 secs] 
604.213: [GC (Allocation Failure) 604.213: [ParNew: 240337K->0K(276480K), 0.0005329 secs] 251398K->11060K(378880K), 0.0006277 secs] [Times: user=0.00 sys=0.00, real=0.00 secs] 
607.248: [GC (Allocation Failure) 607.248: [ParNew: 240337K->0K(276480K), 0.0005651 secs] 251398K->11060K(378880K), 0.0006556 secs] [Times: user=0.00 sys=0.00, real=0.00 secs] 
610.276: [GC (Allocation Failure) 610.276: [ParNew: 240337K->0K(276480K), 0.0005020 secs] 251398K->11060K(378880K), 0.0005894 secs] [Times: user=0.01 sys=0.00, real=0.00 secs] 
613.307: [GC (Allocation Failure) 613.307: [ParNew: 240337K->0K(276480K), 0.0005139 secs] 251398K->11060K(378880K), 0.0006042 secs] [Times: user=0.00 sys=0.00, real=0.00 secs] 
616.340: [GC (Allocation Failure) 616.340: [ParNew: 240337K->0K(276480K), 0.0003533 secs] 251398K->11060K(378880K), 0.0004224 secs] [Times: user=0.00 sys=0.00, real=0.00 secs] 
619.369: [GC (Allocation Failure) 619.369: [ParNew: 240337K->0K(276480K), 0.0007508 secs] 251398K->11060K(378880K), 0.0008636 secs] [Times: user=0.00 sys=0.00, real=0.00 secs] 
622.402: [GC (Allocation Failure) 622.402: [ParNew: 240337K->0K(276480K), 0.0006091 secs] 251398K->11060K(378880K), 0.0006912 secs] [Times: user=0.01 sys=0.00, real=0.00 secs] 
624.428: [GC (Allocation Failure) 624.428: [ParNew: 240337K->0K(276480K), 0.0004253 secs] 251398K->11060K(378880K), 0.0004913 secs] [Times: user=0.00 sys=0.00, real=0.00 secs] 
627.456: [GC (Allocation Failure) 627.456: [ParNew: 240337K->0K(276480K), 0.0003863 secs] 251398K->11060K(378880K), 0.0004392 secs] [Times: user=0.00 sys=0.00, real=0.00 secs] 
630.491: [GC (Allocation Failure) 630.491: [ParNew: 240337K->0K(276480K), 0.0005480 secs] 251398K->11060K(378880K), 0.0006236 secs] [Times: user=0.00 sys=0.00, real=0.00 secs] 
633.516: [GC (Allocation Failure) 633.516: [ParNew: 240337K->0K(276480K), 0.0004795 secs] 251398K->11060K(378880K), 0.0005803 secs] [Times: user=0.01 sys=0.00, real=0.00 secs] 
636.541: [GC (Allocation Failure) 636.541: [ParNew: 240337K->0K(276480K), 0.0004736 secs] 251398K->11060K(378880K), 0.0005594 secs] [Times: user=0.00 sys=0.00, real=0.00 secs] 
639.577: [GC (Allocation Failure) 639.577: [ParNew: 240337K->0K(276480K), 0.0005695 secs] 251398K->11060K(378880K), 0.0006682 secs] [Times: user=0.00 sys=0.00, real=0.00 secs] 
642.609: [GC (Allocation Failure) 642.610: [ParNew: 240337K->0K(276480K), 0.0006272 secs] 251398K->11060K(378880K), 0.0007386 secs] [Times: user=0.00 sys=0.00, real=0.00 secs] 
645.644: [GC (Allocation Failure) 645.644: [ParNew: 240337K->0K(276480K), 0.0007106 secs] 251398K->11060K(378880K), 0.0008450 secs] [Times: user=0.01 sys=0.00, real=0.00 secs] 
647.675: [GC (Allocation Failure) 647.675: [ParNew: 240337K->0K(276480K), 0.0004318 secs] 251398K->11060K(378880K), 0.0005298 secs] [Times: user=0.00 sys=0.00, real=0.00 secs] 
650.702: [GC (Allocation Failure) 650.702: [ParNew: 240337K->0K(276480K), 0.0004385 secs] 251398K->11060K(378880K), 0.0005146 secs] [Times: user=0.01 sys=0.01, real=0.00 secs] 
653.736: [GC (Allocation Failure) 653.736: [ParNew: 240337K->0K(276480K), 0.0005894 secs] 251398K->11060K(378880K), 0.0006872 secs] [Times: user=0.00 sys=0.00, real=0.00 secs] 
656.765: [GC (Allocation Failure) 656.765: [ParNew: 240337K->0K(276480K), 0.0005139 secs] 251398K->11060K(378880K), 0.0006017 secs] [Times: user=0.01 sys=0.00, real=0.00 secs] 
659.800: [GC (Allocation Failure) 659.800: [ParNew: 240337K->0K(276480K), 0.0004837 secs] 251398K->11060K(378880K), 0.0005754 secs] [Times: user=0.00 sys=0.00, real=0.00 secs] 
662.842: [GC (Allocation Failure) 662.842: [ParNew: 240337K->0K(276480K), 0.0004890 secs] 251398K->11060K(378880K), 0.0005660 secs] [Times: user=0.00 sys=0.00, real=0.00 secs] 
665.875: [GC (Allocation Failure) 665.875: [ParNew: 240337K->0K(276480K), 0.0005864 secs] 251398K->11060K(378880K), 0.0006985 secs] [Times: user=0.00 sys=0.00, real=0.00 secs] 
668.903: [GC (Allocation Failure) 668.903: [ParNew: 240337K->0K(276480K), 0.0006074 secs] 251398K->11060K(378880K), 0.0007463 secs] [Times: user=0.01 sys=0.00, real=0.00 secs] 
670.934: [GC (Allocation Failure) 670.934: [ParNew: 240337K->0K(276480K), 0.0004970 secs] 251398K->11060K(378880K), 0.0005751 secs] [Times: user=0.00 sys=0.00, real=0.01 secs] 
673.966: [GC (Allocation Failure) 673.966: [ParNew: 240337K->0K(276480K), 0.0004829 secs] 251398K->11060K(378880K), 0.0005708 secs] [Times: user=0.01 sys=0.00, real=0.00 secs] 
677.000: [GC (Allocation Failure) 677.001: [ParNew: 240337K->0K(276480K), 0.0005071 secs] 251398K->11060K(378880K), 0.0005956 secs] [Times: user=0.00 sys=0.00, real=0.00 secs] 
680.035: [GC (Allocation Failure) 680.035: [ParNew: 240337K->0K(276480K), 0.0004512 secs] 251398K->11060K(378880K), 0.0005454 secs] [Times: user=0.01 sys=0.00, real=0.00 secs] 
683.066: [GC (Allocation Failure) 683.066: [ParNew: 240337K->0K(276480K), 0.0005203 secs] 251398K->11060K(378880K), 0.0006134 secs] [Times: user=0.00 sys=0.00, real=0.00 secs] 
686.100: [GC (Allocation Failure) 686.100: [ParNew: 240337K->0K(276480K), 0.0005083 secs] 251398K->11060K(378880K), 0.0005949 secs] [Times: user=0.01 sys=0.00, real=0.00 secs] 
689.131: [GC (Allocation Failure) 689.131: [ParNew: 240337K->0K(276480K), 0.0006353 secs] 251398K->11060K(378880K), 0.0007231 secs] [Times: user=0.00 sys=0.00, real=0.00 secs] 
692.164: [GC (Allocation Failure) 692.164: [ParNew: 240337K->0K(276480K), 0.0006206 secs] 251398K->11060K(378880K), 0.0007231 secs] [Times: user=0.01 sys=0.00, real=0.01 secs] 
694.195: [GC (Allocation Failure) 694.195: [ParNew: 240337K->0K(276480K), 0.0004295 secs] 251398K->11060K(378880K), 0.0005088 secs] [Times: user=0.00 sys=0.00, real=0.00 secs] 
697.230: [GC (Allocation Failure) 697.230: [ParNew: 240337K->0K(276480K), 0.0004609 secs] 251398K->11060K(378880K), 0.0005414 secs] [Times: user=0.00 sys=0.00, real=0.00 secs] 
700.265: [GC (Allocation Failure) 700.265: [ParNew: 240337K->0K(276480K), 0.0004426 secs] 251398K->11060K(378880K), 0.0005229 secs] [Times: user=0.01 sys=0.00, real=0.00 secs] 
703.297: [GC (Allocation Failure) 703.297: [ParNew: 240337K->0K(276480K), 0.0005575 secs] 251398K->11060K(378880K), 0.0006595 secs] [Times: user=0.00 sys=0.00, real=0.00 secs] 
706.330: [GC (Allocation Failure) 706.331: [ParNew: 240337K->0K(276480K), 0.0004607 secs] 251398K->11060K(378880K), 0.0005529 secs] [Times: user=0.00 sys=0.01, real=0.00 secs] 
709.364: [GC (Allocation Failure) 709.364: [ParNew: 240337K->0K(276480K), 0.0004229 secs] 251398K->11060K(378880K), 0.0005050 secs] [Times: user=0.00 sys=0.00, real=0.01 secs] 
712.398: [GC (Allocation Failure) 712.398: [ParNew: 240337K->0K(276480K), 0.0006533 secs] 251398K->11060K(378880K), 0.0007619 secs] [Times: user=0.00 sys=0.00, real=0.00 secs] 
715.427: [GC (Allocation Failure) 715.427: [ParNew: 240337K->0K(276480K), 0.0006431 secs] 251398K->11060K(378880K), 0.0007485 secs] [Times: user=0.01 sys=0.00, real=0.00 secs] 
717.457: [GC (Allocation Failure) 717.457: [ParNew: 240337K->0K(276480K), 0.0004339 secs] 251398K->11060K(378880K), 0.0005105 secs] [Times: user=0.00 sys=0.00, real=0.00 secs] 
720.490: [GC (Allocation Failure) 720.490: [ParNew: 240337K->0K(276480K), 0.0004664 secs] 251398K->11060K(378880K), 0.0005554 secs] [Times: user=0.01 sys=0.00, real=0.00 secs] 
723.514: [GC (Allocation Failure) 723.514: [ParNew: 240337K->0K(276480K), 0.0003711 secs] 251398K->11060K(378880K), 0.0004368 secs] [Times: user=0.00 sys=0.00, real=0.01 secs] 
726.544: [GC (Allocation Failure) 726.544: [ParNew: 240337K->0K(276480K), 0.0005079 secs] 251398K->11060K(378880K), 0.0005913 secs] [Times: user=0.01 sys=0.00, real=0.01 secs] 
729.573: [GC (Allocation Failure) 729.573: [ParNew: 240337K->0K(276480K), 0.0004648 secs] 251398K->11060K(378880K), 0.0005536 secs] [Times: user=0.00 sys=0.00, real=0.00 secs] 
732.607: [GC (Allocation Failure) 732.608: [ParNew: 240337K->0K(276480K), 0.0006202 secs] 251398K->11060K(378880K), 0.0007273 secs] [Times: user=0.01 sys=0.00, real=0.00 secs] 
735.640: [GC (Allocation Failure) 735.640: [ParNew: 240337K->0K(276480K), 0.0006399 secs] 251398K->11060K(378880K), 0.0007488 secs] [Times: user=0.00 sys=0.00, real=0.00 secs] 
738.671: [GC (Allocation Failure) 738.671: [ParNew: 240337K->0K(276480K), 0.0004016 secs] 251398K->11060K(378880K), 0.0004782 secs] [Times: user=0.01 sys=0.00, real=0.00 secs] 
740.701: [GC (Allocation Failure) 740.701: [ParNew: 240337K->0K(276480K), 0.0003787 secs] 251398K->11060K(378880K), 0.0004556 secs] [Times: user=0.00 sys=0.00, real=0.00 secs] 
743.732: [GC (Allocation Failure) 743.732: [ParNew: 240337K->0K(276480K), 0.0004032 secs] 251398K->11060K(378880K), 0.0004841 secs] [Times: user=0.00 sys=0.00, real=0.00 secs] 
746.764: [GC (Allocation Failure) 746.764: [ParNew: 240337K->0K(276480K), 0.0004818 secs] 251398K->11060K(378880K), 0.0006027 secs] [Times: user=0.00 sys=0.00, real=0.00 secs] 
749.796: [GC (Allocation Failure) 749.796: [ParNew: 240337K->0K(276480K), 0.0006524 secs] 251398K->11060K(378880K), 0.0007456 secs] [Times: user=0.00 sys=0.00, real=0.00 secs] 
752.826: [GC (Allocation Failure) 752.826: [ParNew: 240337K->0K(276480K), 0.0005585 secs] 251398K->11060K(378880K), 0.0006556 secs] [Times: user=0.00 sys=0.00, real=0.00 secs] 
755.853: [GC (Allocation Failure) 755.853: [ParNew: 240337K->0K(276480K), 0.0002954 secs] 251398K->11060K(378880K), 0.0003620 secs] [Times: user=0.00 sys=0.00, real=0.01 secs] 
758.878: [GC (Allocation Failure) 758.878: [ParNew: 240337K->0K(276480K), 0.0005781 secs] 251398K->11060K(378880K), 0.0006663 secs] [Times: user=0.01 sys=0.00, real=0.00 secs] 
761.910: [GC (Allocation Failure) 761.910: [ParNew: 240337K->0K(276480K), 0.0007828 secs] 251398K->11060K(378880K), 0.0008895 secs] [Times: user=0.00 sys=0.00, real=0.00 secs] 
763.937: [GC (Allocation Failure) 763.937: [ParNew: 240337K->0K(276480K), 0.0003930 secs] 251398K->11060K(378880K), 0.0004722 secs] [Times: user=0.00 sys=0.00, real=0.00 secs] 
766.967: [GC (Allocation Failure) 766.967: [ParNew: 240337K->0K(276480K), 0.0007806 secs] 251398K->11060K(378880K), 0.0008445 secs] [Times: user=0.00 sys=0.00, real=0.00 secs] 
769.993: [GC (Allocation Failure) 769.993: [ParNew: 240337K->0K(276480K), 0.0005647 secs] 251398K->11060K(378880K), 0.0006525 secs] [Times: user=0.01 sys=0.00, real=0.01 secs] 
773.029: [GC (Allocation Failure) 773.029: [ParNew: 240337K->0K(276480K), 0.0005447 secs] 251398K->11060K(378880K), 0.0006537 secs] [Times: user=0.00 sys=0.00, real=0.00 secs] 
776.062: [GC (Allocation Failure) 776.062: [ParNew: 240337K->0K(276480K), 0.0005372 secs] 251398K->11060K(378880K), 0.0006514 secs] [Times: user=0.00 sys=0.00, real=0.00 secs] 
779.092: [GC (Allocation Failure) 779.093: [ParNew: 240337K->0K(276480K), 0.0003872 secs] 251398K->11060K(378880K), 0.0004583 secs] [Times: user=0.00 sys=0.00, real=0.00 secs] 
782.125: [GC (Allocation Failure) 782.125: [ParNew: 240337K->0K(276480K), 0.0004413 secs] 251398K->11060K(378880K), 0.0005172 secs] [Times: user=0.00 sys=0.00, real=0.00 secs] 
785.157: [GC (Allocation Failure) 785.157: [ParNew: 240337K->0K(276480K), 0.0007842 secs] 251398K->11060K(378880K), 0.0009420 secs] [Times: user=0.00 sys=0.00, real=0.00 secs] 
787.194: [GC (Allocation Failure) 787.194: [ParNew: 240337K->0K(276480K), 0.0004320 secs] 251398K->11060K(378880K), 0.0005067 secs] [Times: user=0.00 sys=0.00, real=0.00 secs] 
790.226: [GC (Allocation Failure) 790.226: [ParNew: 240337K->0K(276480K), 0.0004497 secs] 251398K->11060K(378880K), 0.0005296 secs] [Times: user=0.00 sys=0.00, real=0.00 secs] 
793.258: [GC (Allocation Failure) 793.258: [ParNew: 240337K->0K(276480K), 0.0005217 secs] 251398K->11060K(378880K), 0.0006129 secs] [Times: user=0.01 sys=0.00, real=0.00 secs] 
796.293: [GC (Allocation Failure) 796.293: [ParNew: 240337K->0K(276480K), 0.0004755 secs] 251398K->11060K(378880K), 0.0005657 secs] [Times: user=0.00 sys=0.00, real=0.00 secs] 
799.326: [GC (Allocation Failure) 799.326: [ParNew: 240337K->0K(276480K), 0.0005029 secs] 251398K->11060K(378880K), 0.0005930 secs] [Times: user=0.00 sys=0.00, real=0.00 secs] 
802.360: [GC (Allocation Failure) 802.360: [ParNew: 240337K->0K(276480K), 0.0004703 secs] 251398K->11060K(378880K), 0.0005727 secs] [Times: user=0.01 sys=0.00, real=0.00 secs] 
805.396: [GC (Allocation Failure) 805.396: [ParNew: 240337K->0K(276480K), 0.0004618 secs] 251398K->11060K(378880K), 0.0005697 secs] [Times: user=0.00 sys=0.00, real=0.00 secs] 
808.426: [GC (Allocation Failure) 808.426: [ParNew: 240337K->0K(276480K), 0.0008491 secs] 251398K->11060K(378880K), 0.0009895 secs] [Times: user=0.01 sys=0.00, real=0.00 secs] 
810.456: [GC (Allocation Failure) 810.456: [ParNew: 240337K->0K(276480K), 0.0004214 secs] 251398K->11060K(378880K), 0.0005021 secs] [Times: user=0.00 sys=0.00, real=0.00 secs] 
813.488: [GC (Allocation Failure) 813.488: [ParNew: 240337K->0K(276480K), 0.0004785 secs] 251398K->11060K(378880K), 0.0005593 secs] [Times: user=0.00 sys=0.00, real=0.00 secs] 
816.520: [GC (Allocation Failure) 816.520: [ParNew: 240337K->0K(276480K), 0.0004283 secs] 251398K->11060K(378880K), 0.0005062 secs] [Times: user=0.00 sys=0.00, real=0.00 secs] 
819.552: [GC (Allocation Failure) 819.552: [ParNew: 240337K->0K(276480K), 0.0003754 secs] 251398K->11060K(378880K), 0.0004382 secs] [Times: user=0.00 sys=0.00, real=0.00 secs] 
822.578: [GC (Allocation Failure) 822.579: [ParNew: 240337K->0K(276480K), 0.0005196 secs] 251398K->11060K(378880K), 0.0006352 secs] [Times: user=0.00 sys=0.00, real=0.00 secs] 
825.612: [GC (Allocation Failure) 825.612: [ParNew: 240337K->0K(276480K), 0.0005731 secs] 251398K->11060K(378880K), 0.0006580 secs] [Times: user=0.00 sys=0.00, real=0.00 secs] 
828.645: [GC (Allocation Failure) 828.645: [ParNew: 240337K->0K(276480K), 0.0017701 secs] 251398K->11060K(378880K), 0.0018603 secs] [Times: user=0.01 sys=0.00, real=0.00 secs] 
831.677: [GC (Allocation Failure) 831.677: [ParNew: 240337K->0K(276480K), 0.0008420 secs] 251398K->11060K(378880K), 0.0009856 secs] [Times: user=0.01 sys=0.00, real=0.00 secs] 
833.708: [GC (Allocation Failure) 833.708: [ParNew: 240337K->0K(276480K), 0.0004589 secs] 251398K->11060K(378880K), 0.0005244 secs] [Times: user=0.00 sys=0.00, real=0.00 secs] 
836.736: [GC (Allocation Failure) 836.736: [ParNew: 240337K->0K(276480K), 0.0004417 secs] 251398K->11060K(378880K), 0.0005110 secs] [Times: user=0.01 sys=0.00, real=0.00 secs] 
839.765: [GC (Allocation Failure) 839.765: [ParNew: 240337K->0K(276480K), 0.0005155 secs] 251398K->11060K(378880K), 0.0005907 secs] [Times: user=0.00 sys=0.00, real=0.00 secs] 
842.795: [GC (Allocation Failure) 842.795: [ParNew: 240337K->0K(276480K), 0.0005551 secs] 251398K->11060K(378880K), 0.0006388 secs] [Times: user=0.00 sys=0.00, real=0.00 secs] 
845.827: [GC (Allocation Failure) 845.827: [ParNew: 240337K->0K(276480K), 0.0004652 secs] 251398K->11060K(378880K), 0.0005697 secs] [Times: user=0.00 sys=0.00, real=0.00 secs] 
848.851: [GC (Allocation Failure) 848.851: [ParNew: 240337K->0K(276480K), 0.0004234 secs] 251398K->11060K(378880K), 0.0005001 secs] [Times: user=0.00 sys=0.00, real=0.00 secs] 
851.878: [GC (Allocation Failure) 851.878: [ParNew: 240337K->0K(276480K), 0.0005902 secs] 251398K->11060K(378880K), 0.0006793 secs] [Times: user=0.00 sys=0.00, real=0.00 secs] 
854.904: [GC (Allocation Failure) 854.905: [ParNew: 240337K->0K(276480K), 0.0009132 secs] 251398K->11060K(378880K), 0.0010524 secs] [Times: user=0.00 sys=0.00, real=0.00 secs] 
856.931: [GC (Allocation Failure) 856.931: [ParNew: 240337K->0K(276480K), 0.0003916 secs] 251398K->11060K(378880K), 0.0004583 secs] [Times: user=0.00 sys=0.00, real=0.00 secs] 
859.960: [GC (Allocation Failure) 859.960: [ParNew: 240337K->0K(276480K), 0.0003399 secs] 251398K->11060K(378880K), 0.0004067 secs] [Times: user=0.01 sys=0.01, real=0.00 secs] 
862.989: [GC (Allocation Failure) 862.989: [ParNew: 240337K->0K(276480K), 0.0003813 secs] 251398K->11060K(378880K), 0.0004446 secs] [Times: user=0.00 sys=0.00, real=0.00 secs] 
866.020: [GC (Allocation Failure) 866.020: [ParNew: 240337K->0K(276480K), 0.0004880 secs] 251398K->11060K(378880K), 0.0005823 secs] [Times: user=0.01 sys=0.00, real=0.00 secs] 
869.051: [GC (Allocation Failure) 869.051: [ParNew: 240337K->0K(276480K), 0.0005073 secs] 251398K->11060K(378880K), 0.0005996 secs] [Times: user=0.00 sys=0.00, real=0.00 secs] 
872.082: [GC (Allocation Failure) 872.082: [ParNew: 240337K->0K(276480K), 0.0007293 secs] 251398K->11060K(378880K), 0.0008377 secs] [Times: user=0.01 sys=0.00, real=0.01 secs] 
875.109: [GC (Allocation Failure) 875.109: [ParNew: 240337K->0K(276480K), 0.0004974 secs] 251398K->11060K(378880K), 0.0005880 secs] [Times: user=0.00 sys=0.00, real=0.00 secs] 
878.141: [GC (Allocation Failure) 878.142: [ParNew: 240337K->0K(276480K), 0.0004204 secs] 251398K->11060K(378880K), 0.0005081 secs] [Times: user=0.01 sys=0.00, real=0.00 secs] 
880.165: [GC (Allocation Failure) 880.165: [ParNew: 240337K->0K(276480K), 0.0004871 secs] 251398K->11060K(378880K), 0.0005870 secs] [Times: user=0.00 sys=0.00, real=0.00 secs] 
883.197: [GC (Allocation Failure) 883.197: [ParNew: 240337K->0K(276480K), 0.0010448 secs] 251398K->11060K(378880K), 0.0011179 secs] [Times: user=0.01 sys=0.00, real=0.00 secs] 
886.230: [GC (Allocation Failure) 886.230: [ParNew: 240337K->0K(276480K), 0.0004549 secs] 251398K->11060K(378880K), 0.0005893 secs] [Times: user=0.00 sys=0.00, real=0.00 secs] 
889.262: [GC (Allocation Failure) 889.262: [ParNew: 240337K->0K(276480K), 0.0003918 secs] 251398K->11060K(378880K), 0.0004782 secs] [Times: user=0.00 sys=0.00, real=0.00 secs] 
892.293: [GC (Allocation Failure) 892.293: [ParNew: 240337K->0K(276480K), 0.0004022 secs] 251398K->11060K(378880K), 0.0004632 secs] [Times: user=0.00 sys=0.00, real=0.00 secs] 
895.322: [GC (Allocation Failure) 895.322: [ParNew: 240337K->0K(276480K), 0.0004130 secs] 251398K->11060K(378880K), 0.0004687 secs] [Times: user=0.00 sys=0.00, real=0.01 secs] 
898.355: [GC (Allocation Failure) 898.355: [ParNew: 240337K->0K(276480K), 0.0004670 secs] 251398K->11060K(378880K), 0.0005435 secs] [Times: user=0.00 sys=0.00, real=0.00 secs] 
901.381: [GC (Allocation Failure) 901.381: [ParNew: 240337K->0K(276480K), 0.0009406 secs] 251398K->11060K(378880K), 0.0010472 secs] [Times: user=0.00 sys=0.00, real=0.00 secs] 
903.405: [GC (Allocation Failure) 903.405: [ParNew: 240337K->0K(276480K), 0.0004071 secs] 251398K->11060K(378880K), 0.0004899 secs] [Times: user=0.00 sys=0.01, real=0.00 secs] 
906.434: [GC (Allocation Failure) 906.434: [ParNew: 240337K->0K(276480K), 0.0003588 secs] 251398K->11060K(378880K), 0.0004302 secs] [Times: user=0.00 sys=0.00, real=0.00 secs] 
909.464: [GC (Allocation Failure) 909.464: [ParNew: 240337K->0K(276480K), 0.0005143 secs] 251398K->11060K(378880K), 0.0006072 secs] [Times: user=0.00 sys=0.00, real=0.00 secs] 
912.501: [GC (Allocation Failure) 912.501: [ParNew: 240337K->0K(276480K), 0.0005138 secs] 251398K->11060K(378880K), 0.0005958 secs] [Times: user=0.00 sys=0.00, real=0.00 secs] 
915.533: [GC (Allocation Failure) 915.533: [ParNew: 240337K->0K(276480K), 0.0005067 secs] 251398K->11060K(378880K), 0.0005980 secs] [Times: user=0.00 sys=0.00, real=0.00 secs] 
918.569: [GC (Allocation Failure) 918.569: [ParNew: 240337K->0K(276480K), 0.0005981 secs] 251398K->11060K(378880K), 0.0007005 secs] [Times: user=0.00 sys=0.00, real=0.00 secs] 
921.602: [GC (Allocation Failure) 921.602: [ParNew: 240337K->0K(276480K), 0.0006423 secs] 251398K->11060K(378880K), 0.0007428 secs] [Times: user=0.00 sys=0.00, real=0.00 secs] 
924.633: [GC (Allocation Failure) 924.633: [ParNew: 240337K->0K(276480K), 0.0015662 secs] 251398K->11060K(378880K), 0.0016971 secs] [Times: user=0.00 sys=0.00, real=0.00 secs] 
926.664: [GC (Allocation Failure) 926.664: [ParNew: 240337K->0K(276480K), 0.0004102 secs] 251398K->11060K(378880K), 0.0004886 secs] [Times: user=0.00 sys=0.00, real=0.00 secs] 
929.687: [GC (Allocation Failure) 929.687: [ParNew: 240337K->0K(276480K), 0.0005226 secs] 251398K->11060K(378880K), 0.0006102 secs] [Times: user=0.00 sys=0.01, real=0.00 secs] 
932.716: [GC (Allocation Failure) 932.716: [ParNew: 240337K->0K(276480K), 0.0005346 secs] 251398K->11060K(378880K), 0.0006249 secs] [Times: user=0.00 sys=0.00, real=0.00 secs] 
935.743: [GC (Allocation Failure) 935.743: [ParNew: 240337K->0K(276480K), 0.0003941 secs] 251398K->11060K(378880K), 0.0004782 secs] [Times: user=0.00 sys=0.00, real=0.00 secs] 
938.773: [GC (Allocation Failure) 938.774: [ParNew: 240337K->0K(276480K), 0.0005185 secs] 251398K->11060K(378880K), 0.0006084 secs] [Times: user=0.00 sys=0.00, real=0.00 secs] 
941.800: [GC (Allocation Failure) 941.800: [ParNew: 240337K->0K(276480K), 0.0006195 secs] 251398K->11060K(378880K), 0.0007300 secs] [Times: user=0.00 sys=0.00, real=0.00 secs] 
944.841: [GC (Allocation Failure) 944.841: [ParNew: 240337K->0K(276480K), 0.0004778 secs] 251398K->11060K(378880K), 0.0005707 secs] [Times: user=0.00 sys=0.00, real=0.00 secs] 
947.889: [GC (Allocation Failure) 947.889: [ParNew: 240337K->0K(276480K), 0.0009473 secs] 251398K->11060K(378880K), 0.0010846 secs] [Times: user=0.01 sys=0.00, real=0.00 secs] 
949.916: [GC (Allocation Failure) 949.916: [ParNew: 240337K->0K(276480K), 0.0004185 secs] 251398K->11060K(378880K), 0.0004929 secs] [Times: user=0.00 sys=0.00, real=0.00 secs] 
952.958: [GC (Allocation Failure) 952.958: [ParNew: 240337K->0K(276480K), 0.0005152 secs] 251398K->11060K(378880K), 0.0006068 secs] [Times: user=0.01 sys=0.00, real=0.00 secs] 
955.994: [GC (Allocation Failure) 955.994: [ParNew: 240337K->0K(276480K), 0.0005077 secs] 251398K->11060K(378880K), 0.0006313 secs] [Times: user=0.00 sys=0.00, real=0.00 secs] 
959.026: [GC (Allocation Failure) 959.026: [ParNew: 240337K->0K(276480K), 0.0005525 secs] 251398K->11060K(378880K), 0.0006289 secs] [Times: user=0.01 sys=0.00, real=0.00 secs] 
962.926: [GC (Allocation Failure) 962.926: [ParNew: 240337K->0K(276480K), 0.0013594 secs] 251398K->11060K(378880K), 0.0015547 secs] [Times: user=0.00 sys=0.00, real=0.00 secs] 
965.974: [GC (Allocation Failure) 965.974: [ParNew: 240337K->0K(276480K), 0.0006423 secs] 251398K->11060K(378880K), 0.0007589 secs] [Times: user=0.00 sys=0.00, real=0.00 secs] 
969.021: [GC (Allocation Failure) 969.021: [ParNew: 240337K->0K(276480K), 0.0004945 secs] 251398K->11060K(378880K), 0.0005828 secs] [Times: user=0.00 sys=0.00, real=0.01 secs] 
972.059: [GC (Allocation Failure) 972.059: [ParNew: 240337K->0K(276480K), 0.0009574 secs] 251398K->11060K(378880K), 0.0011178 secs] [Times: user=0.01 sys=0.00, real=0.00 secs] 
974.113: [GC (Allocation Failure) 974.113: [ParNew: 240337K->0K(276480K), 0.0013557 secs] 251398K->11060K(378880K), 0.0015528 secs] [Times: user=0.00 sys=0.00, real=0.00 secs] 
977.183: [GC (Allocation Failure) 977.184: [ParNew: 240337K->0K(276480K), 0.0013987 secs] 251398K->11060K(378880K), 0.0016110 secs] [Times: user=0.00 sys=0.00, real=0.01 secs] 
980.248: [GC (Allocation Failure) 980.248: [ParNew: 240337K->0K(276480K), 0.0014460 secs] 251398K->11060K(378880K), 0.0016703 secs] [Times: user=0.01 sys=0.00, real=0.00 secs] 
983.313: [GC (Allocation Failure) 983.314: [ParNew: 240337K->0K(276480K), 0.0012801 secs] 251398K->11060K(378880K), 0.0014840 secs] [Times: user=0.01 sys=0.00, real=0.01 secs] 
986.386: [GC (Allocation Failure) 986.386: [ParNew: 240337K->0K(276480K), 0.0014803 secs] 251398K->11060K(378880K), 0.0016944 secs] [Times: user=0.01 sys=0.00, real=0.00 secs] 
989.455: [GC (Allocation Failure) 989.455: [ParNew: 240337K->0K(276480K), 0.0014246 secs] 251398K->11060K(378880K), 0.0016562 secs] [Times: user=0.01 sys=0.00, real=0.01 secs] 
993.902: [GC (Allocation Failure) 993.902: [ParNew: 240337K->0K(276480K), 0.0003398 secs] 251398K->11060K(378880K), 0.0004013 secs] [Times: user=0.00 sys=0.00, real=0.00 secs] 
996.932: [GC (Allocation Failure) 996.932: [ParNew: 240337K->0K(276480K), 0.0003349 secs] 251398K->11060K(378880K), 0.0004055 secs] [Times: user=0.00 sys=0.00, real=0.00 secs] 
998.959: [GC (Allocation Failure) 998.959: [ParNew: 240337K->0K(276480K), 0.0004651 secs] 251398K->11060K(378880K), 0.0005385 secs] [Times: user=0.01 sys=0.00, real=0.00 secs] 
1001.994: [GC (Allocation Failure) 1001.994: [ParNew: 240337K->0K(276480K), 0.0005330 secs] 251398K->11060K(378880K), 0.0006200 secs] [Times: user=0.00 sys=0.00, real=0.00 secs] 
1005.022: [GC (Allocation Failure) 1005.022: [ParNew: 240337K->0K(276480K), 0.0005311 secs] 251398K->11060K(378880K), 0.0006160 secs] [Times: user=0.00 sys=0.00, real=0.00 secs] 
1008.055: [GC (Allocation Failure) 1008.056: [ParNew: 240337K->0K(276480K), 0.0004724 secs] 251398K->11060K(378880K), 0.0005500 secs] [Times: user=0.00 sys=0.00, real=0.00 secs] 
1011.099: [GC (Allocation Failure) 1011.099: [ParNew: 240337K->0K(276480K), 0.0005681 secs] 251398K->11060K(378880K), 0.0006815 secs] [Times: user=0.01 sys=0.00, real=0.00 secs] 
1014.125: [GC (Allocation Failure) 1014.130: [ParNew: 240337K->0K(276480K), 0.0007010 secs] 251398K->11060K(378880K), 0.0082176 secs] [Times: user=0.00 sys=0.00, real=0.00 secs] 
1017.166: [GC (Allocation Failure) 1017.166: [ParNew: 240337K->0K(276480K), 0.0006422 secs] 251398K->11060K(378880K), 0.0007466 secs] [Times: user=0.00 sys=0.00, real=0.01 secs] 
1020.194: [GC (Allocation Failure) 1020.194: [ParNew: 240337K->0K(276480K), 0.0009031 secs] 251398K->11060K(378880K), 0.0010428 secs] [Times: user=0.01 sys=0.00, real=0.00 secs] 
1022.223: [GC (Allocation Failure) 1022.223: [ParNew: 240337K->0K(276480K), 0.0003958 secs] 251398K->11060K(378880K), 0.0004773 secs] [Times: user=0.00 sys=0.00, real=0.00 secs] 
1025.248: [GC (Allocation Failure) 1025.249: [ParNew: 240337K->0K(276480K), 0.0005141 secs] 251398K->11060K(378880K), 0.0006337 secs] [Times: user=0.00 sys=0.00, real=0.00 secs] 
1028.279: [GC (Allocation Failure) 1028.279: [ParNew: 240337K->0K(276480K), 0.0004127 secs] 251398K->11060K(378880K), 0.0004728 secs] [Times: user=0.00 sys=0.00, real=0.00 secs] 
1031.314: [GC (Allocation Failure) 1031.314: [ParNew: 240337K->0K(276480K), 0.0005225 secs] 251398K->11060K(378880K), 0.0009798 secs] [Times: user=0.01 sys=0.00, real=0.00 secs] 
1034.347: [GC (Allocation Failure) 1034.347: [ParNew: 240337K->0K(276480K), 0.0004589 secs] 251398K->11060K(378880K), 0.0005257 secs] [Times: user=0.00 sys=0.00, real=0.00 secs] 
1037.375: [GC (Allocation Failure) 1037.375: [ParNew: 240337K->0K(276480K), 0.0005627 secs] 251398K->11060K(378880K), 0.0006613 secs] [Times: user=0.00 sys=0.01, real=0.00 secs] 
1040.406: [GC (Allocation Failure) 1040.406: [ParNew: 240337K->0K(276480K), 0.0004131 secs] 251398K->11060K(378880K), 0.0004735 secs] [Times: user=0.00 sys=0.00, real=0.00 secs] 
1043.434: [GC (Allocation Failure) 1043.434: [ParNew: 240337K->0K(276480K), 0.0005591 secs] 251398K->11060K(378880K), 0.0006364 secs] [Times: user=0.00 sys=0.00, real=0.00 secs] 
1045.463: [GC (Allocation Failure) 1045.463: [ParNew: 240337K->0K(276480K), 0.0003423 secs] 251398K->11060K(378880K), 0.0003906 secs] [Times: user=0.00 sys=0.00, real=0.01 secs] 
1048.495: [GC (Allocation Failure) 1048.495: [ParNew: 240337K->0K(276480K), 0.0005343 secs] 251398K->11060K(378880K), 0.0006097 secs] [Times: user=0.00 sys=0.00, real=0.00 secs] 
1051.524: [GC (Allocation Failure) 1051.524: [ParNew: 240337K->0K(276480K), 0.0005405 secs] 251398K->11060K(378880K), 0.0006155 secs] [Times: user=0.01 sys=0.00, real=0.00 secs] 
1054.550: [GC (Allocation Failure) 1054.550: [ParNew: 240337K->0K(276480K), 0.0005281 secs] 251398K->11060K(378880K), 0.0006137 secs] [Times: user=0.00 sys=0.00, real=0.00 secs] 
1057.581: [GC (Allocation Failure) 1057.581: [ParNew: 240337K->0K(276480K), 0.0007669 secs] 251398K->11060K(378880K), 0.0008331 secs] [Times: user=0.01 sys=0.00, real=0.00 secs] 
1060.608: [GC (Allocation Failure) 1060.608: [ParNew: 240337K->0K(276480K), 0.0006564 secs] 251398K->11060K(378880K), 0.0007692 secs] [Times: user=0.00 sys=0.00, real=0.00 secs] 
1063.637: [GC (Allocation Failure) 1063.637: [ParNew: 240337K->0K(276480K), 0.0006913 secs] 251398K->11060K(378880K), 0.0008048 secs] [Times: user=0.00 sys=0.00, real=0.00 secs] 
1066.664: [GC (Allocation Failure) 1066.664: [ParNew: 240337K->0K(276480K), 0.0006900 secs] 251398K->11060K(378880K), 0.0007554 secs] [Times: user=0.01 sys=0.00, real=0.00 secs] 
1068.691: [GC (Allocation Failure) 1068.691: [ParNew: 240337K->0K(276480K), 0.0004175 secs] 251398K->11060K(378880K), 0.0004934 secs] [Times: user=0.00 sys=0.00, real=0.00 secs] 
1071.719: [GC (Allocation Failure) 1071.719: [ParNew: 240337K->0K(276480K), 0.0004604 secs] 251398K->11060K(378880K), 0.0005556 secs] [Times: user=0.00 sys=0.00, real=0.00 secs] 
1074.748: [GC (Allocation Failure) 1074.748: [ParNew: 240337K->0K(276480K), 0.0005266 secs] 251398K->11060K(378880K), 0.0006157 secs] [Times: user=0.00 sys=0.00, real=0.00 secs] 
1077.783: [GC (Allocation Failure) 1077.783: [ParNew: 240337K->0K(276480K), 0.0004034 secs] 251398K->11060K(378880K), 0.0005169 secs] [Times: user=0.00 sys=0.00, real=0.00 secs] 
1080.811: [GC (Allocation Failure) 1080.811: [ParNew: 240337K->0K(276480K), 0.0009031 secs] 251398K->11060K(378880K), 0.0009570 secs] [Times: user=0.00 sys=0.00, real=0.00 secs] 
1083.837: [GC (Allocation Failure) 1083.837: [ParNew: 240337K->0K(276480K), 0.0006390 secs] 251398K->11060K(378880K), 0.0007546 secs] [Times: user=0.01 sys=0.00, real=0.00 secs] 
1086.867: [GC (Allocation Failure) 1086.867: [ParNew: 240337K->0K(276480K), 0.0006046 secs] 251398K->11060K(378880K), 0.0007115 secs] [Times: user=0.00 sys=0.00, real=0.00 secs] 
1089.898: [GC (Allocation Failure) 1089.899: [ParNew: 240337K->0K(276480K), 0.0008509 secs] 251398K->11060K(378880K), 0.0009727 secs] [Times: user=0.00 sys=0.00, real=0.00 secs] 
1091.926: [GC (Allocation Failure) 1091.926: [ParNew: 240337K->0K(276480K), 0.0004243 secs] 251398K->11060K(378880K), 0.0004949 secs] [Times: user=0.01 sys=0.00, real=0.00 secs] 
1094.955: [GC (Allocation Failure) 1094.955: [ParNew: 240337K->0K(276480K), 0.0005170 secs] 251398K->11060K(378880K), 0.0005921 secs] [Times: user=0.00 sys=0.00, real=0.00 secs] 
1097.987: [GC (Allocation Failure) 1097.987: [ParNew: 240337K->0K(276480K), 0.0005331 secs] 251398K->11060K(378880K), 0.0006099 secs] [Times: user=0.00 sys=0.00, real=0.00 secs] 
1101.014: [GC (Allocation Failure) 1101.015: [ParNew: 240337K->0K(276480K), 0.0004723 secs] 251398K->11060K(378880K), 0.0005466 secs] [Times: user=0.00 sys=0.00, real=0.00 secs] 
1104.042: [GC (Allocation Failure) 1104.042: [ParNew: 240337K->0K(276480K), 0.0005005 secs] 251398K->11060K(378880K), 0.0005753 secs] [Times: user=0.01 sys=0.00, real=0.00 secs] 
1107.074: [GC (Allocation Failure) 1107.074: [ParNew: 240337K->0K(276480K), 0.0006271 secs] 251398K->11060K(378880K), 0.0007167 secs] [Times: user=0.00 sys=0.00, real=0.00 secs] 
1110.101: [GC (Allocation Failure) 1110.101: [ParNew: 240337K->0K(276480K), 0.0003219 secs] 251398K->11060K(378880K), 0.0003752 secs] [Times: user=0.01 sys=0.00, real=0.00 secs] 
1113.123: [GC (Allocation Failure) 1113.123: [ParNew: 240337K->0K(276480K), 0.0008826 secs] 251398K->11060K(378880K), 0.0033319 secs] [Times: user=0.00 sys=0.00, real=0.01 secs] 
1115.158: [GC (Allocation Failure) 1115.158: [ParNew: 240337K->0K(276480K), 0.0004070 secs] 251398K->11060K(378880K), 0.0004774 secs] [Times: user=0.00 sys=0.00, real=0.00 secs] 
1118.195: [GC (Allocation Failure) 1118.195: [ParNew: 240337K->0K(276480K), 0.0005208 secs] 251398K->11060K(378880K), 0.0006093 secs] [Times: user=0.00 sys=0.00, real=0.00 secs] 
1121.229: [GC (Allocation Failure) 1121.229: [ParNew: 240337K->0K(276480K), 0.0005887 secs] 251398K->11060K(378880K), 0.0006809 secs] [Times: user=0.01 sys=0.00, real=0.00 secs] 
1124.277: [GC (Allocation Failure) 1124.277: [ParNew: 240337K->0K(276480K), 0.0005285 secs] 251398K->11060K(378880K), 0.0006182 secs] [Times: user=0.00 sys=0.00, real=0.00 secs] 
1127.321: [GC (Allocation Failure) 1127.321: [ParNew: 240337K->0K(276480K), 0.0005045 secs] 251398K->11060K(378880K), 0.0005932 secs] [Times: user=0.00 sys=0.00, real=0.00 secs] 
1130.360: [GC (Allocation Failure) 1130.361: [ParNew: 240337K->0K(276480K), 0.0006118 secs] 251398K->11060K(378880K), 0.0006672 secs] [Times: user=0.01 sys=0.00, real=0.00 secs] 
1133.403: [GC (Allocation Failure) 1133.403: [ParNew: 240337K->0K(276480K), 0.0004605 secs] 251398K->11060K(378880K), 0.0005694 secs] [Times: user=0.00 sys=0.00, real=0.00 secs] 
1136.434: [GC (Allocation Failure) 1136.434: [ParNew: 240337K->0K(276480K), 0.0006231 secs] 251398K->11060K(378880K), 0.0007225 secs] [Times: user=0.00 sys=0.01, real=0.00 secs] 
1138.457: [GC (Allocation Failure) 1138.457: [ParNew: 240337K->0K(276480K), 0.0004285 secs] 251398K->11060K(378880K), 0.0004996 secs] [Times: user=0.01 sys=0.00, real=0.00 secs] 
1141.490: [GC (Allocation Failure) 1141.490: [ParNew: 240337K->0K(276480K), 0.0004998 secs] 251398K->11060K(378880K), 0.0005892 secs] [Times: user=0.00 sys=0.00, real=0.00 secs] 
1144.521: [GC (Allocation Failure) 1144.522: [ParNew: 240337K->0K(276480K), 0.0003908 secs] 251398K->11060K(378880K), 0.0004738 secs] [Times: user=0.00 sys=0.00, real=0.00 secs] 
1147.549: [GC (Allocation Failure) 1147.549: [ParNew: 240337K->0K(276480K), 0.0004786 secs] 251398K->11060K(378880K), 0.0005654 secs] [Times: user=0.00 sys=0.00, real=0.00 secs] 
1150.578: [GC (Allocation Failure) 1150.578: [ParNew: 240337K->0K(276480K), 0.0005344 secs] 251398K->11060K(378880K), 0.0006237 secs] [Times: user=0.00 sys=0.01, real=0.00 secs] 
1153.607: [GC (Allocation Failure) 1153.607: [ParNew: 240337K->0K(276480K), 0.0004209 secs] 251398K->11060K(378880K), 0.0004811 secs] [Times: user=0.00 sys=0.00, real=0.00 secs] 
1156.637: [GC (Allocation Failure) 1156.637: [ParNew: 240337K->0K(276480K), 0.0005202 secs] 251398K->11060K(378880K), 0.0006094 secs] [Times: user=0.01 sys=0.00, real=0.00 secs] 
1159.671: [GC (Allocation Failure) 1159.671: [ParNew: 240337K->0K(276480K), 0.0009828 secs] 251398K->11060K(378880K), 0.0011268 secs] [Times: user=0.00 sys=0.00, real=0.00 secs] 
1161.701: [GC (Allocation Failure) 1161.701: [ParNew: 240337K->0K(276480K), 0.0004170 secs] 251398K->11060K(378880K), 0.0005098 secs] [Times: user=0.00 sys=0.00, real=0.00 secs] 
1164.725: [GC (Allocation Failure) 1164.725: [ParNew: 240337K->0K(276480K), 0.0005017 secs] 251398K->11060K(378880K), 0.0005912 secs] [Times: user=0.00 sys=0.01, real=0.00 secs] 
1167.751: [GC (Allocation Failure) 1167.751: [ParNew: 240337K->0K(276480K), 0.0005490 secs] 251398K->11060K(378880K), 0.0006252 secs] [Times: user=0.01 sys=0.00, real=0.00 secs] 
1170.780: [GC (Allocation Failure) 1170.781: [ParNew: 240337K->0K(276480K), 0.0005341 secs] 251398K->11060K(378880K), 0.0016341 secs] [Times: user=0.00 sys=0.00, real=0.00 secs] 
1173.812: [GC (Allocation Failure) 1173.812: [ParNew: 240337K->0K(276480K), 0.0004865 secs] 251398K->11060K(378880K), 0.0005830 secs] [Times: user=0.00 sys=0.00, real=0.00 secs] 
1176.840: [GC (Allocation Failure) 1176.840: [ParNew: 240337K->0K(276480K), 0.0006468 secs] 251398K->11060K(378880K), 0.0007483 secs] [Times: user=0.00 sys=0.00, real=0.00 secs] 
1179.870: [GC (Allocation Failure) 1179.870: [ParNew: 240337K->0K(276480K), 0.0010572 secs] 251398K->11060K(378880K), 0.0011723 secs] [Times: user=0.00 sys=0.00, real=0.00 secs] 
1182.898: [GC (Allocation Failure) 1182.898: [ParNew: 240337K->0K(276480K), 0.0004627 secs] 251398K->11060K(378880K), 0.0005513 secs] [Times: user=0.01 sys=0.00, real=0.00 secs] 
1184.923: [GC (Allocation Failure) 1184.923: [ParNew: 240337K->0K(276480K), 0.0003646 secs] 251398K->11060K(378880K), 0.0004210 secs] [Times: user=0.00 sys=0.00, real=0.00 secs] 
1187.954: [GC (Allocation Failure) 1187.954: [ParNew: 240337K->0K(276480K), 0.0005408 secs] 251398K->11060K(378880K), 0.0006277 secs] [Times: user=0.00 sys=0.00, real=0.00 secs] 
1190.981: [GC (Allocation Failure) 1190.981: [ParNew: 240337K->0K(276480K), 0.0003483 secs] 251398K->11060K(378880K), 0.0004058 secs] [Times: user=0.00 sys=0.00, real=0.01 secs] 
1194.008: [GC (Allocation Failure) 1194.008: [ParNew: 240337K->0K(276480K), 0.0004493 secs] 251398K->11060K(378880K), 0.0005187 secs] [Times: user=0.00 sys=0.01, real=0.00 secs] 
1197.037: [GC (Allocation Failure) 1197.037: [ParNew: 240337K->0K(276480K), 0.0006178 secs] 251398K->11060K(378880K), 0.0007088 secs] [Times: user=0.00 sys=0.00, real=0.00 secs] 
1200.065: [GC (Allocation Failure) 1200.065: [ParNew: 240337K->0K(276480K), 0.0005753 secs] 251398K->11060K(378880K), 0.0006866 secs] [Times: user=0.00 sys=0.00, real=0.00 secs] 
1203.099: [GC (Allocation Failure) 1203.099: [ParNew: 240337K->0K(276480K), 0.0006213 secs] 251398K->11060K(378880K), 0.0021807 secs] [Times: user=0.00 sys=0.00, real=0.00 secs] 
1206.133: [GC (Allocation Failure) 1206.133: [ParNew: 240337K->0K(276480K), 0.0008604 secs] 251398K->11060K(378880K), 0.0010092 secs] [Times: user=0.01 sys=0.00, real=0.00 secs] 
1208.161: [GC (Allocation Failure) 1208.161: [ParNew: 240337K->0K(276480K), 0.0003784 secs] 251398K->11060K(378880K), 0.0004510 secs] [Times: user=0.00 sys=0.00, real=0.00 secs] 
1211.188: [GC (Allocation Failure) 1211.188: [ParNew: 240337K->0K(276480K), 0.0003480 secs] 251398K->11060K(378880K), 0.0004025 secs] [Times: user=0.01 sys=0.00, real=0.00 secs] 
1214.215: [GC (Allocation Failure) 1214.215: [ParNew: 240337K->0K(276480K), 0.0004956 secs] 251398K->11060K(378880K), 0.0005824 secs] [Times: user=0.00 sys=0.00, real=0.00 secs] 
1217.244: [GC (Allocation Failure) 1217.244: [ParNew: 240337K->0K(276480K), 0.0003611 secs] 251398K->11060K(378880K), 0.0004273 secs] [Times: user=0.01 sys=0.00, real=0.00 secs] 
1220.271: [GC (Allocation Failure) 1220.271: [ParNew: 240337K->0K(276480K), 0.0005301 secs] 251398K->11060K(378880K), 0.0006164 secs] [Times: user=0.00 sys=0.00, real=0.01 secs] 
1223.303: [GC (Allocation Failure) 1223.303: [ParNew: 240337K->0K(276480K), 0.0006139 secs] 251398K->11060K(378880K), 0.0007257 secs] [Times: user=0.01 sys=0.00, real=0.00 secs] 
1226.336: [GC (Allocation Failure) 1226.337: [ParNew: 240337K->0K(276480K), 0.0007727 secs] 251398K->11060K(378880K), 0.0018714 secs] [Times: user=0.00 sys=0.00, real=0.00 secs] 
1229.369: [GC (Allocation Failure) 1229.369: [ParNew: 240337K->0K(276480K), 0.0004018 secs] 251398K->11060K(378880K), 0.0004709 secs] [Times: user=0.00 sys=0.00, real=0.00 secs] 
1231.393: [GC (Allocation Failure) 1231.393: [ParNew: 240337K->0K(276480K), 0.0004773 secs] 251398K->11060K(378880K), 0.0005414 secs] [Times: user=0.00 sys=0.00, real=0.00 secs] 
1234.426: [GC (Allocation Failure) 1234.426: [ParNew: 240337K->0K(276480K), 0.0005239 secs] 251398K->11060K(378880K), 0.0006041 secs] [Times: user=0.00 sys=0.00, real=0.00 secs] 
1237.454: [GC (Allocation Failure) 1237.454: [ParNew: 240337K->0K(276480K), 0.0003319 secs] 251398K->11060K(378880K), 0.0003953 secs] [Times: user=0.00 sys=0.00, real=0.00 secs] 
1240.481: [GC (Allocation Failure) 1240.481: [ParNew: 240337K->0K(276480K), 0.0005460 secs] 251398K->11060K(378880K), 0.0006407 secs] [Times: user=0.00 sys=0.00, real=0.01 secs] 
1243.517: [GC (Allocation Failure) 1243.517: [ParNew: 240337K->0K(276480K), 0.0004593 secs] 251398K->11060K(378880K), 0.0005369 secs] [Times: user=0.00 sys=0.00, real=0.00 secs] 
1246.550: [GC (Allocation Failure) 1246.550: [ParNew: 240337K->0K(276480K), 0.0006761 secs] 251398K->11060K(378880K), 0.0007808 secs] [Times: user=0.00 sys=0.00, real=0.00 secs] 
1249.590: [GC (Allocation Failure) 1249.590: [ParNew: 240337K->0K(276480K), 0.0003882 secs] 251398K->11060K(378880K), 0.0004518 secs] [Times: user=0.00 sys=0.00, real=0.01 secs] 
1252.638: [GC (Allocation Failure) 1252.638: [ParNew: 240337K->0K(276480K), 0.0008737 secs] 251398K->11060K(378880K), 0.0010131 secs] [Times: user=0.00 sys=0.00, real=0.00 secs] 
1254.671: [GC (Allocation Failure) 1254.671: [ParNew: 240337K->0K(276480K), 0.0003819 secs] 251398K->11060K(378880K), 0.0004544 secs] [Times: user=0.01 sys=0.00, real=0.00 secs] 
1257.706: [GC (Allocation Failure) 1257.706: [ParNew: 240337K->0K(276480K), 0.0004880 secs] 251398K->11060K(378880K), 0.0005863 secs] [Times: user=0.00 sys=0.00, real=0.01 secs] 
1260.745: [GC (Allocation Failure) 1260.745: [ParNew: 240337K->0K(276480K), 0.0004665 secs] 251398K->11060K(378880K), 0.0005645 secs] [Times: user=0.00 sys=0.00, real=0.00 secs] 
1265.093: [GC (Allocation Failure) 1265.093: [ParNew: 240337K->0K(276480K), 0.0005964 secs] 251398K->11060K(378880K), 0.0006922 secs] [Times: user=0.01 sys=0.00, real=0.00 secs] 
1268.137: [GC (Allocation Failure) 1268.137: [ParNew: 240337K->0K(276480K), 0.0005226 secs] 251398K->11060K(378880K), 0.0006125 secs] [Times: user=0.00 sys=0.00, real=0.00 secs] 
1271.172: [GC (Allocation Failure) 1271.172: [ParNew: 240337K->0K(276480K), 0.0004081 secs] 251398K->11060K(378880K), 0.0004732 secs] [Times: user=0.00 sys=0.00, real=0.00 secs] 
1274.224: [GC (Allocation Failure) 1274.224: [ParNew: 240337K->0K(276480K), 0.0013973 secs] 251398K->11060K(378880K), 0.0016201 secs] [Times: user=0.01 sys=0.00, real=0.00 secs] 
1278.415: [GC (Allocation Failure) 1278.415: [ParNew: 240337K->0K(276480K), 0.0008252 secs] 251398K->11060K(378880K), 0.0008925 secs] [Times: user=0.00 sys=0.00, real=0.00 secs] 
1280.449: [GC (Allocation Failure) 1280.449: [ParNew: 240337K->0K(276480K), 0.0004021 secs] 251398K->11060K(378880K), 0.0004755 secs] [Times: user=0.00 sys=0.00, real=0.00 secs] 
1283.481: [GC (Allocation Failure) 1283.481: [ParNew: 240337K->0K(276480K), 0.0005261 secs] 251398K->11060K(378880K), 0.0006172 secs] [Times: user=0.00 sys=0.00, real=0.00 secs] 
1286.513: [GC (Allocation Failure) 1286.513: [ParNew: 240337K->0K(276480K), 0.0004054 secs] 251398K->11060K(378880K), 0.0004719 secs] [Times: user=0.00 sys=0.00, real=0.00 secs] 
1289.546: [GC (Allocation Failure) 1289.546: [ParNew: 240337K->0K(276480K), 0.0005974 secs] 251398K->11060K(378880K), 0.0006850 secs] [Times: user=0.00 sys=0.00, real=0.00 secs] 
1292.582: [GC (Allocation Failure) 1292.582: [ParNew: 240337K->0K(276480K), 0.0003456 secs] 251398K->11060K(378880K), 0.0004108 secs] [Times: user=0.00 sys=0.00, real=0.00 secs] 
1295.608: [GC (Allocation Failure) 1295.608: [ParNew: 240337K->0K(276480K), 0.0006758 secs] 251398K->11060K(378880K), 0.0007934 secs] [Times: user=0.00 sys=0.00, real=0.00 secs] 
1298.642: [GC (Allocation Failure) 1298.642: [ParNew: 240337K->0K(276480K), 0.0006386 secs] 251398K->11060K(378880K), 0.0007489 secs] [Times: user=0.00 sys=0.00, real=0.01 secs] 
1301.673: [GC (Allocation Failure) 1301.673: [ParNew: 240337K->0K(276480K), 0.0009772 secs] 251398K->11060K(378880K), 0.0011116 secs] [Times: user=0.00 sys=0.00, real=0.01 secs] 
1303.699: [GC (Allocation Failure) 1303.699: [ParNew: 240337K->0K(276480K), 0.0004411 secs] 251398K->11060K(378880K), 0.0005169 secs] [Times: user=0.00 sys=0.00, real=0.00 secs] 
1306.728: [GC (Allocation Failure) 1306.728: [ParNew: 240337K->0K(276480K), 0.0004468 secs] 251398K->11060K(378880K), 0.0005271 secs] [Times: user=0.00 sys=0.00, real=0.00 secs] 
1309.755: [GC (Allocation Failure) 1309.755: [ParNew: 240337K->0K(276480K), 0.0004895 secs] 251398K->11060K(378880K), 0.0005805 secs] [Times: user=0.00 sys=0.00, real=0.00 secs] 
1312.782: [GC (Allocation Failure) 1312.782: [ParNew: 240337K->0K(276480K), 0.0004745 secs] 251398K->11060K(378880K), 0.0005690 secs] [Times: user=0.00 sys=0.00, real=0.00 secs] 
1315.810: [GC (Allocation Failure) 1315.810: [ParNew: 240337K->0K(276480K), 0.0005087 secs] 251398K->11060K(378880K), 0.0005966 secs] [Times: user=0.00 sys=0.00, real=0.00 secs] 
1318.837: [GC (Allocation Failure) 1318.837: [ParNew: 240337K->0K(276480K), 0.0006562 secs] 251398K->11060K(378880K), 0.0007654 secs] [Times: user=0.00 sys=0.01, real=0.00 secs] 
1321.872: [GC (Allocation Failure) 1321.872: [ParNew: 240337K->0K(276480K), 0.0006489 secs] 251398K->11060K(378880K), 0.0007429 secs] [Times: user=0.00 sys=0.00, real=0.00 secs] 
1324.897: [GC (Allocation Failure) 1324.897: [ParNew: 240337K->0K(276480K), 0.0004072 secs] 251398K->11060K(378880K), 0.0004745 secs] [Times: user=0.01 sys=0.00, real=0.01 secs] 
1326.925: [GC (Allocation Failure) 1326.925: [ParNew: 240337K->0K(276480K), 0.0004672 secs] 251398K->11060K(378880K), 0.0005408 secs] [Times: user=0.00 sys=0.00, real=0.00 secs] 
1329.953: [GC (Allocation Failure) 1329.953: [ParNew: 240337K->0K(276480K), 0.0005268 secs] 251398K->11060K(378880K), 0.0006111 secs] [Times: user=0.00 sys=0.00, real=0.00 secs] 
1332.987: [GC (Allocation Failure) 1332.987: [ParNew: 240337K->0K(276480K), 0.0005598 secs] 251398K->11060K(378880K), 0.0006431 secs] [Times: user=0.01 sys=0.00, real=0.01 secs] 
1336.019: [GC (Allocation Failure) 1336.019: [ParNew: 240337K->0K(276480K), 0.0005183 secs] 251398K->11060K(378880K), 0.0006084 secs] [Times: user=0.00 sys=0.00, real=0.00 secs] 
1339.044: [GC (Allocation Failure) 1339.044: [ParNew: 240337K->0K(276480K), 0.0005322 secs] 251398K->11060K(378880K), 0.0006200 secs] [Times: user=0.00 sys=0.00, real=0.00 secs] 
1342.069: [GC (Allocation Failure) 1342.069: [ParNew: 240337K->0K(276480K), 0.0004894 secs] 251398K->11060K(378880K), 0.0005818 secs] [Times: user=0.00 sys=0.00, real=0.00 secs] 
1345.100: [GC (Allocation Failure) 1345.100: [ParNew: 240337K->0K(276480K), 0.0004460 secs] 251398K->11060K(378880K), 0.0005255 secs] [Times: user=0.01 sys=0.00, real=0.00 secs] 
1348.125: [GC (Allocation Failure) 1348.125: [ParNew: 240337K->0K(276480K), 0.0009480 secs] 251398K->11060K(378880K), 0.0010911 secs] [Times: user=0.00 sys=0.00, real=0.00 secs] 
1350.147: [GC (Allocation Failure) 1350.148: [ParNew: 240337K->0K(276480K), 0.0003521 secs] 251398K->11060K(378880K), 0.0004141 secs] [Times: user=0.00 sys=0.00, real=0.01 secs] 
1353.174: [GC (Allocation Failure) 1353.174: [ParNew: 240337K->0K(276480K), 0.0003775 secs] 251398K->11060K(378880K), 0.0004553 secs] [Times: user=0.01 sys=0.00, real=0.00 secs] 
1356.206: [GC (Allocation Failure) 1356.206: [ParNew: 240337K->0K(276480K), 0.0005231 secs] 251398K->11060K(378880K), 0.0006127 secs] [Times: user=0.00 sys=0.00, real=0.00 secs] 
1359.234: [GC (Allocation Failure) 1359.234: [ParNew: 240337K->0K(276480K), 0.0005376 secs] 251398K->11060K(378880K), 0.0006310 secs] [Times: user=0.00 sys=0.00, real=0.00 secs] 
Heap
 par new generation   total 276480K, used 216989K [0x00000007a7000000, 0x00000007b9c00000, 0x00000007b9c00000)
  eden space 245760K,  88% used [0x00000007a7000000, 0x00000007b43e7758, 0x00000007b6000000)
  from space 30720K,   0% used [0x00000007b6000000, 0x00000007b6000000, 0x00000007b7e00000)
  to   space 30720K,   0% used [0x00000007b7e00000, 0x00000007b7e00000, 0x00000007b9c00000)
 concurrent mark-sweep generation total 102400K, used 11060K [0x00000007b9c00000, 0x00000007c0000000, 0x00000007c0000000)
 Metaspace       used 3841K, capacity 4536K, committed 4864K, reserved 1056768K
  class space    used 425K, capacity 428K, committed 512K, reserved 1048576K
