Java HotSpot(TM) 64-Bit Server VM (25.181-b13) for bsd-amd64 JRE (1.8.0_181-b13), built on Jul  7 2018 01:02:31 by "java_re" with gcc 4.2.1 (Based on Apple Inc. build 5658) (LLVM build 2336.11.00)
Memory: 4k page, physical 33554432k(2800576k free)

/proc/meminfo:

CommandLine flags: -XX:InitialHeapSize=209715200 -XX:MaxHeapSize=209715200 -XX:MaxNewSize=104857600 -XX:MaxTenuringThreshold=15 -XX:NewSize=104857600 -XX:OldPLABSize=16 -XX:PretenureSizeThreshold=31457280 -XX:+PrintGC -XX:+PrintGCDetails -XX:+PrintGCTimeStamps -XX:SurvivorRatio=8 -XX:+UseCompressedClassPointers -XX:+UseCompressedOops -XX:+UseConcMarkSweepGC -XX:+UseParNewGC 
0.192: [GC (Allocation Failure) 0.192: [ParNew: 78233K->588K(92160K), 0.0367529 secs] 78233K->31310K(194560K), 0.0370138 secs] [Times: user=0.27 sys=0.02, real=0.03 secs] 
1.239: [GC (Allocation Failure) 1.239: [ParNew: 77132K->865K(92160K), 0.0155177 secs] 107855K->52069K(194560K), 0.0156498 secs] [Times: user=0.14 sys=0.01, real=0.02 secs] 
1.259: [GC (CMS Initial Mark) [1 CMS-initial-mark: 51204K(102400K)] 62719K(194560K), 0.0020611 secs] [Times: user=0.00 sys=0.00, real=0.01 secs] 
1.261: [CMS-concurrent-mark-start]
1.261: [CMS-concurrent-mark: 0.000/0.000 secs] [Times: user=0.00 sys=0.00, real=0.00 secs] 
1.261: [CMS-concurrent-preclean-start]
1.261: [CMS-concurrent-preclean: 0.000/0.000 secs] [Times: user=0.00 sys=0.00, real=0.00 secs] 
1.261: [CMS-concurrent-abortable-preclean-start]
2.273: [GC (Allocation Failure) 2.273: [ParNew: 76085K->1213K(92160K), 0.0068642 secs] 127289K->62659K(194560K), 0.0069547 secs] [Times: user=0.07 sys=0.00, real=0.00 secs] 
3.293: [GC (Allocation Failure) 3.293: [ParNew: 74410K->1108K(92160K), 0.0008151 secs] 135856K->62554K(194560K), 0.0009050 secs] [Times: user=0.01 sys=0.00, real=0.00 secs] 
3.401: [CMS-concurrent-abortable-preclean: 0.137/2.139 secs] [Times: user=0.24 sys=0.01, real=2.14 secs] 
3.401: [GC (CMS Final Remark) [YG occupancy: 43615 K (92160 K)]3.401: [Rescan (parallel) , 0.0002887 secs]3.401: [weak refs processing, 0.0000204 secs]3.401: [class unloading, 0.0003285 secs]3.402: [scrub symbol table, 0.0004231 secs]3.402: [scrub string table, 0.0002140 secs][1 CMS-remark: 61446K(102400K)] 105061K(194560K), 0.0014054 secs] [Times: user=0.00 sys=0.00, real=0.00 secs] 
3.403: [CMS-concurrent-sweep-start]
3.403: [CMS-concurrent-sweep: 0.000/0.000 secs] [Times: user=0.00 sys=0.00, real=0.00 secs] 
3.403: [CMS-concurrent-reset-start]
3.403: [CMS-concurrent-reset: 0.001/0.001 secs] [Times: user=0.00 sys=0.00, real=0.00 secs] 
4.303: [GC (Allocation Failure) 4.303: [ParNew: 74335K->1327K(92160K), 0.0016708 secs] 105061K->42293K(194560K), 0.0017501 secs] [Times: user=0.01 sys=0.00, real=0.00 secs] 
5.312: [GC (Allocation Failure) 5.312: [ParNew: 74574K->1106K(92160K), 0.0019360 secs] 115540K->52312K(194560K), 0.0020380 secs] [Times: user=0.01 sys=0.00, real=0.00 secs] 
6.323: [GC (Allocation Failure) 6.323: [ParNew: 74365K->1317K(92160K), 0.0020593 secs] 125572K->62763K(194560K), 0.0021638 secs] [Times: user=0.02 sys=0.00, real=0.00 secs] 
6.327: [GC (CMS Initial Mark) [1 CMS-initial-mark: 61446K(102400K)] 73003K(194560K), 0.0003236 secs] [Times: user=0.00 sys=0.00, real=0.00 secs] 
6.327: [CMS-concurrent-mark-start]
6.327: [CMS-concurrent-mark: 0.000/0.000 secs] [Times: user=0.00 sys=0.00, real=0.00 secs] 
6.327: [CMS-concurrent-preclean-start]
6.328: [CMS-concurrent-preclean: 0.000/0.000 secs] [Times: user=0.00 sys=0.00, real=0.00 secs] 
6.328: [CMS-concurrent-abortable-preclean-start]
7.335: [GC (Allocation Failure) 7.336: [ParNew: 74585K->1050K(92160K), 0.0008125 secs] 136031K->62497K(194560K), 0.0009072 secs] [Times: user=0.00 sys=0.00, real=0.00 secs] 
7.343: [GC (Allocation Failure) 7.343: [ParNew: 74324K->1190K(92160K), 0.0187787 secs] 135770K->93356K(194560K), 0.0189224 secs] [Times: user=0.17 sys=0.01, real=0.02 secs] 
7.362: [CMS-concurrent-abortable-preclean: 0.076/1.035 secs] [Times: user=0.27 sys=0.01, real=1.04 secs] 
7.365: [GC (CMS Final Remark) [YG occupancy: 11430 K (92160 K)]7.365: [Rescan (parallel) , 0.0010122 secs]7.366: [weak refs processing, 0.0000325 secs]7.366: [class unloading, 0.0002911 secs]7.367: [scrub symbol table, 0.0003662 secs]7.367: [scrub string table, 0.0001773 secs][1 CMS-remark: 92166K(102400K)] 103596K(194560K), 0.0020266 secs] [Times: user=0.01 sys=0.00, real=0.00 secs] 
7.367: [CMS-concurrent-sweep-start]
7.367: [CMS-concurrent-sweep: 0.000/0.000 secs] [Times: user=0.00 sys=0.00, real=0.00 secs] 
7.367: [CMS-concurrent-reset-start]
7.367: [CMS-concurrent-reset: 0.000/0.000 secs] [Times: user=0.00 sys=0.00, real=0.00 secs] 
8.379: [GC (Allocation Failure) 8.379: [ParNew: 74467K->1278K(92160K), 0.0047020 secs] 115433K->62727K(194560K), 0.0047808 secs] [Times: user=0.04 sys=0.00, real=0.01 secs] 
8.385: [GC (CMS Initial Mark) [1 CMS-initial-mark: 61448K(102400K)] 72967K(194560K), 0.0002370 secs] [Times: user=0.00 sys=0.00, real=0.00 secs] 
8.385: [CMS-concurrent-mark-start]
8.385: [CMS-concurrent-mark: 0.000/0.000 secs] [Times: user=0.00 sys=0.00, real=0.00 secs] 
8.385: [CMS-concurrent-preclean-start]
8.385: [CMS-concurrent-preclean: 0.000/0.000 secs] [Times: user=0.00 sys=0.00, real=0.00 secs] 
8.385: [CMS-concurrent-abortable-preclean-start]
9.395: [GC (Allocation Failure) 9.395: [ParNew: 74557K->1341K(92160K), 0.0022571 secs] 136005K->73029K(194560K), 0.0023314 secs] [Times: user=0.01 sys=0.00, real=0.00 secs] 
10.410: [GC (Allocation Failure) 10.410: [ParNew: 74621K->1085K(92160K), 0.0008129 secs] 146310K->72773K(194560K), 0.0008939 secs] [Times: user=0.01 sys=0.00, real=0.01 secs] 
10.520: [CMS-concurrent-abortable-preclean: 0.142/2.135 secs] [Times: user=0.19 sys=0.01, real=2.13 secs] 
10.520: [GC (CMS Final Remark) [YG occupancy: 43646 K (92160 K)]10.520: [Rescan (parallel) , 0.0003722 secs]10.521: [weak refs processing, 0.0000160 secs]10.521: [class unloading, 0.0003249 secs]10.521: [scrub symbol table, 0.0004575 secs]10.521: [scrub string table, 0.0002476 secs][1 CMS-remark: 71688K(102400K)] 115334K(194560K), 0.0015403 secs] [Times: user=0.00 sys=0.00, real=0.01 secs] 
10.522: [CMS-concurrent-sweep-start]
10.522: [CMS-concurrent-sweep: 0.000/0.000 secs] [Times: user=0.00 sys=0.00, real=0.00 secs] 
10.522: [CMS-concurrent-reset-start]
10.522: [CMS-concurrent-reset: 0.000/0.000 secs] [Times: user=0.00 sys=0.00, real=0.00 secs] 
11.423: [GC (Allocation Failure) 11.423: [ParNew: 74366K->1278K(92160K), 0.0026343 secs] 105094K->42246K(194560K), 0.0027117 secs] [Times: user=0.03 sys=0.00, real=0.00 secs] 
12.435: [GC (Allocation Failure) 12.435: [ParNew: 74559K->1291K(92160K), 0.0026624 secs] 115528K->52499K(194560K), 0.0027544 secs] [Times: user=0.03 sys=0.00, real=0.00 secs] 
13.450: [GC (Allocation Failure) 13.450: [ParNew: 74573K->1316K(92160K), 0.0019392 secs] 125781K->62764K(194560K), 0.0020174 secs] [Times: user=0.02 sys=0.00, real=0.01 secs] 
13.452: [GC (CMS Initial Mark) [1 CMS-initial-mark: 61448K(102400K)] 73004K(194560K), 0.0002888 secs] [Times: user=0.00 sys=0.00, real=0.00 secs] 
13.453: [CMS-concurrent-mark-start]
13.453: [CMS-concurrent-mark: 0.000/0.000 secs] [Times: user=0.00 sys=0.00, real=0.00 secs] 
13.453: [CMS-concurrent-preclean-start]
13.453: [CMS-concurrent-preclean: 0.000/0.000 secs] [Times: user=0.00 sys=0.00, real=0.00 secs] 
13.453: [CMS-concurrent-abortable-preclean-start]
14.461: [GC (Allocation Failure) 14.461: [ParNew: 74598K->628K(92160K), 0.0036537 secs] 136047K->62579K(194560K), 0.0037296 secs] [Times: user=0.01 sys=0.01, real=0.00 secs] 
14.468: [CMS-concurrent-abortable-preclean: 0.079/1.015 secs] [Times: user=0.10 sys=0.01, real=1.01 secs] 
14.469: [GC (CMS Final Remark) [YG occupancy: 43190 K (92160 K)]14.469: [Rescan (parallel) , 0.0002171 secs]14.469: [weak refs processing, 0.0000124 secs]14.469: [class unloading, 0.0002639 secs]14.469: [scrub symbol table, 0.0004012 secs]14.469: [scrub string table, 0.0002125 secs][1 CMS-remark: 61951K(102400K)] 105142K(194560K), 0.0011991 secs] [Times: user=0.00 sys=0.00, real=0.00 secs] 
14.470: [CMS-concurrent-sweep-start]
14.470: [CMS-concurrent-sweep: 0.000/0.000 secs] [Times: user=0.00 sys=0.00, real=0.00 secs] 
14.470: [CMS-concurrent-reset-start]
14.470: [CMS-concurrent-reset: 0.000/0.000 secs] [Times: user=0.00 sys=0.00, real=0.00 secs] 
14.473: [GC (Allocation Failure) 14.473: [ParNew: 73910K->246K(92160K), 0.0039132 secs] 84662K->41955K(194560K), 0.0039643 secs] [Times: user=0.03 sys=0.00, real=0.00 secs] 
14.477: [GC (CMS Initial Mark) [1 CMS-initial-mark: 41708K(102400K)] 52195K(194560K), 0.0001925 secs] [Times: user=0.00 sys=0.00, real=0.00 secs] 
14.478: [CMS-concurrent-mark-start]
14.479: [CMS-concurrent-mark: 0.001/0.001 secs] [Times: user=0.00 sys=0.00, real=0.00 secs] 
14.479: [CMS-concurrent-preclean-start]
14.479: [CMS-concurrent-preclean: 0.000/0.000 secs] [Times: user=0.00 sys=0.00, real=0.00 secs] 
14.479: [CMS-concurrent-abortable-preclean-start]
15.489: [GC (Allocation Failure) 15.489: [ParNew: 73529K->0K(92160K), 0.0030210 secs] 115237K->62291K(194560K), 0.0030938 secs] [Times: user=0.03 sys=0.00, real=0.01 secs] 
16.504: [GC (Allocation Failure) 16.504: [ParNew: 73282K->0K(92160K), 0.0016297 secs] 135574K->72531K(194560K), 0.0017158 secs] [Times: user=0.01 sys=0.00, real=0.00 secs] 
17.517: [GC (Allocation Failure) 17.517: [ParNew: 73282K->0K(92160K), 0.0005020 secs] 145814K->72531K(194560K), 0.0005778 secs] [Times: user=0.01 sys=0.00, real=0.00 secs] 
17.723: [CMS-concurrent-abortable-preclean: 0.025/3.245 secs] [Times: user=0.10 sys=0.00, real=3.25 secs] 
17.724: [GC (CMS Final Remark) [YG occupancy: 42562 K (92160 K)]17.724: [Rescan (parallel) , 0.0003628 secs]17.724: [weak refs processing, 0.0000195 secs]17.724: [class unloading, 0.0003626 secs]17.724: [scrub symbol table, 0.0005775 secs]17.725: [scrub string table, 0.0002692 secs][1 CMS-remark: 72531K(102400K)] 115094K(194560K), 0.0017413 secs] [Times: user=0.00 sys=0.00, real=0.00 secs] 
17.725: [CMS-concurrent-sweep-start]
17.726: [CMS-concurrent-sweep: 0.001/0.001 secs] [Times: user=0.00 sys=0.00, real=0.00 secs] 
17.726: [CMS-concurrent-reset-start]
17.726: [CMS-concurrent-reset: 0.000/0.000 secs] [Times: user=0.00 sys=0.00, real=0.00 secs] 
18.528: [GC (Allocation Failure) 18.528: [ParNew: 73282K->0K(92160K), 0.0020503 secs] 135573K->72530K(194560K), 0.0021261 secs] [Times: user=0.02 sys=0.00, real=0.00 secs] 
18.531: [GC (CMS Initial Mark) [1 CMS-initial-mark: 72530K(102400K)] 82770K(194560K), 0.0002108 secs] [Times: user=0.00 sys=0.00, real=0.00 secs] 
18.531: [CMS-concurrent-mark-start]
18.532: [CMS-concurrent-mark: 0.001/0.001 secs] [Times: user=0.00 sys=0.00, real=0.00 secs] 
18.532: [CMS-concurrent-preclean-start]
18.532: [CMS-concurrent-preclean: 0.000/0.000 secs] [Times: user=0.00 sys=0.00, real=0.00 secs] 
18.532: [CMS-concurrent-abortable-preclean-start]
19.541: [GC (Allocation Failure) 19.541: [ParNew: 73282K->0K(92160K), 0.0015181 secs] 145813K->82770K(194560K), 0.0016096 secs] [Times: user=0.01 sys=0.00, real=0.00 secs] 
19.749: [CMS-concurrent-abortable-preclean: 0.003/1.216 secs] [Times: user=0.03 sys=0.00, real=1.21 secs] 
19.749: [GC (CMS Final Remark) [YG occupancy: 63042 K (92160 K)]19.749: [Rescan (parallel) , 0.0005521 secs]19.750: [weak refs processing, 0.0000198 secs]19.750: [class unloading, 0.0003601 secs]19.750: [scrub symbol table, 0.0005314 secs]19.751: [scrub string table, 0.0002552 secs][1 CMS-remark: 82770K(102400K)] 145813K(194560K), 0.0018358 secs] [Times: user=0.00 sys=0.01, real=0.01 secs] 
19.751: [CMS-concurrent-sweep-start]
19.751: [CMS-concurrent-sweep: 0.000/0.000 secs] [Times: user=0.00 sys=0.00, real=0.00 secs] 
19.752: [CMS-concurrent-reset-start]
19.752: [CMS-concurrent-reset: 0.000/0.000 secs] [Times: user=0.00 sys=0.00, real=0.00 secs] 
20.556: [GC (Allocation Failure) 20.556: [ParNew: 73282K->0K(92160K), 0.0019670 secs] 94613K->31570K(194560K), 0.0020623 secs] [Times: user=0.01 sys=0.00, real=0.00 secs] 
21.570: [GC (Allocation Failure) 21.570: [ParNew: 73282K->0K(92160K), 0.0007859 secs] 104853K->31570K(194560K), 0.0008967 secs] [Times: user=0.00 sys=0.00, real=0.01 secs] 
21.579: [GC (Allocation Failure) 21.579: [ParNew: 73282K->0K(92160K), 0.0043942 secs] 104853K->62290K(194560K), 0.0044692 secs] [Times: user=0.04 sys=0.00, real=0.01 secs] 
21.585: [GC (CMS Initial Mark) [1 CMS-initial-mark: 62290K(102400K)] 72530K(194560K), 0.0001870 secs] [Times: user=0.00 sys=0.00, real=0.00 secs] 
21.585: [CMS-concurrent-mark-start]
21.586: [CMS-concurrent-mark: 0.001/0.001 secs] [Times: user=0.00 sys=0.00, real=0.00 secs] 
21.586: [CMS-concurrent-preclean-start]
21.586: [CMS-concurrent-preclean: 0.000/0.000 secs] [Times: user=0.00 sys=0.00, real=0.00 secs] 
21.586: [CMS-concurrent-abortable-preclean-start]
22.595: [GC (Allocation Failure) 22.595: [ParNew: 73282K->0K(92160K), 0.0028563 secs] 135573K->82770K(194560K), 0.0029356 secs] [Times: user=0.03 sys=0.00, real=0.00 secs] 
22.699: [CMS-concurrent-abortable-preclean: 0.003/1.113 secs] [Times: user=0.04 sys=0.00, real=1.11 secs] 
22.699: [GC (CMS Final Remark) [YG occupancy: 22082 K (92160 K)]22.699: [Rescan (parallel) , 0.0004246 secs]22.700: [weak refs processing, 0.0000197 secs]22.700: [class unloading, 0.0003702 secs]22.700: [scrub symbol table, 0.0005207 secs]22.701: [scrub string table, 0.0003189 secs][1 CMS-remark: 82770K(102400K)] 104853K(194560K), 0.0017687 secs] [Times: user=0.00 sys=0.00, real=0.01 secs] 
22.701: [CMS-concurrent-sweep-start]
22.702: [CMS-concurrent-sweep: 0.000/0.000 secs] [Times: user=0.00 sys=0.00, real=0.00 secs] 
22.702: [CMS-concurrent-reset-start]
22.702: [CMS-concurrent-reset: 0.000/0.000 secs] [Times: user=0.00 sys=0.00, real=0.00 secs] 
23.606: [GC (Allocation Failure) 23.606: [ParNew: 73282K->0K(92160K), 0.0016697 secs] 125333K->62290K(194560K), 0.0017771 secs] [Times: user=0.01 sys=0.00, real=0.00 secs] 
23.609: [GC (CMS Initial Mark) [1 CMS-initial-mark: 62290K(102400K)] 72530K(194560K), 0.0002536 secs] [Times: user=0.00 sys=0.00, real=0.00 secs] 
23.609: [CMS-concurrent-mark-start]
23.611: [CMS-concurrent-mark: 0.001/0.001 secs] [Times: user=0.00 sys=0.00, real=0.01 secs] 
23.611: [CMS-concurrent-preclean-start]
23.611: [CMS-concurrent-preclean: 0.000/0.000 secs] [Times: user=0.00 sys=0.00, real=0.00 secs] 
23.611: [CMS-concurrent-abortable-preclean-start]
24.619: [GC (Allocation Failure) 24.619: [ParNew: 73282K->0K(92160K), 0.0005208 secs] 135573K->62290K(194560K), 0.0005993 secs] [Times: user=0.00 sys=0.00, real=0.00 secs] 
24.824: [CMS-concurrent-abortable-preclean: 0.003/1.213 secs] [Times: user=0.02 sys=0.00, real=1.21 secs] 
24.824: [GC (CMS Final Remark) [YG occupancy: 42562 K (92160 K)]24.824: [Rescan (parallel) , 0.0002869 secs]24.824: [weak refs processing, 0.0000175 secs]24.824: [class unloading, 0.0003542 secs]24.825: [scrub symbol table, 0.0005436 secs]24.825: [scrub string table, 0.0003121 secs][1 CMS-remark: 62290K(102400K)] 104853K(194560K), 0.0016550 secs] [Times: user=0.00 sys=0.00, real=0.00 secs] 
24.826: [CMS-concurrent-sweep-start]
24.826: [CMS-concurrent-sweep: 0.001/0.001 secs] [Times: user=0.00 sys=0.00, real=0.00 secs] 
24.826: [CMS-concurrent-reset-start]
24.826: [CMS-concurrent-reset: 0.000/0.000 secs] [Times: user=0.00 sys=0.00, real=0.00 secs] 
25.630: [GC (Allocation Failure) 25.630: [ParNew: 73282K->0K(92160K), 0.0017083 secs] 84373K->21330K(194560K), 0.0018046 secs] [Times: user=0.02 sys=0.01, real=0.01 secs] 
26.642: [GC (Allocation Failure) 26.642: [ParNew: 73282K->0K(92160K), 0.0016998 secs] 94613K->31570K(194560K), 0.0017847 secs] [Times: user=0.02 sys=0.00, real=0.00 secs] 
27.655: [GC (Allocation Failure) 27.655: [ParNew: 73282K->0K(92160K), 0.0018823 secs] 104853K->41810K(194560K), 0.0019746 secs] [Times: user=0.01 sys=0.00, real=0.00 secs] 
28.668: [GC (Allocation Failure) 28.668: [ParNew: 73282K->0K(92160K), 0.0006248 secs] 115093K->41810K(194560K), 0.0007159 secs] [Times: user=0.00 sys=0.00, real=0.00 secs] 
28.677: [GC (Allocation Failure) 28.677: [ParNew: 73282K->0K(92160K), 0.0043131 secs] 115093K->72530K(194560K), 0.0043918 secs] [Times: user=0.04 sys=0.00, real=0.01 secs] 
28.683: [GC (CMS Initial Mark) [1 CMS-initial-mark: 72530K(102400K)] 82770K(194560K), 0.0001910 secs] [Times: user=0.00 sys=0.00, real=0.00 secs] 
28.683: [CMS-concurrent-mark-start]
28.684: [CMS-concurrent-mark: 0.001/0.001 secs] [Times: user=0.01 sys=0.00, real=0.00 secs] 
28.684: [CMS-concurrent-preclean-start]
28.684: [CMS-concurrent-preclean: 0.000/0.000 secs] [Times: user=0.00 sys=0.00, real=0.00 secs] 
28.684: [CMS-concurrent-abortable-preclean-start]
29.691: [GC (Allocation Failure) 29.692: [ParNew: 73282K->73282K(92160K), 0.0000266 secs]29.692: [CMS29.692: [CMS-concurrent-abortable-preclean: 0.003/1.008 secs] [Times: user=0.01 sys=0.00, real=1.01 secs] 
 (concurrent mode failure): 72530K->21279K(102400K), 0.0057004 secs] 145813K->21279K(194560K), [Metaspace: 3828K->3828K(1056768K)], 0.0058456 secs] [Times: user=0.00 sys=0.00, real=0.00 secs] 
30.709: [GC (Allocation Failure) 30.709: [ParNew: 73282K->0K(92160K), 0.0014786 secs] 94562K->31521K(194560K), 0.0015673 secs] [Times: user=0.01 sys=0.00, real=0.01 secs] 
31.722: [GC (Allocation Failure) 31.722: [ParNew: 73282K->0K(92160K), 0.0004407 secs] 104804K->31521K(194560K), 0.0005179 secs] [Times: user=0.00 sys=0.00, real=0.00 secs] 
32.734: [GC (Allocation Failure) 32.734: [ParNew: 73282K->0K(92160K), 0.0028791 secs] 104804K->41763K(194560K), 0.0030057 secs] [Times: user=0.03 sys=0.00, real=0.00 secs] 
33.749: [GC (Allocation Failure) 33.749: [ParNew: 73282K->0K(92160K), 0.0015033 secs] 115046K->52003K(194560K), 0.0015966 secs] [Times: user=0.01 sys=0.00, real=0.01 secs] 
34.758: [GC (Allocation Failure) 34.758: [ParNew: 73282K->0K(92160K), 0.0015960 secs] 125286K->62243K(194560K), 0.0016850 secs] [Times: user=0.01 sys=0.00, real=0.00 secs] 
35.771: [GC (Allocation Failure) 35.771: [ParNew: 73282K->0K(92160K), 0.0012414 secs] 135526K->62243K(194560K), 0.0013229 secs] [Times: user=0.00 sys=0.00, real=0.00 secs] 
35.779: [GC (Allocation Failure) 35.779: [ParNew: 73282K->0K(92160K), 0.0050077 secs] 135526K->92965K(194560K), 0.0050798 secs] [Times: user=0.04 sys=0.00, real=0.01 secs] 
35.785: [GC (CMS Initial Mark) [1 CMS-initial-mark: 92965K(102400K)] 103205K(194560K), 0.0001900 secs] [Times: user=0.00 sys=0.00, real=0.00 secs] 
35.785: [CMS-concurrent-mark-start]
35.786: [CMS-concurrent-mark: 0.001/0.001 secs] [Times: user=0.01 sys=0.00, real=0.00 secs] 
35.786: [CMS-concurrent-preclean-start]
35.786: [CMS-concurrent-preclean: 0.000/0.000 secs] [Times: user=0.00 sys=0.00, real=0.00 secs] 
35.786: [CMS-concurrent-abortable-preclean-start]
35.786: [CMS-concurrent-abortable-preclean: 0.000/0.000 secs] [Times: user=0.00 sys=0.00, real=0.00 secs] 
35.786: [GC (CMS Final Remark) [YG occupancy: 10240 K (92160 K)]35.786: [Rescan (parallel) , 0.0001244 secs]35.787: [weak refs processing, 0.0000146 secs]35.787: [class unloading, 0.0002675 secs]35.787: [scrub symbol table, 0.0003693 secs]35.787: [scrub string table, 0.0001773 secs][1 CMS-remark: 92965K(102400K)] 103205K(194560K), 0.0010379 secs] [Times: user=0.00 sys=0.00, real=0.00 secs] 
35.788: [CMS-concurrent-sweep-start]
35.788: [CMS-concurrent-sweep: 0.000/0.000 secs] [Times: user=0.00 sys=0.00, real=0.00 secs] 
35.788: [CMS-concurrent-reset-start]
35.788: [CMS-concurrent-reset: 0.000/0.000 secs] [Times: user=0.00 sys=0.00, real=0.00 secs] 
36.796: [GC (Allocation Failure) 36.796: [ParNew: 73282K->0K(92160K), 0.0029326 secs] 104808K->52005K(194560K), 0.0030684 secs] [Times: user=0.02 sys=0.00, real=0.00 secs] 
36.800: [GC (CMS Initial Mark) [1 CMS-initial-mark: 52005K(102400K)] 62245K(194560K), 0.0002124 secs] [Times: user=0.00 sys=0.00, real=0.00 secs] 
36.801: [CMS-concurrent-mark-start]
36.802: [CMS-concurrent-mark: 0.001/0.001 secs] [Times: user=0.01 sys=0.00, real=0.00 secs] 
36.802: [CMS-concurrent-preclean-start]
36.802: [CMS-concurrent-preclean: 0.000/0.000 secs] [Times: user=0.00 sys=0.00, real=0.00 secs] 
36.802: [CMS-concurrent-abortable-preclean-start]
37.812: [GC (Allocation Failure) 37.812: [ParNew: 73282K->0K(92160K), 0.0014978 secs] 125288K->62245K(194560K), 0.0015854 secs] [Times: user=0.01 sys=0.00, real=0.00 secs] 
38.826: [GC (Allocation Failure) 38.826: [ParNew: 73282K->0K(92160K), 0.0004530 secs] 135528K->62245K(194560K), 0.0005306 secs] [Times: user=0.00 sys=0.00, real=0.00 secs] 
39.034: [CMS-concurrent-abortable-preclean: 0.007/2.232 secs] [Times: user=0.04 sys=0.00, real=2.23 secs] 
39.034: [GC (CMS Final Remark) [YG occupancy: 42562 K (92160 K)]39.034: [Rescan (parallel) , 0.0005447 secs]39.035: [weak refs processing, 0.0000163 secs]39.035: [class unloading, 0.0003241 secs]39.035: [scrub symbol table, 0.0004196 secs]39.036: [scrub string table, 0.0002156 secs][1 CMS-remark: 62245K(102400K)] 104808K(194560K), 0.0016075 secs] [Times: user=0.00 sys=0.00, real=0.00 secs] 
39.036: [CMS-concurrent-sweep-start]
39.036: [CMS-concurrent-sweep: 0.000/0.000 secs] [Times: user=0.00 sys=0.00, real=0.00 secs] 
39.036: [CMS-concurrent-reset-start]
39.036: [CMS-concurrent-reset: 0.000/0.000 secs] [Times: user=0.00 sys=0.00, real=0.00 secs] 
39.834: [GC (Allocation Failure) 39.834: [ParNew: 73282K->0K(92160K), 0.0017739 secs] 104808K->41765K(194560K), 0.0018558 secs] [Times: user=0.01 sys=0.01, real=0.00 secs] 
40.848: [GC (Allocation Failure) 40.848: [ParNew: 73282K->0K(92160K), 0.0017183 secs] 115048K->52005K(194560K), 0.0018099 secs] [Times: user=0.01 sys=0.00, real=0.00 secs] 
41.862: [GC (Allocation Failure) 41.862: [ParNew: 73282K->0K(92160K), 0.0022576 secs] 125288K->62245K(194560K), 0.0026083 secs] [Times: user=0.02 sys=0.00, real=0.00 secs] 
42.877: [GC (Allocation Failure) 42.877: [ParNew: 73282K->0K(92160K), 0.0005669 secs] 135528K->62245K(194560K), 0.0006378 secs] [Times: user=0.00 sys=0.00, real=0.00 secs] 
42.886: [GC (Allocation Failure) 42.886: [ParNew: 73282K->0K(92160K), 0.0048253 secs] 135528K->92965K(194560K), 0.0049225 secs] [Times: user=0.04 sys=0.00, real=0.01 secs] 
42.892: [GC (CMS Initial Mark) [1 CMS-initial-mark: 92965K(102400K)] 103205K(194560K), 0.0002854 secs] [Times: user=0.00 sys=0.00, real=0.00 secs] 
42.892: [CMS-concurrent-mark-start]
42.894: [CMS-concurrent-mark: 0.001/0.001 secs] [Times: user=0.01 sys=0.00, real=0.00 secs] 
42.894: [CMS-concurrent-preclean-start]
42.894: [CMS-concurrent-preclean: 0.000/0.000 secs] [Times: user=0.00 sys=0.00, real=0.00 secs] 
42.894: [CMS-concurrent-abortable-preclean-start]
42.894: [CMS-concurrent-abortable-preclean: 0.000/0.000 secs] [Times: user=0.00 sys=0.00, real=0.00 secs] 
42.894: [GC (CMS Final Remark) [YG occupancy: 10240 K (92160 K)]42.894: [Rescan (parallel) , 0.0002124 secs]42.894: [weak refs processing, 0.0000113 secs]42.894: [class unloading, 0.0002530 secs]42.894: [scrub symbol table, 0.0003555 secs]42.895: [scrub string table, 0.0002108 secs][1 CMS-remark: 92965K(102400K)] 103205K(194560K), 0.0011026 secs] [Times: user=0.00 sys=0.00, real=0.00 secs] 
42.895: [CMS-concurrent-sweep-start]
42.895: [CMS-concurrent-sweep: 0.000/0.000 secs] [Times: user=0.00 sys=0.00, real=0.00 secs] 
42.895: [CMS-concurrent-reset-start]
42.895: [CMS-concurrent-reset: 0.000/0.000 secs] [Times: user=0.00 sys=0.00, real=0.00 secs] 
43.903: [GC (Allocation Failure) 43.903: [ParNew: 73282K->0K(92160K), 0.0024196 secs] 104808K->52005K(194560K), 0.0024980 secs] [Times: user=0.02 sys=0.00, real=0.00 secs] 
43.907: [GC (CMS Initial Mark) [1 CMS-initial-mark: 52005K(102400K)] 62245K(194560K), 0.0002135 secs] [Times: user=0.00 sys=0.00, real=0.00 secs] 
43.907: [CMS-concurrent-mark-start]
43.908: [CMS-concurrent-mark: 0.001/0.001 secs] [Times: user=0.00 sys=0.00, real=0.00 secs] 
43.908: [CMS-concurrent-preclean-start]
43.908: [CMS-concurrent-preclean: 0.000/0.000 secs] [Times: user=0.00 sys=0.00, real=0.00 secs] 
43.908: [CMS-concurrent-abortable-preclean-start]
44.918: [GC (Allocation Failure) 44.918: [ParNew: 73282K->0K(92160K), 0.0014111 secs] 125288K->62245K(194560K), 0.0014849 secs] [Times: user=0.01 sys=0.00, real=0.00 secs] 
45.930: [GC (Allocation Failure) 45.930: [ParNew: 73282K->0K(92160K), 0.0004391 secs] 135528K->62245K(194560K), 0.0005024 secs] [Times: user=0.01 sys=0.00, real=0.00 secs] 
46.137: [CMS-concurrent-abortable-preclean: 0.007/2.229 secs] [Times: user=0.04 sys=0.00, real=2.23 secs] 
46.137: [GC (CMS Final Remark) [YG occupancy: 42562 K (92160 K)]46.137: [Rescan (parallel) , 0.0003705 secs]46.137: [weak refs processing, 0.0000161 secs]46.138: [class unloading, 0.0003039 secs]46.138: [scrub symbol table, 0.0005063 secs]46.138: [scrub string table, 0.0002582 secs][1 CMS-remark: 62245K(102400K)] 104808K(194560K), 0.0015570 secs] [Times: user=0.00 sys=0.01, real=0.00 secs] 
46.139: [CMS-concurrent-sweep-start]
46.139: [CMS-concurrent-sweep: 0.000/0.000 secs] [Times: user=0.00 sys=0.00, real=0.00 secs] 
46.139: [CMS-concurrent-reset-start]
46.139: [CMS-concurrent-reset: 0.000/0.000 secs] [Times: user=0.00 sys=0.00, real=0.00 secs] 
46.943: [GC (Allocation Failure) 46.943: [ParNew: 73282K->0K(92160K), 0.0022838 secs] 104808K->41765K(194560K), 0.0023684 secs] [Times: user=0.02 sys=0.00, real=0.00 secs] 
47.957: [GC (Allocation Failure) 47.957: [ParNew: 73282K->0K(92160K), 0.0015397 secs] 115048K->52005K(194560K), 0.0016269 secs] [Times: user=0.01 sys=0.00, real=0.00 secs] 
48.971: [GC (Allocation Failure) 48.971: [ParNew: 73282K->0K(92160K), 0.0018376 secs] 125288K->62245K(194560K), 0.0019338 secs] [Times: user=0.01 sys=0.00, real=0.00 secs] 
48.974: [GC (CMS Initial Mark) [1 CMS-initial-mark: 62245K(102400K)] 72485K(194560K), 0.0002364 secs] [Times: user=0.00 sys=0.00, real=0.00 secs] 
48.975: [CMS-concurrent-mark-start]
48.976: [CMS-concurrent-mark: 0.001/0.001 secs] [Times: user=0.01 sys=0.00, real=0.00 secs] 
48.976: [CMS-concurrent-preclean-start]
48.976: [CMS-concurrent-preclean: 0.000/0.000 secs] [Times: user=0.00 sys=0.00, real=0.00 secs] 
48.976: [CMS-concurrent-abortable-preclean-start]
49.985: [GC (Allocation Failure) 49.985: [ParNew: 73282K->0K(92160K), 0.0006665 secs] 135528K->62245K(194560K), 0.0007685 secs] [Times: user=0.01 sys=0.00, real=0.00 secs] 
49.993: [GC (Allocation Failure) 49.993: [ParNew: 73282K->0K(92160K), 0.0036687 secs] 135528K->92965K(194560K), 0.0037425 secs] [Times: user=0.03 sys=0.00, real=0.00 secs] 
49.997: [CMS-concurrent-abortable-preclean: 0.004/1.021 secs] [Times: user=0.05 sys=0.00, real=1.02 secs] 
49.998: [GC (CMS Final Remark) [YG occupancy: 10240 K (92160 K)]49.998: [Rescan (parallel) , 0.0002641 secs]49.999: [weak refs processing, 0.0000112 secs]49.999: [class unloading, 0.0002681 secs]49.999: [scrub symbol table, 0.0003639 secs]49.999: [scrub string table, 0.0002093 secs][1 CMS-remark: 92965K(102400K)] 103205K(194560K), 0.0011869 secs] [Times: user=0.00 sys=0.00, real=0.00 secs] 
50.000: [CMS-concurrent-sweep-start]
50.000: [CMS-concurrent-sweep: 0.000/0.000 secs] [Times: user=0.00 sys=0.00, real=0.01 secs] 
50.000: [CMS-concurrent-reset-start]
50.000: [CMS-concurrent-reset: 0.000/0.000 secs] [Times: user=0.00 sys=0.00, real=0.00 secs] 
51.009: [GC (Allocation Failure) 51.009: [ParNew: 73282K->0K(92160K), 0.0027444 secs] 115048K->62245K(194560K), 0.0028246 secs] [Times: user=0.03 sys=0.00, real=0.01 secs] 
51.013: [GC (CMS Initial Mark) [1 CMS-initial-mark: 62245K(102400K)] 72485K(194560K), 0.0002102 secs] [Times: user=0.00 sys=0.00, real=0.00 secs] 
51.013: [CMS-concurrent-mark-start]
51.014: [CMS-concurrent-mark: 0.001/0.001 secs] [Times: user=0.00 sys=0.00, real=0.00 secs] 
51.014: [CMS-concurrent-preclean-start]
51.014: [CMS-concurrent-preclean: 0.000/0.000 secs] [Times: user=0.00 sys=0.00, real=0.00 secs] 
51.014: [CMS-concurrent-abortable-preclean-start]
52.023: [GC (Allocation Failure) 52.023: [ParNew: 73282K->0K(92160K), 0.0013985 secs] 135528K->72485K(194560K), 0.0014697 secs] [Times: user=0.01 sys=0.00, real=0.00 secs] 
53.036: [GC (Allocation Failure) 53.037: [ParNew: 73282K->0K(92160K), 0.0004361 secs] 145768K->72485K(194560K), 0.0004983 secs] [Times: user=0.01 sys=0.00, real=0.00 secs] 
53.242: [CMS-concurrent-abortable-preclean: 0.007/2.227 secs] [Times: user=0.04 sys=0.01, real=2.23 secs] 
53.242: [GC (CMS Final Remark) [YG occupancy: 42562 K (92160 K)]53.242: [Rescan (parallel) , 0.0003411 secs]53.243: [weak refs processing, 0.0000174 secs]53.243: [class unloading, 0.0003108 secs]53.243: [scrub symbol table, 0.0004364 secs]53.244: [scrub string table, 0.0002587 secs][1 CMS-remark: 72485K(102400K)] 115048K(194560K), 0.0015126 secs] [Times: user=0.00 sys=0.00, real=0.00 secs] 
53.244: [CMS-concurrent-sweep-start]
53.244: [CMS-concurrent-sweep: 0.000/0.000 secs] [Times: user=0.00 sys=0.00, real=0.00 secs] 
53.244: [CMS-concurrent-reset-start]
53.244: [CMS-concurrent-reset: 0.000/0.000 secs] [Times: user=0.00 sys=0.00, real=0.00 secs] 
54.046: [GC (Allocation Failure) 54.046: [ParNew: 73282K->0K(92160K), 0.0014875 secs] 104808K->41765K(194560K), 0.0015578 secs] [Times: user=0.01 sys=0.00, real=0.00 secs] 
55.058: [GC (Allocation Failure) 55.058: [ParNew: 73282K->0K(92160K), 0.0014896 secs] 115048K->52005K(194560K), 0.0015735 secs] [Times: user=0.01 sys=0.00, real=0.01 secs] 
56.070: [GC (Allocation Failure) 56.071: [ParNew: 73282K->0K(92160K), 0.0014050 secs] 125288K->62245K(194560K), 0.0014764 secs] [Times: user=0.02 sys=0.00, real=0.00 secs] 
56.073: [GC (CMS Initial Mark) [1 CMS-initial-mark: 62245K(102400K)] 72485K(194560K), 0.0002404 secs] [Times: user=0.00 sys=0.00, real=0.00 secs] 
56.073: [CMS-concurrent-mark-start]
56.075: [CMS-concurrent-mark: 0.001/0.001 secs] [Times: user=0.00 sys=0.00, real=0.00 secs] 
56.075: [CMS-concurrent-preclean-start]
56.075: [CMS-concurrent-preclean: 0.000/0.000 secs] [Times: user=0.00 sys=0.00, real=0.00 secs] 
56.075: [CMS-concurrent-abortable-preclean-start]
57.082: [GC (Allocation Failure) 57.082: [ParNew: 73282K->0K(92160K), 0.0006649 secs] 135528K->62245K(194560K), 0.0008035 secs] [Times: user=0.00 sys=0.00, real=0.00 secs] 
57.090: [GC (Allocation Failure) 57.090: [ParNew: 73282K->0K(92160K), 0.0040931 secs] 135528K->92965K(194560K), 0.0041666 secs] [Times: user=0.04 sys=0.00, real=0.00 secs] 
57.094: [CMS-concurrent-abortable-preclean: 0.003/1.020 secs] [Times: user=0.06 sys=0.00, real=1.02 secs] 
57.095: [GC (CMS Final Remark) [YG occupancy: 10240 K (92160 K)]57.095: [Rescan (parallel) , 0.0001995 secs]57.096: [weak refs processing, 0.0000117 secs]57.096: [class unloading, 0.0002752 secs]57.096: [scrub symbol table, 0.0003702 secs]57.096: [scrub string table, 0.0002020 secs][1 CMS-remark: 92965K(102400K)] 103205K(194560K), 0.0011236 secs] [Times: user=0.00 sys=0.00, real=0.00 secs] 
57.097: [CMS-concurrent-sweep-start]
57.097: [CMS-concurrent-sweep: 0.000/0.000 secs] [Times: user=0.00 sys=0.00, real=0.00 secs] 
57.097: [CMS-concurrent-reset-start]
57.097: [CMS-concurrent-reset: 0.000/0.000 secs] [Times: user=0.00 sys=0.00, real=0.00 secs] 
58.106: [GC (Allocation Failure) 58.106: [ParNew: 73282K->0K(92160K), 0.0026878 secs] 115048K->62245K(194560K), 0.0027740 secs] [Times: user=0.02 sys=0.00, real=0.00 secs] 
58.110: [GC (CMS Initial Mark) [1 CMS-initial-mark: 62245K(102400K)] 72485K(194560K), 0.0001904 secs] [Times: user=0.00 sys=0.00, real=0.00 secs] 
58.110: [CMS-concurrent-mark-start]
58.111: [CMS-concurrent-mark: 0.001/0.001 secs] [Times: user=0.01 sys=0.00, real=0.00 secs] 
58.112: [CMS-concurrent-preclean-start]
58.112: [CMS-concurrent-preclean: 0.000/0.000 secs] [Times: user=0.00 sys=0.00, real=0.00 secs] 
58.112: [CMS-concurrent-abortable-preclean-start]
59.122: [GC (Allocation Failure) 59.122: [ParNew: 73282K->0K(92160K), 0.0022713 secs] 135528K->72485K(194560K), 0.0023872 secs] [Times: user=0.02 sys=0.01, real=0.00 secs] 
60.134: [GC (Allocation Failure) 60.134: [ParNew: 73282K->0K(92160K), 0.0005449 secs] 145768K->72485K(194560K), 0.0006228 secs] [Times: user=0.00 sys=0.00, real=0.00 secs] 
60.339: [CMS-concurrent-abortable-preclean: 0.007/2.228 secs] [Times: user=0.04 sys=0.01, real=2.22 secs] 
60.339: [GC (CMS Final Remark) [YG occupancy: 42562 K (92160 K)]60.340: [Rescan (parallel) , 0.0004264 secs]60.340: [weak refs processing, 0.0000209 secs]60.340: [class unloading, 0.0003073 secs]60.340: [scrub symbol table, 0.0004454 secs]60.341: [scrub string table, 0.0002604 secs][1 CMS-remark: 72485K(102400K)] 115048K(194560K), 0.0016020 secs] [Times: user=0.01 sys=0.00, real=0.00 secs] 
60.341: [CMS-concurrent-sweep-start]
60.341: [CMS-concurrent-sweep: 0.000/0.000 secs] [Times: user=0.00 sys=0.00, real=0.00 secs] 
60.341: [CMS-concurrent-reset-start]
60.342: [CMS-concurrent-reset: 0.000/0.000 secs] [Times: user=0.00 sys=0.00, real=0.00 secs] 
61.144: [GC (Allocation Failure) 61.144: [ParNew: 73282K->0K(92160K), 0.0025705 secs] 104808K->41765K(194560K), 0.0026879 secs] [Times: user=0.02 sys=0.00, real=0.00 secs] 
62.158: [GC (Allocation Failure) 62.158: [ParNew: 73282K->0K(92160K), 0.0027576 secs] 115048K->52005K(194560K), 0.0028534 secs] [Times: user=0.02 sys=0.00, real=0.01 secs] 
63.170: [GC (Allocation Failure) 63.170: [ParNew: 73282K->0K(92160K), 0.0019307 secs] 125288K->62245K(194560K), 0.0020278 secs] [Times: user=0.02 sys=0.00, real=0.00 secs] 
63.174: [GC (CMS Initial Mark) [1 CMS-initial-mark: 62245K(102400K)] 72485K(194560K), 0.0002804 secs] [Times: user=0.00 sys=0.00, real=0.00 secs] 
63.174: [CMS-concurrent-mark-start]
63.175: [CMS-concurrent-mark: 0.001/0.001 secs] [Times: user=0.00 sys=0.00, real=0.00 secs] 
63.176: [CMS-concurrent-preclean-start]
63.176: [CMS-concurrent-preclean: 0.000/0.000 secs] [Times: user=0.00 sys=0.00, real=0.00 secs] 
63.176: [CMS-concurrent-abortable-preclean-start]
64.182: [GC (Allocation Failure) 64.182: [ParNew: 73282K->0K(92160K), 0.0004745 secs] 135528K->62245K(194560K), 0.0005430 secs] [Times: user=0.00 sys=0.00, real=0.00 secs] 
64.189: [GC (Allocation Failure) 64.189: [ParNew: 73282K->0K(92160K), 0.0035986 secs] 135528K->92965K(194560K), 0.0036753 secs] [Times: user=0.03 sys=0.00, real=0.01 secs] 
64.193: [CMS-concurrent-abortable-preclean: 0.004/1.017 secs] [Times: user=0.05 sys=0.00, real=1.02 secs] 
64.194: [GC (CMS Final Remark) [YG occupancy: 10240 K (92160 K)]64.194: [Rescan (parallel) , 0.0002448 secs]64.194: [weak refs processing, 0.0000120 secs]64.194: [class unloading, 0.0002846 secs]64.194: [scrub symbol table, 0.0003581 secs]64.195: [scrub string table, 0.0002013 secs][1 CMS-remark: 92965K(102400K)] 103205K(194560K), 0.0011783 secs] [Times: user=0.00 sys=0.00, real=0.00 secs] 
64.195: [CMS-concurrent-sweep-start]
64.195: [CMS-concurrent-sweep: 0.000/0.000 secs] [Times: user=0.00 sys=0.00, real=0.00 secs] 
64.195: [CMS-concurrent-reset-start]
64.195: [CMS-concurrent-reset: 0.000/0.000 secs] [Times: user=0.00 sys=0.00, real=0.00 secs] 
65.207: [GC (Allocation Failure) 65.207: [ParNew: 73282K->0K(92160K), 0.0029844 secs] 115048K->62245K(194560K), 0.0030626 secs] [Times: user=0.02 sys=0.01, real=0.01 secs] 
65.211: [GC (CMS Initial Mark) [1 CMS-initial-mark: 62245K(102400K)] 72485K(194560K), 0.0001981 secs] [Times: user=0.00 sys=0.00, real=0.00 secs] 
65.211: [CMS-concurrent-mark-start]
65.212: [CMS-concurrent-mark: 0.001/0.001 secs] [Times: user=0.01 sys=0.00, real=0.00 secs] 
65.213: [CMS-concurrent-preclean-start]
65.213: [CMS-concurrent-preclean: 0.000/0.000 secs] [Times: user=0.00 sys=0.00, real=0.00 secs] 
65.213: [CMS-concurrent-abortable-preclean-start]
66.220: [GC (Allocation Failure) 66.220: [ParNew: 73282K->0K(92160K), 0.0013178 secs] 135528K->72485K(194560K), 0.0013782 secs] [Times: user=0.01 sys=0.00, real=0.00 secs] 
67.231: [GC (Allocation Failure) 67.231: [ParNew: 73282K->0K(92160K), 0.0004760 secs] 145768K->72485K(194560K), 0.0005428 secs] [Times: user=0.01 sys=0.00, real=0.00 secs] 
67.433: [CMS-concurrent-abortable-preclean: 0.006/2.220 secs] [Times: user=0.03 sys=0.00, real=2.22 secs] 
67.433: [GC (CMS Final Remark) [YG occupancy: 42562 K (92160 K)]67.433: [Rescan (parallel) , 0.0003244 secs]67.433: [weak refs processing, 0.0000204 secs]67.433: [class unloading, 0.0004257 secs]67.434: [scrub symbol table, 0.0005441 secs]67.434: [scrub string table, 0.0003254 secs][1 CMS-remark: 72485K(102400K)] 115048K(194560K), 0.0018156 secs] [Times: user=0.00 sys=0.00, real=0.00 secs] 
67.435: [CMS-concurrent-sweep-start]
67.435: [CMS-concurrent-sweep: 0.000/0.000 secs] [Times: user=0.00 sys=0.00, real=0.00 secs] 
67.435: [CMS-concurrent-reset-start]
67.435: [CMS-concurrent-reset: 0.000/0.000 secs] [Times: user=0.00 sys=0.00, real=0.00 secs] 
68.244: [GC (Allocation Failure) 68.244: [ParNew: 73282K->0K(92160K), 0.0016265 secs] 104808K->41765K(194560K), 0.0017110 secs] [Times: user=0.01 sys=0.00, real=0.00 secs] 
69.258: [GC (Allocation Failure) 69.258: [ParNew: 73282K->0K(92160K), 0.0016759 secs] 115048K->52005K(194560K), 0.0017698 secs] [Times: user=0.01 sys=0.00, real=0.01 secs] 
70.270: [GC (Allocation Failure) 70.270: [ParNew: 73282K->0K(92160K), 0.0013376 secs] 125288K->62245K(194560K), 0.0014381 secs] [Times: user=0.01 sys=0.00, real=0.00 secs] 
70.273: [GC (CMS Initial Mark) [1 CMS-initial-mark: 62245K(102400K)] 72485K(194560K), 0.0002190 secs] [Times: user=0.00 sys=0.00, real=0.00 secs] 
70.273: [CMS-concurrent-mark-start]
70.274: [CMS-concurrent-mark: 0.001/0.001 secs] [Times: user=0.01 sys=0.00, real=0.00 secs] 
70.274: [CMS-concurrent-preclean-start]
70.274: [CMS-concurrent-preclean: 0.000/0.000 secs] [Times: user=0.00 sys=0.00, real=0.00 secs] 
70.274: [CMS-concurrent-abortable-preclean-start]
71.279: [GC (Allocation Failure) 71.279: [ParNew: 73282K->0K(92160K), 0.0009176 secs] 135528K->62245K(194560K), 0.0010481 secs] [Times: user=0.00 sys=0.00, real=0.01 secs] 
71.289: [GC (Allocation Failure) 71.289: [ParNew: 73282K->0K(92160K), 0.0037329 secs] 135528K->92965K(194560K), 0.0038023 secs] [Times: user=0.03 sys=0.00, real=0.01 secs] 
71.292: [CMS-concurrent-abortable-preclean: 0.003/1.018 secs] [Times: user=0.05 sys=0.00, real=1.02 secs] 
71.293: [GC (CMS Final Remark) [YG occupancy: 10240 K (92160 K)]71.293: [Rescan (parallel) , 0.0001797 secs]71.294: [weak refs processing, 0.0000117 secs]71.294: [class unloading, 0.0002699 secs]71.294: [scrub symbol table, 0.0003826 secs]71.294: [scrub string table, 0.0002090 secs][1 CMS-remark: 92965K(102400K)] 103205K(194560K), 0.0011278 secs] [Times: user=0.00 sys=0.00, real=0.00 secs] 
71.295: [CMS-concurrent-sweep-start]
71.295: [CMS-concurrent-sweep: 0.000/0.000 secs] [Times: user=0.00 sys=0.00, real=0.00 secs] 
71.295: [CMS-concurrent-reset-start]
71.295: [CMS-concurrent-reset: 0.000/0.000 secs] [Times: user=0.00 sys=0.00, real=0.00 secs] 
72.306: [GC (Allocation Failure) 72.306: [ParNew: 73282K->0K(92160K), 0.0028243 secs] 115048K->62245K(194560K), 0.0029004 secs] [Times: user=0.02 sys=0.00, real=0.00 secs] 
72.309: [GC (CMS Initial Mark) [1 CMS-initial-mark: 62245K(102400K)] 72485K(194560K), 0.0001670 secs] [Times: user=0.00 sys=0.00, real=0.00 secs] 
72.310: [CMS-concurrent-mark-start]
72.311: [CMS-concurrent-mark: 0.001/0.001 secs] [Times: user=0.01 sys=0.00, real=0.00 secs] 
72.311: [CMS-concurrent-preclean-start]
72.311: [CMS-concurrent-preclean: 0.000/0.000 secs] [Times: user=0.00 sys=0.00, real=0.00 secs] 
72.311: [CMS-concurrent-abortable-preclean-start]
73.320: [GC (Allocation Failure) 73.320: [ParNew: 73282K->0K(92160K), 0.0018290 secs] 135528K->72485K(194560K), 0.0019092 secs] [Times: user=0.01 sys=0.00, real=0.00 secs] 
74.335: [GC (Allocation Failure) 74.335: [ParNew: 73282K->0K(92160K), 0.0004804 secs] 145768K->72485K(194560K), 0.0005507 secs] [Times: user=0.00 sys=0.00, real=0.00 secs] 
74.544: [CMS-concurrent-abortable-preclean: 0.006/2.233 secs] [Times: user=0.04 sys=0.00, real=2.23 secs] 
74.544: [GC (CMS Final Remark) [YG occupancy: 42562 K (92160 K)]74.544: [Rescan (parallel) , 0.0003267 secs]74.544: [weak refs processing, 0.0000248 secs]74.544: [class unloading, 0.0003585 secs]74.545: [scrub symbol table, 0.0005322 secs]74.545: [scrub string table, 0.0002579 secs][1 CMS-remark: 72485K(102400K)] 115048K(194560K), 0.0016207 secs] [Times: user=0.00 sys=0.00, real=0.00 secs] 
74.546: [CMS-concurrent-sweep-start]
74.546: [CMS-concurrent-sweep: 0.000/0.000 secs] [Times: user=0.00 sys=0.00, real=0.00 secs] 
74.546: [CMS-concurrent-reset-start]
74.546: [CMS-concurrent-reset: 0.000/0.000 secs] [Times: user=0.00 sys=0.00, real=0.00 secs] 
75.347: [GC (Allocation Failure) 75.347: [ParNew: 73282K->0K(92160K), 0.0015287 secs] 104808K->41765K(194560K), 0.0016221 secs] [Times: user=0.02 sys=0.00, real=0.00 secs] 
76.359: [GC (Allocation Failure) 76.359: [ParNew: 73282K->0K(92160K), 0.0016688 secs] 115048K->52005K(194560K), 0.0017512 secs] [Times: user=0.02 sys=0.00, real=0.01 secs] 
77.371: [GC (Allocation Failure) 77.371: [ParNew: 73282K->0K(92160K), 0.0016519 secs] 125288K->62245K(194560K), 0.0017409 secs] [Times: user=0.01 sys=0.00, real=0.00 secs] 
77.374: [GC (CMS Initial Mark) [1 CMS-initial-mark: 62245K(102400K)] 72485K(194560K), 0.0002041 secs] [Times: user=0.00 sys=0.00, real=0.00 secs] 
77.374: [CMS-concurrent-mark-start]
77.375: [CMS-concurrent-mark: 0.001/0.001 secs] [Times: user=0.00 sys=0.00, real=0.00 secs] 
77.376: [CMS-concurrent-preclean-start]
77.376: [CMS-concurrent-preclean: 0.000/0.000 secs] [Times: user=0.00 sys=0.00, real=0.00 secs] 
77.376: [CMS-concurrent-abortable-preclean-start]
78.383: [GC (Allocation Failure) 78.383: [ParNew: 73282K->0K(92160K), 0.0007587 secs] 135528K->62245K(194560K), 0.0008610 secs] [Times: user=0.01 sys=0.00, real=0.00 secs] 
78.392: [GC (Allocation Failure) 78.392: [ParNew: 73282K->0K(92160K), 0.0044121 secs] 135528K->92965K(194560K), 0.0044830 secs] [Times: user=0.04 sys=0.00, real=0.00 secs] 
78.396: [CMS-concurrent-abortable-preclean: 0.004/1.020 secs] [Times: user=0.06 sys=0.00, real=1.02 secs] 
78.397: [GC (CMS Final Remark) [YG occupancy: 10240 K (92160 K)]78.397: [Rescan (parallel) , 0.0001658 secs]78.397: [weak refs processing, 0.0000214 secs]78.397: [class unloading, 0.0003266 secs]78.398: [scrub symbol table, 0.0003916 secs]78.398: [scrub string table, 0.0002139 secs][1 CMS-remark: 92965K(102400K)] 103205K(194560K), 0.0012024 secs] [Times: user=0.00 sys=0.01, real=0.00 secs] 
78.398: [CMS-concurrent-sweep-start]
78.399: [CMS-concurrent-sweep: 0.000/0.000 secs] [Times: user=0.00 sys=0.00, real=0.00 secs] 
78.399: [CMS-concurrent-reset-start]
78.399: [CMS-concurrent-reset: 0.000/0.000 secs] [Times: user=0.00 sys=0.00, real=0.00 secs] 
79.407: [GC (Allocation Failure) 79.407: [ParNew: 73282K->0K(92160K), 0.0031486 secs] 115048K->62245K(194560K), 0.0032324 secs] [Times: user=0.02 sys=0.00, real=0.01 secs] 
79.411: [GC (CMS Initial Mark) [1 CMS-initial-mark: 62245K(102400K)] 72485K(194560K), 0.0002682 secs] [Times: user=0.00 sys=0.00, real=0.00 secs] 
79.411: [CMS-concurrent-mark-start]
79.412: [CMS-concurrent-mark: 0.001/0.001 secs] [Times: user=0.01 sys=0.00, real=0.00 secs] 
79.412: [CMS-concurrent-preclean-start]
79.413: [CMS-concurrent-preclean: 0.000/0.000 secs] [Times: user=0.00 sys=0.00, real=0.00 secs] 
79.413: [CMS-concurrent-abortable-preclean-start]
80.421: [GC (Allocation Failure) 80.421: [ParNew: 73282K->0K(92160K), 0.0016281 secs] 135528K->72485K(194560K), 0.0017104 secs] [Times: user=0.01 sys=0.00, real=0.00 secs] 
81.433: [GC (Allocation Failure) 81.433: [ParNew: 73282K->0K(92160K), 0.0010352 secs] 145768K->72485K(194560K), 0.0011105 secs] [Times: user=0.01 sys=0.00, real=0.00 secs] 
81.640: [CMS-concurrent-abortable-preclean: 0.007/2.227 secs] [Times: user=0.04 sys=0.00, real=2.23 secs] 
81.640: [GC (CMS Final Remark) [YG occupancy: 42562 K (92160 K)]81.640: [Rescan (parallel) , 0.0006089 secs]81.641: [weak refs processing, 0.0000288 secs]81.641: [class unloading, 0.0005055 secs]81.641: [scrub symbol table, 0.0006569 secs]81.642: [scrub string table, 0.0003190 secs][1 CMS-remark: 72485K(102400K)] 115048K(194560K), 0.0022813 secs] [Times: user=0.01 sys=0.00, real=0.00 secs] 
81.643: [CMS-concurrent-sweep-start]
81.643: [CMS-concurrent-sweep: 0.000/0.000 secs] [Times: user=0.00 sys=0.00, real=0.00 secs] 
81.643: [CMS-concurrent-reset-start]
81.643: [CMS-concurrent-reset: 0.000/0.000 secs] [Times: user=0.00 sys=0.00, real=0.00 secs] 
82.444: [GC (Allocation Failure) 82.444: [ParNew: 73282K->0K(92160K), 0.0016244 secs] 104808K->41765K(194560K), 0.0017073 secs] [Times: user=0.02 sys=0.00, real=0.00 secs] 
83.457: [GC (Allocation Failure) 83.457: [ParNew: 73282K->0K(92160K), 0.0014025 secs] 115048K->52005K(194560K), 0.0014777 secs] [Times: user=0.02 sys=0.00, real=0.00 secs] 
84.470: [GC (Allocation Failure) 84.470: [ParNew: 73282K->0K(92160K), 0.0017616 secs] 125288K->62245K(194560K), 0.0018615 secs] [Times: user=0.02 sys=0.00, real=0.00 secs] 
84.473: [GC (CMS Initial Mark) [1 CMS-initial-mark: 62245K(102400K)] 72485K(194560K), 0.0002180 secs] [Times: user=0.00 sys=0.00, real=0.00 secs] 
84.474: [CMS-concurrent-mark-start]
84.475: [CMS-concurrent-mark: 0.001/0.001 secs] [Times: user=0.00 sys=0.00, real=0.00 secs] 
84.475: [CMS-concurrent-preclean-start]
84.475: [CMS-concurrent-preclean: 0.000/0.000 secs] [Times: user=0.00 sys=0.00, real=0.00 secs] 
84.475: [CMS-concurrent-abortable-preclean-start]
85.484: [GC (Allocation Failure) 85.484: [ParNew: 73282K->0K(92160K), 0.0006177 secs] 135528K->62245K(194560K), 0.0007065 secs] [Times: user=0.00 sys=0.00, real=0.00 secs] 
85.492: [GC (Allocation Failure) 85.492: [ParNew: 73282K->0K(92160K), 0.0037014 secs] 135528K->92965K(194560K), 0.0037736 secs] [Times: user=0.04 sys=0.01, real=0.00 secs] 
85.496: [CMS-concurrent-abortable-preclean: 0.004/1.021 secs] [Times: user=0.06 sys=0.01, real=1.02 secs] 
85.497: [GC (CMS Final Remark) [YG occupancy: 10240 K (92160 K)]85.497: [Rescan (parallel) , 0.0002322 secs]85.497: [weak refs processing, 0.0000121 secs]85.497: [class unloading, 0.0002879 secs]85.498: [scrub symbol table, 0.0003741 secs]85.498: [scrub string table, 0.0002064 secs][1 CMS-remark: 92965K(102400K)] 103205K(194560K), 0.0011868 secs] [Times: user=0.00 sys=0.00, real=0.00 secs] 
85.498: [CMS-concurrent-sweep-start]
85.498: [CMS-concurrent-sweep: 0.000/0.000 secs] [Times: user=0.00 sys=0.00, real=0.00 secs] 
85.498: [CMS-concurrent-reset-start]
85.499: [CMS-concurrent-reset: 0.000/0.000 secs] [Times: user=0.00 sys=0.00, real=0.00 secs] 
86.507: [GC (Allocation Failure) 86.507: [ParNew: 73282K->0K(92160K), 0.0026321 secs] 115048K->62247K(194560K), 0.0027082 secs] [Times: user=0.02 sys=0.00, real=0.01 secs] 
86.511: [GC (CMS Initial Mark) [1 CMS-initial-mark: 62247K(102400K)] 72487K(194560K), 0.0001861 secs] [Times: user=0.00 sys=0.00, real=0.00 secs] 
86.511: [CMS-concurrent-mark-start]
86.512: [CMS-concurrent-mark: 0.001/0.001 secs] [Times: user=0.01 sys=0.00, real=0.00 secs] 
86.512: [CMS-concurrent-preclean-start]
86.513: [CMS-concurrent-preclean: 0.000/0.000 secs] [Times: user=0.00 sys=0.00, real=0.00 secs] 
86.513: [CMS-concurrent-abortable-preclean-start]
87.521: [GC (Allocation Failure) 87.521: [ParNew: 73282K->0K(92160K), 0.0015061 secs] 135530K->72487K(194560K), 0.0015853 secs] [Times: user=0.02 sys=0.00, real=0.00 secs] 
88.534: [GC (Allocation Failure) 88.534: [ParNew: 73282K->0K(92160K), 0.0004966 secs] 145770K->72487K(194560K), 0.0005714 secs] [Times: user=0.00 sys=0.00, real=0.00 secs] 
88.741: [CMS-concurrent-abortable-preclean: 0.007/2.228 secs] [Times: user=0.04 sys=0.00, real=2.23 secs] 
88.741: [GC (CMS Final Remark) [YG occupancy: 42562 K (92160 K)]88.741: [Rescan (parallel) , 0.0005518 secs]88.742: [weak refs processing, 0.0000202 secs]88.742: [class unloading, 0.0003615 secs]88.742: [scrub symbol table, 0.0005277 secs]88.743: [scrub string table, 0.0003190 secs][1 CMS-remark: 72487K(102400K)] 115050K(194560K), 0.0019239 secs] [Times: user=0.00 sys=0.00, real=0.00 secs] 
88.743: [CMS-concurrent-sweep-start]
88.744: [CMS-concurrent-sweep: 0.000/0.000 secs] [Times: user=0.00 sys=0.00, real=0.00 secs] 
88.744: [CMS-concurrent-reset-start]
88.744: [CMS-concurrent-reset: 0.000/0.000 secs] [Times: user=0.00 sys=0.00, real=0.00 secs] 
89.548: [GC (Allocation Failure) 89.548: [ParNew: 73282K->0K(92160K), 0.0014695 secs] 104810K->41767K(194560K), 0.0015781 secs] [Times: user=0.02 sys=0.00, real=0.01 secs] 
90.558: [GC (Allocation Failure) 90.558: [ParNew: 73282K->0K(92160K), 0.0019211 secs] 115050K->52007K(194560K), 0.0020093 secs] [Times: user=0.02 sys=0.00, real=0.01 secs] 
91.570: [GC (Allocation Failure) 91.570: [ParNew: 73282K->0K(92160K), 0.0014319 secs] 125290K->62247K(194560K), 0.0015268 secs] [Times: user=0.01 sys=0.00, real=0.00 secs] 
91.573: [GC (CMS Initial Mark) [1 CMS-initial-mark: 62247K(102400K)] 72487K(194560K), 0.0002136 secs] [Times: user=0.00 sys=0.00, real=0.00 secs] 
91.573: [CMS-concurrent-mark-start]
91.574: [CMS-concurrent-mark: 0.001/0.001 secs] [Times: user=0.00 sys=0.00, real=0.00 secs] 
91.574: [CMS-concurrent-preclean-start]
91.574: [CMS-concurrent-preclean: 0.000/0.000 secs] [Times: user=0.00 sys=0.00, real=0.00 secs] 
91.575: [CMS-concurrent-abortable-preclean-start]
92.580: [GC (Allocation Failure) 92.580: [ParNew: 73282K->0K(92160K), 0.0005272 secs] 135530K->62247K(194560K), 0.0006112 secs] [Times: user=0.01 sys=0.00, real=0.00 secs] 
92.587: [GC (Allocation Failure) 92.587: [ParNew: 73282K->0K(92160K), 0.0042291 secs] 135530K->92967K(194560K), 0.0043041 secs] [Times: user=0.04 sys=0.01, real=0.01 secs] 
92.592: [CMS-concurrent-abortable-preclean: 0.004/1.017 secs] [Times: user=0.06 sys=0.01, real=1.02 secs] 
92.593: [GC (CMS Final Remark) [YG occupancy: 10240 K (92160 K)]92.593: [Rescan (parallel) , 0.0001729 secs]92.593: [weak refs processing, 0.0000110 secs]92.593: [class unloading, 0.0002863 secs]92.593: [scrub symbol table, 0.0003834 secs]92.593: [scrub string table, 0.0001922 secs][1 CMS-remark: 92967K(102400K)] 103207K(194560K), 0.0011135 secs] [Times: user=0.00 sys=0.00, real=0.00 secs] 
92.594: [CMS-concurrent-sweep-start]
92.594: [CMS-concurrent-sweep: 0.000/0.000 secs] [Times: user=0.00 sys=0.00, real=0.00 secs] 
92.594: [CMS-concurrent-reset-start]
92.594: [CMS-concurrent-reset: 0.000/0.000 secs] [Times: user=0.00 sys=0.00, real=0.00 secs] 
93.604: [GC (Allocation Failure) 93.604: [ParNew: 73282K->0K(92160K), 0.0027107 secs] 115050K->62247K(194560K), 0.0028209 secs] [Times: user=0.02 sys=0.00, real=0.00 secs] 
93.607: [GC (CMS Initial Mark) [1 CMS-initial-mark: 62247K(102400K)] 72487K(194560K), 0.0001808 secs] [Times: user=0.01 sys=0.00, real=0.00 secs] 
93.608: [CMS-concurrent-mark-start]
93.609: [CMS-concurrent-mark: 0.001/0.001 secs] [Times: user=0.00 sys=0.00, real=0.00 secs] 
93.609: [CMS-concurrent-preclean-start]
93.609: [CMS-concurrent-preclean: 0.000/0.000 secs] [Times: user=0.00 sys=0.00, real=0.01 secs] 
93.609: [CMS-concurrent-abortable-preclean-start]
94.618: [GC (Allocation Failure) 94.618: [ParNew: 73282K->0K(92160K), 0.0019983 secs] 135530K->72487K(194560K), 0.0020786 secs] [Times: user=0.02 sys=0.00, real=0.01 secs] 
95.633: [GC (Allocation Failure) 95.633: [ParNew: 73282K->0K(92160K), 0.0003616 secs] 145770K->72487K(194560K), 0.0004305 secs] [Times: user=0.00 sys=0.00, real=0.00 secs] 
95.838: [CMS-concurrent-abortable-preclean: 0.006/2.229 secs] [Times: user=0.04 sys=0.00, real=2.22 secs] 
95.838: [GC (CMS Final Remark) [YG occupancy: 42562 K (92160 K)]95.838: [Rescan (parallel) , 0.0005462 secs]95.839: [weak refs processing, 0.0000218 secs]95.839: [class unloading, 0.0009699 secs]95.840: [scrub symbol table, 0.0007136 secs]95.841: [scrub string table, 0.0002570 secs][1 CMS-remark: 72487K(102400K)] 115050K(194560K), 0.0028571 secs] [Times: user=0.01 sys=0.00, real=0.01 secs] 
95.841: [CMS-concurrent-sweep-start]
95.841: [CMS-concurrent-sweep: 0.000/0.000 secs] [Times: user=0.00 sys=0.00, real=0.00 secs] 
95.841: [CMS-concurrent-reset-start]
95.842: [CMS-concurrent-reset: 0.000/0.000 secs] [Times: user=0.00 sys=0.00, real=0.00 secs] 
96.647: [GC (Allocation Failure) 96.647: [ParNew: 73282K->0K(92160K), 0.0015849 secs] 104810K->41767K(194560K), 0.0017107 secs] [Times: user=0.01 sys=0.00, real=0.00 secs] 
97.662: [GC (Allocation Failure) 97.662: [ParNew: 73282K->0K(92160K), 0.0016251 secs] 115050K->52007K(194560K), 0.0017018 secs] [Times: user=0.02 sys=0.00, real=0.00 secs] 
98.673: [GC (Allocation Failure) 98.673: [ParNew: 73282K->0K(92160K), 0.0017483 secs] 125290K->62247K(194560K), 0.0018659 secs] [Times: user=0.02 sys=0.00, real=0.00 secs] 
98.676: [GC (CMS Initial Mark) [1 CMS-initial-mark: 62247K(102400K)] 72487K(194560K), 0.0002350 secs] [Times: user=0.00 sys=0.00, real=0.00 secs] 
98.677: [CMS-concurrent-mark-start]
98.678: [CMS-concurrent-mark: 0.001/0.001 secs] [Times: user=0.00 sys=0.00, real=0.00 secs] 
98.678: [CMS-concurrent-preclean-start]
98.678: [CMS-concurrent-preclean: 0.000/0.000 secs] [Times: user=0.01 sys=0.00, real=0.00 secs] 
98.678: [CMS-concurrent-abortable-preclean-start]
99.688: [GC (Allocation Failure) 99.688: [ParNew: 73282K->0K(92160K), 0.0006632 secs] 135530K->62247K(194560K), 0.0007668 secs] [Times: user=0.01 sys=0.00, real=0.00 secs] 
99.696: [GC (Allocation Failure) 99.696: [ParNew: 73282K->0K(92160K), 0.0038254 secs] 135530K->92967K(194560K), 0.0039072 secs] [Times: user=0.03 sys=0.01, real=0.01 secs] 
99.700: [CMS-concurrent-abortable-preclean: 0.003/1.022 secs] [Times: user=0.05 sys=0.01, real=1.03 secs] 
99.701: [GC (CMS Final Remark) [YG occupancy: 10240 K (92160 K)]99.701: [Rescan (parallel) , 0.0002140 secs]99.702: [weak refs processing, 0.0000145 secs]99.702: [class unloading, 0.0003285 secs]99.702: [scrub symbol table, 0.0004991 secs]99.702: [scrub string table, 0.0001940 secs][1 CMS-remark: 92967K(102400K)] 103207K(194560K), 0.0013544 secs] [Times: user=0.00 sys=0.00, real=0.00 secs] 
99.703: [CMS-concurrent-sweep-start]
99.703: [CMS-concurrent-sweep: 0.000/0.000 secs] [Times: user=0.00 sys=0.00, real=0.00 secs] 
99.703: [CMS-concurrent-reset-start]
99.703: [CMS-concurrent-reset: 0.000/0.000 secs] [Times: user=0.00 sys=0.00, real=0.00 secs] 
100.710: [GC (Allocation Failure) 100.710: [ParNew: 73282K->0K(92160K), 0.0024569 secs] 115050K->62247K(194560K), 0.0025407 secs] [Times: user=0.02 sys=0.00, real=0.00 secs] 
100.714: [GC (CMS Initial Mark) [1 CMS-initial-mark: 62247K(102400K)] 72487K(194560K), 0.0001784 secs] [Times: user=0.00 sys=0.00, real=0.00 secs] 
100.714: [CMS-concurrent-mark-start]
100.715: [CMS-concurrent-mark: 0.001/0.001 secs] [Times: user=0.01 sys=0.00, real=0.00 secs] 
100.715: [CMS-concurrent-preclean-start]
100.715: [CMS-concurrent-preclean: 0.000/0.000 secs] [Times: user=0.00 sys=0.00, real=0.00 secs] 
100.715: [CMS-concurrent-abortable-preclean-start]
101.724: [GC (Allocation Failure) 101.724: [ParNew: 73282K->0K(92160K), 0.0033289 secs] 135530K->72487K(194560K), 0.0034446 secs] [Times: user=0.03 sys=0.00, real=0.00 secs] 
102.740: [GC (Allocation Failure) 102.740: [ParNew: 73282K->0K(92160K), 0.0005177 secs] 145770K->72487K(194560K), 0.0006126 secs] [Times: user=0.00 sys=0.00, real=0.00 secs] 
102.945: [CMS-concurrent-abortable-preclean: 0.007/2.230 secs] [Times: user=0.06 sys=0.00, real=2.23 secs] 
102.946: [GC (CMS Final Remark) [YG occupancy: 42562 K (92160 K)]102.946: [Rescan (parallel) , 0.0003384 secs]102.946: [weak refs processing, 0.0000229 secs]102.946: [class unloading, 0.0004868 secs]102.947: [scrub symbol table, 0.0005753 secs]102.947: [scrub string table, 0.0002130 secs][1 CMS-remark: 72487K(102400K)] 115050K(194560K), 0.0017688 secs] [Times: user=0.00 sys=0.00, real=0.00 secs] 
102.948: [CMS-concurrent-sweep-start]
102.948: [CMS-concurrent-sweep: 0.000/0.000 secs] [Times: user=0.00 sys=0.00, real=0.00 secs] 
102.948: [CMS-concurrent-reset-start]
102.948: [CMS-concurrent-reset: 0.000/0.000 secs] [Times: user=0.00 sys=0.00, real=0.00 secs] 
103.752: [GC (Allocation Failure) 103.752: [ParNew: 73282K->0K(92160K), 0.0014736 secs] 104810K->41767K(194560K), 0.0015706 secs] [Times: user=0.01 sys=0.00, real=0.00 secs] 
104.763: [GC (Allocation Failure) 104.763: [ParNew: 73282K->0K(92160K), 0.0024513 secs] 115050K->52007K(194560K), 0.0025394 secs] [Times: user=0.02 sys=0.00, real=0.00 secs] 
