Java HotSpot(TM) 64-Bit Server VM (25.181-b13) for bsd-amd64 JRE (1.8.0_181-b13), built on Jul  7 2018 01:02:31 by "java_re" with gcc 4.2.1 (Based on Apple Inc. build 5658) (LLVM build 2336.11.00)
Memory: 4k page, physical 33554432k(2833628k free)

/proc/meminfo:

CommandLine flags: -XX:CompressedClassSpaceSize=2097152 -XX:InitialHeapSize=2147483648 -XX:MaxHeapSize=2147483648 -XX:MaxMetaspaceSize=10485760 -XX:MaxNewSize=1073741824 -XX:MaxTenuringThreshold=15 -XX:MetaspaceSize=10485760 -XX:NewSize=1073741824 -XX:OldPLABSize=16 -XX:PretenureSizeThreshold=10485760 -XX:+PrintGC -XX:+PrintGCDetails -XX:+PrintGCTimeStamps -XX:SurvivorRatio=8 -XX:+UseCompressedClassPointers -XX:+UseCompressedOops -XX:+UseConcMarkSweepGC -XX:+UseParNewGC 
1.413: [Full GC (Metadata GC Threshold) 1.413: [CMS: 0K->2983K(1048576K), 0.0506152 secs] 184561K->2983K(1992320K), [Metaspace: 9116K->9116K(1058816K)], 0.0508652 secs] [Times: user=0.11 sys=0.00, real=0.05 secs] 
1.464: [Full GC (Last ditch collection) 1.464: [CMS: 2983K->1953K(1048576K), 0.0089228 secs] 2983K->1953K(1992320K), [Metaspace: 9116K->9116K(1058816K)], 0.0090931 secs] [Times: user=0.02 sys=0.00, real=0.01 secs] 
1.473: [GC (CMS Initial Mark) [1 CMS-initial-mark: 1953K(1048576K)] 1953K(1992320K), 0.0002784 secs] [Times: user=0.00 sys=0.00, real=0.00 secs] 
1.473: [CMS-concurrent-mark-start]
1.474: [Full GC (Metadata GC Threshold) 1.475: [CMS1.477: [CMS-concurrent-mark: 0.002/0.003 secs] [Times: user=0.02 sys=0.01, real=0.01 secs] 
 (concurrent mode failure): 1953K->1585K(1048576K), 0.0098628 secs] 18731K->1585K(1992320K), [Metaspace: 9115K->9115K(1058816K)], 0.0100613 secs] [Times: user=0.02 sys=0.00, real=0.01 secs] 
1.485: [Full GC (Last ditch collection) 1.485: [CMS: 1585K->1585K(1048576K), 0.0078103 secs] 1585K->1585K(1992320K), [Metaspace: 9115K->9115K(1058816K)], 0.0080855 secs] [Times: user=0.02 sys=0.00, real=0.01 secs] 
1.494: [Full GC (Metadata GC Threshold) 1.494: [CMS: 1585K->1581K(1048576K), 0.0095604 secs] 35141K->1581K(1992320K), [Metaspace: 9120K->9120K(1058816K)], 0.0105648 secs] [Times: user=0.03 sys=0.00, real=0.01 secs] 
1.504: [Full GC (Last ditch collection) 1.504: [CMS: 1581K->1579K(1048576K), 0.0100147 secs] 1581K->1579K(1992320K), [Metaspace: 9120K->9120K(1058816K)], 0.0104921 secs] [Times: user=0.02 sys=0.00, real=0.02 secs] 
1.515: [GC (CMS Initial Mark) [1 CMS-initial-mark: 1579K(1048576K)] 1579K(1992320K), 0.0006210 secs] [Times: user=0.00 sys=0.00, real=0.00 secs] 
1.516: [CMS-concurrent-mark-start]
1.517: [Full GC (Metadata GC Threshold) 1.517: [CMS1.520: [CMS-concurrent-mark: 0.003/0.004 secs] [Times: user=0.02 sys=0.00, real=0.00 secs] 
 (concurrent mode failure): 1579K->1577K(1048576K), 0.0125568 secs] 18357K->1577K(1992320K), [Metaspace: 9120K->9120K(1058816K)], 0.0130195 secs] [Times: user=0.03 sys=0.00, real=0.01 secs] 
1.530: [Full GC (Last ditch collection) 1.530: [CMS: 1577K->1577K(1048576K), 0.0100218 secs] 1577K->1577K(1992320K), [Metaspace: 9120K->9120K(1058816K)], 0.0104912 secs] [Times: user=0.02 sys=0.00, real=0.01 secs] 
1.541: [Full GC (Metadata GC Threshold) 1.541: [CMS: 1577K->1575K(1048576K), 0.0124314 secs] 1577K->1575K(1992320K), [Metaspace: 9121K->9121K(1058816K)], 0.0129706 secs] [Times: user=0.03 sys=0.00, real=0.01 secs] 
1.554: [Full GC (Last ditch collection) 1.554: [CMS: 1575K->1575K(1048576K), 0.0120773 secs] 1575K->1575K(1992320K), [Metaspace: 9121K->9121K(1058816K)], 0.0127040 secs] [Times: user=0.02 sys=0.00, real=0.02 secs] 
1.567: [GC (CMS Initial Mark) [1 CMS-initial-mark: 1575K(1048576K)] 1575K(1992320K), 0.0002601 secs] [Times: user=0.00 sys=0.00, real=0.00 secs] 
1.568: [CMS-concurrent-mark-start]
1.568: [Full GC (Metadata GC Threshold) 1.568: [CMS1.571: [CMS-concurrent-mark: 0.002/0.003 secs] [Times: user=0.02 sys=0.00, real=0.00 secs] 
 (concurrent mode failure): 1575K->1580K(1048576K), 0.0140172 secs] 18353K->1580K(1992320K), [Metaspace: 9121K->9121K(1058816K)], 0.0142098 secs] [Times: user=0.03 sys=0.00, real=0.01 secs] 
1.583: [Full GC (Last ditch collection) 1.583: [CMS: 1580K->1578K(1048576K), 0.0097362 secs] 1580K->1578K(1992320K), [Metaspace: 9121K->9121K(1058816K)], 0.0099350 secs] [Times: user=0.01 sys=0.00, real=0.01 secs] 
1.593: [Full GC (Metadata GC Threshold) 1.593: [CMS: 1578K->1576K(1048576K), 0.0098950 secs] 35135K->1576K(1992320K), [Metaspace: 9121K->9121K(1058816K)], 0.0101065 secs] [Times: user=0.01 sys=0.00, real=0.01 secs] 
1.603: [Full GC (Last ditch collection) 1.603: [CMS: 1576K->1576K(1048576K), 0.0073497 secs] 1576K->1576K(1992320K), [Metaspace: 9121K->9121K(1058816K)], 0.0075132 secs] [Times: user=0.01 sys=0.00, real=0.01 secs] 
1.611: [GC (CMS Initial Mark) [1 CMS-initial-mark: 1576K(1048576K)] 1576K(1992320K), 0.0002618 secs] [Times: user=0.00 sys=0.00, real=0.00 secs] 
1.611: [CMS-concurrent-mark-start]
1.612: [Full GC (Metadata GC Threshold) 1.612: [CMS1.615: [CMS-concurrent-mark: 0.002/0.003 secs] [Times: user=0.01 sys=0.00, real=0.00 secs] 
 (concurrent mode failure): 1576K->1575K(1048576K), 0.0105097 secs] 18354K->1575K(1992320K), [Metaspace: 9135K->9135K(1058816K)], 0.0108860 secs] [Times: user=0.03 sys=0.00, real=0.01 secs] 
1.623: [Full GC (Last ditch collection) 1.623: [CMS: 1575K->1575K(1048576K), 0.0075020 secs] 1575K->1575K(1992320K), [Metaspace: 9135K->9135K(1058816K)], 0.0078696 secs] [Times: user=0.01 sys=0.00, real=0.01 secs] 
1.631: [Full GC (Metadata GC Threshold) 1.631: [CMS: 1575K->1575K(1048576K), 0.0130714 secs] 1575K->1575K(1992320K), [Metaspace: 9135K->9135K(1058816K)], 0.0134492 secs] [Times: user=0.04 sys=0.01, real=0.01 secs] 
1.644: [Full GC (Last ditch collection) 1.644: [CMS: 1575K->1575K(1048576K), 0.0075188 secs] 1575K->1575K(1992320K), [Metaspace: 9135K->9135K(1058816K)], 0.0076918 secs] [Times: user=0.01 sys=0.00, real=0.01 secs] 
1.653: [GC (CMS Initial Mark) [1 CMS-initial-mark: 1575K(1048576K)] 1575K(1992320K), 0.0002228 secs] [Times: user=0.00 sys=0.00, real=0.00 secs] 
1.653: [CMS-concurrent-mark-start]
1.653: [Full GC (Metadata GC Threshold) 1.653: [CMS1.655: [CMS-concurrent-mark: 0.002/0.003 secs] [Times: user=0.00 sys=0.00, real=0.01 secs] 
 (concurrent mode failure): 1575K->1581K(1048576K), 0.0093581 secs] 35132K->1581K(1992320K), [Metaspace: 9141K->9141K(1058816K)], 0.0097266 secs] [Times: user=0.02 sys=0.00, real=0.01 secs] 
1.663: [Full GC (Last ditch collection) 1.663: [CMS: 1581K->1579K(1048576K), 0.0069935 secs] 1581K->1579K(1992320K), [Metaspace: 9141K->9141K(1058816K)], 0.0071653 secs] [Times: user=0.01 sys=0.00, real=0.01 secs] 
1.671: [Full GC (Metadata GC Threshold) 1.671: [CMS: 1579K->1577K(1048576K), 0.0073548 secs] 18357K->1577K(1992320K), [Metaspace: 9141K->9141K(1058816K)], 0.0075420 secs] [Times: user=0.02 sys=0.00, real=0.01 secs] 
1.678: [Full GC (Last ditch collection) 1.678: [CMS: 1577K->1577K(1048576K), 0.0075421 secs] 1577K->1577K(1992320K), [Metaspace: 9141K->9141K(1058816K)], 0.0079083 secs] [Times: user=0.01 sys=0.00, real=0.01 secs] 
1.686: [GC (CMS Initial Mark) [1 CMS-initial-mark: 1577K(1048576K)] 1577K(1992320K), 0.0002940 secs] [Times: user=0.00 sys=0.00, real=0.00 secs] 
1.687: [CMS-concurrent-mark-start]
1.687: [Full GC (Metadata GC Threshold) 1.687: [CMS1.690: [CMS-concurrent-mark: 0.002/0.003 secs] [Times: user=0.00 sys=0.00, real=0.00 secs] 
 (concurrent mode failure): 1577K->1576K(1048576K), 0.0097427 secs] 18355K->1576K(1992320K), [Metaspace: 9141K->9141K(1058816K)], 0.0099192 secs] [Times: user=0.02 sys=0.00, real=0.01 secs] 
1.697: [Full GC (Last ditch collection) 1.697: [CMS: 1576K->1576K(1048576K), 0.0068293 secs] 1576K->1576K(1992320K), [Metaspace: 9141K->9141K(1058816K)], 0.0069773 secs] [Times: user=0.01 sys=0.00, real=0.00 secs] 
1.704: [Full GC (Metadata GC Threshold) 1.704: [CMS: 1576K->1576K(1048576K), 0.0065958 secs] 18354K->1576K(1992320K), [Metaspace: 9142K->9142K(1058816K)], 0.0067541 secs] [Times: user=0.01 sys=0.00, real=0.01 secs] 
1.711: [Full GC (Last ditch collection) 1.711: [CMS: 1576K->1576K(1048576K), 0.0069033 secs] 1576K->1576K(1992320K), [Metaspace: 9142K->9142K(1058816K)], 0.0070622 secs] [Times: user=0.02 sys=0.00, real=0.01 secs] 
1.719: [GC (CMS Initial Mark) [1 CMS-initial-mark: 1576K(1048576K)] 1576K(1992320K), 0.0002596 secs] [Times: user=0.00 sys=0.00, real=0.00 secs] 
1.719: [CMS-concurrent-mark-start]
1.719: [Full GC (Metadata GC Threshold) 1.719: [CMS1.722: [CMS-concurrent-mark: 0.002/0.003 secs] [Times: user=0.01 sys=0.00, real=0.00 secs] 
 (concurrent mode failure): 1576K->1582K(1048576K), 0.0093373 secs] 35133K->1582K(1992320K), [Metaspace: 9142K->9142K(1058816K)], 0.0095302 secs] [Times: user=0.02 sys=0.00, real=0.01 secs] 
1.729: [Full GC (Last ditch collection) 1.729: [CMS: 1582K->1580K(1048576K), 0.0069396 secs] 1582K->1580K(1992320K), [Metaspace: 9142K->9142K(1058816K)], 0.0071078 secs] [Times: user=0.02 sys=0.00, real=0.01 secs] 
1.737: [Full GC (Metadata GC Threshold) 1.737: [CMS: 1580K->1567K(1048576K), 0.0076178 secs] 18358K->1567K(1992320K), [Metaspace: 9142K->9142K(1058816K)], 0.0078249 secs] [Times: user=0.01 sys=0.00, real=0.00 secs] 
1.745: [Full GC (Last ditch collection) 1.745: [CMS: 1567K->1567K(1048576K), 0.0073356 secs] 1567K->1567K(1992320K), [Metaspace: 9142K->9142K(1058816K)], 0.0076938 secs] [Times: user=0.02 sys=0.00, real=0.01 secs] 
1.752: [GC (CMS Initial Mark) [1 CMS-initial-mark: 1567K(1048576K)] 1567K(1992320K), 0.0002250 secs] [Times: user=0.00 sys=0.00, real=0.00 secs] 
1.753: [CMS-concurrent-mark-start]
1.753: [Full GC (Metadata GC Threshold) 1.753: [CMS1.756: [CMS-concurrent-mark: 0.002/0.003 secs] [Times: user=0.01 sys=0.00, real=0.01 secs] 
 (concurrent mode failure): 1567K->1565K(1048576K), 0.0107160 secs] 18346K->1565K(1992320K), [Metaspace: 9142K->9142K(1058816K)], 0.0108925 secs] [Times: user=0.02 sys=0.00, real=0.01 secs] 
1.764: [Full GC (Last ditch collection) 1.764: [CMS: 1565K->1565K(1048576K), 0.0068866 secs] 1565K->1565K(1992320K), [Metaspace: 9142K->9142K(1058816K)], 0.0070550 secs] [Times: user=0.02 sys=0.00, real=0.01 secs] 
1.771: [Full GC (Metadata GC Threshold) 1.772: [CMS: 1565K->1565K(1048576K), 0.0072547 secs] 1565K->1565K(1992320K), [Metaspace: 9142K->9142K(1058816K)], 0.0074341 secs] [Times: user=0.01 sys=0.00, real=0.01 secs] 
1.779: [Full GC (Last ditch collection) 1.779: [CMS: 1565K->1565K(1048576K), 0.0078094 secs] 1565K->1565K(1992320K), [Metaspace: 9142K->9142K(1058816K)], 0.0079748 secs] [Times: user=0.02 sys=0.00, real=0.01 secs] 
1.787: [GC (CMS Initial Mark) [1 CMS-initial-mark: 1565K(1048576K)] 1565K(1992320K), 0.0002826 secs] [Times: user=0.00 sys=0.00, real=0.00 secs] 
1.788: [CMS-concurrent-mark-start]
1.788: [Full GC (Metadata GC Threshold) 1.788: [CMS1.790: [CMS-concurrent-mark: 0.002/0.003 secs] [Times: user=0.01 sys=0.00, real=0.00 secs] 
 (concurrent mode failure): 1565K->1570K(1048576K), 0.0090546 secs] 35122K->1570K(1992320K), [Metaspace: 9147K->9147K(1058816K)], 0.0092419 secs] [Times: user=0.02 sys=0.00, real=0.01 secs] 
1.797: [Full GC (Last ditch collection) 1.797: [CMS: 1570K->1568K(1048576K), 0.0070527 secs] 1570K->1568K(1992320K), [Metaspace: 9147K->9147K(1058816K)], 0.0073301 secs] [Times: user=0.02 sys=0.00, real=0.00 secs] 
1.805: [Full GC (Metadata GC Threshold) 1.805: [CMS: 1568K->1566K(1048576K), 0.0088792 secs] 18347K->1566K(1992320K), [Metaspace: 9147K->9147K(1058816K)], 0.0092980 secs] [Times: user=0.01 sys=0.00, real=0.00 secs] 
1.814: [Full GC (Last ditch collection) 1.814: [CMS: 1566K->1566K(1048576K), 0.0090289 secs] 1566K->1566K(1992320K), [Metaspace: 9147K->9147K(1058816K)], 0.0092933 secs] [Times: user=0.01 sys=0.00, real=0.01 secs] 
1.824: [GC (CMS Initial Mark) [1 CMS-initial-mark: 1566K(1048576K)] 1566K(1992320K), 0.0002959 secs] [Times: user=0.00 sys=0.00, real=0.00 secs] 
1.824: [CMS-concurrent-mark-start]
1.825: [Full GC (Metadata GC Threshold) 1.825: [CMS1.828: [CMS-concurrent-mark: 0.002/0.003 secs] [Times: user=0.01 sys=0.00, real=0.01 secs] 
 (concurrent mode failure): 1566K->1565K(1048576K), 0.0105722 secs] 1566K->1565K(1992320K), [Metaspace: 9147K->9147K(1058816K)], 0.0109309 secs] [Times: user=0.01 sys=0.00, real=0.01 secs] 
1.836: [Full GC (Last ditch collection) 1.836: [CMS: 1565K->1565K(1048576K), 0.0068175 secs] 1565K->1565K(1992320K), [Metaspace: 9147K->9147K(1058816K)], 0.0069950 secs] [Times: user=0.01 sys=0.00, real=0.00 secs] 
1.843: [Full GC (Metadata GC Threshold) 1.843: [CMS: 1565K->1565K(1048576K), 0.0071442 secs] 18344K->1565K(1992320K), [Metaspace: 9147K->9147K(1058816K)], 0.0073175 secs] [Times: user=0.01 sys=0.00, real=0.01 secs] 
1.850: [Full GC (Last ditch collection) 1.850: [CMS: 1565K->1565K(1048576K), 0.0069332 secs] 1565K->1565K(1992320K), [Metaspace: 9147K->9147K(1058816K)], 0.0070915 secs] [Times: user=0.01 sys=0.00, real=0.01 secs] 
1.858: [GC (CMS Initial Mark) [1 CMS-initial-mark: 1565K(1048576K)] 1565K(1992320K), 0.0002425 secs] [Times: user=0.00 sys=0.00, real=0.00 secs] 
1.858: [CMS-concurrent-mark-start]
1.859: [Full GC (Metadata GC Threshold) 1.859: [CMS1.861: [CMS-concurrent-mark: 0.002/0.003 secs] [Times: user=0.01 sys=0.00, real=0.00 secs] 
 (concurrent mode failure): 1565K->1571K(1048576K), 0.0090877 secs] 35122K->1571K(1992320K), [Metaspace: 9148K->9148K(1058816K)], 0.0094441 secs] [Times: user=0.01 sys=0.00, real=0.01 secs] 
1.868: [Full GC (Last ditch collection) 1.868: [CMS: 1571K->1569K(1048576K), 0.0068296 secs] 1571K->1569K(1992320K), [Metaspace: 9148K->9148K(1058816K)], 0.0071857 secs] [Times: user=0.01 sys=0.00, real=0.01 secs] 
Heap
 par new generation   total 943744K, used 33556K [0x000000077fe00000, 0x00000007bfe00000, 0x00000007bfe00000)
  eden space 838912K,   4% used [0x000000077fe00000, 0x0000000781ec5230, 0x00000007b3140000)
  from space 104832K,   0% used [0x00000007b3140000, 0x00000007b3140000, 0x00000007b97a0000)
  to   space 104832K,   0% used [0x00000007b97a0000, 0x00000007b97a0000, 0x00000007bfe00000)
 concurrent mark-sweep generation total 1048576K, used 1569K [0x00000007bfe00000, 0x00000007ffe00000, 0x00000007ffe00000)
 Metaspace       used 9148K, capacity 10102K, committed 10240K, reserved 1058816K
  class space    used 777K, capacity 809K, committed 896K, reserved 1048576K
1.876: [Full GC (Metadata GC Threshold) 1.876: [CMS: 1569K->1566K(1048576K), 0.0066774 secs] 35125K->1566K(1992320K), [Metaspace: 9148K->9148K(1058816K)], 0.0068407 secs] [Times: user=0.01 sys=0.00, real=0.00 secs] 
1.883: [Full GC (Last ditch collection) 1.883: [CMS: 1566K->1566K(1048576K), 0.0074693 secs] 1566K->1566K(1992320K), [Metaspace: 9148K->9148K(1058816K)], 0.0076495 secs] [Times: user=0.01 sys=0.00, real=0.01 secs] 
1.891: [GC (CMS Initial Mark) [1 CMS-initial-mark: 1566K(1048576K)] 1566K(1992320K), 0.0002960 secs] [Times: user=0.00 sys=0.00, real=0.00 secs] 
1.891: [CMS-concurrent-mark-start]
1.891: [Full GC (Metadata GC Threshold) 1.891: [CMS1.894: [CMS-concurrent-mark: 0.002/0.003 secs] [Times: user=0.00 sys=0.00, real=0.00 secs] 
 (concurrent mode failure): 1566K->1566K(1048576K), 0.0117131 secs] 1566K->1566K(1992320K), [Metaspace: 9148K->9148K(1058816K)], 0.0120740 secs] [Times: user=0.01 sys=0.00, real=0.01 secs] 
1.903: [Full GC (Last ditch collection) 1.904: [CMS: 1566K->1566K(1048576K), 0.0072732 secs] 1566K->1566K(1992320K), [Metaspace: 9148K->9148K(1058816K)], 0.0074597 secs] [Times: user=0.01 sys=0.00, real=0.01 secs] 
1.911: [Full GC (Metadata GC Threshold) 1.911: [CMS: 1566K->1566K(1048576K), 0.0088044 secs] 1566K->1566K(1992320K), [Metaspace: 9148K->9148K(1058816K)], 0.0089930 secs] [Times: user=0.01 sys=0.00, real=0.01 secs] 
1.920: [Full GC (Last ditch collection) 1.920: [CMS: 1566K->1566K(1048576K), 0.0077914 secs] 1566K->1566K(1992320K), [Metaspace: 9148K->9148K(1058816K)], 0.0081494 secs] [Times: user=0.01 sys=0.00, real=0.01 secs] 
1.929: [GC (CMS Initial Mark) [1 CMS-initial-mark: 1566K(1048576K)] 18344K(1992320K), 0.0003302 secs] [Times: user=0.00 sys=0.00, real=0.00 secs] 
1.929: [CMS-concurrent-mark-start]
1.930: [Full GC (Metadata GC Threshold) 1.930: [CMS1.933: [CMS-concurrent-mark: 0.003/0.004 secs] [Times: user=0.00 sys=0.00, real=0.00 secs] 
 (concurrent mode failure): 1566K->1571K(1048576K), 0.0106285 secs] 18344K->1571K(1992320K), [Metaspace: 9148K->9148K(1058816K)], 0.0113709 secs] [Times: user=0.01 sys=0.00, real=0.01 secs] 
1.941: [Full GC (Last ditch collection) 1.941: [CMS: 1571K->1569K(1048576K), 0.0086890 secs] 1571K->1569K(1992320K), [Metaspace: 9148K->9148K(1058816K)], 0.0091372 secs] [Times: user=0.01 sys=0.00, real=0.01 secs] 
1.951: [Full GC (Metadata GC Threshold) 1.951: [CMS: 1569K->1566K(1048576K), 0.0085317 secs] 18347K->1566K(1992320K), [Metaspace: 9148K->9148K(1058816K)], 0.0087674 secs] [Times: user=0.01 sys=0.00, real=0.01 secs] 
1.960: [Full GC (Last ditch collection) 1.960: [CMS: 1566K->1566K(1048576K), 0.0092379 secs] 1566K->1566K(1992320K), [Metaspace: 9148K->9148K(1058816K)], 0.0094099 secs] [Times: user=0.01 sys=0.00, real=0.01 secs] 
1.969: [GC (CMS Initial Mark) [1 CMS-initial-mark: 1566K(1048576K)] 1566K(1992320K), 0.0002163 secs] [Times: user=0.00 sys=0.00, real=0.00 secs] 
1.970: [CMS-concurrent-mark-start]
1.970: [Full GC (Metadata GC Threshold) 1.970: [CMS1.973: [CMS-concurrent-mark: 0.002/0.003 secs] [Times: user=0.01 sys=0.00, real=0.00 secs] 
 (concurrent mode failure): 1566K->1566K(1048576K), 0.0114766 secs] 1566K->1566K(1992320K), [Metaspace: 9148K->9148K(1058816K)], 0.0116812 secs] [Times: user=0.01 sys=0.00, real=0.01 secs] 
1.982: [Full GC (Last ditch collection) 1.982: [CMS: 1566K->1566K(1048576K), 0.0076611 secs] 1566K->1566K(1992320K), [Metaspace: 9148K->9148K(1058816K)], 0.0078285 secs] [Times: user=0.01 sys=0.00, real=0.01 secs] 
